#
# There is insufficient memory for the Java Runtime Environment to continue.
# Native memory allocation (malloc) failed to allocate 289376 bytes. Error detail: Chunk::new
# Possible reasons:
#   The system is out of physical RAM or swap space
#   This process is running with CompressedOops enabled, and the Java Heap may be blocking the growth of the native heap
# Possible solutions:
#   Reduce memory load on the system
#   Increase physical memory or swap space
#   Check if swap backing store is full
#   Decrease Java heap size (-Xmx/-Xms)
#   Decrease number of Java threads
#   Decrease Java thread stack sizes (-Xss)
#   Set larger code cache with -XX:ReservedCodeCacheSize=
#   JVM is running with Zero Based Compressed Oops mode in which the Java heap is
#     placed in the first 32GB address space. The Java Heap base address is the
#     maximum limit for the native heap growth. Please use -XX:HeapBaseMinAddress
#     to set the Java Heap base and to place the Java Heap above 32GB virtual address.
# This output file may be truncated or incomplete.
#
#  Out of Memory Error (arena.cpp:168), pid=19876, tid=17828
#
# JRE version: OpenJDK Runtime Environment Temurin-21.0.11+10 (21.0.11+10) (build 21.0.11+10-LTS)
# Java VM: OpenJDK 64-Bit Server VM Temurin-21.0.11+10 (21.0.11+10-LTS, mixed mode, sharing, tiered, compressed oops, compressed class ptrs, parallel gc, windows-amd64)
# No core dump will be written. Minidumps are not enabled by default on client versions of Windows
#

---------------  S U M M A R Y ------------

Command Line: --add-modules=ALL-SYSTEM --add-opens=java.base/java.util=ALL-UNNAMED --add-opens=java.base/java.lang=ALL-UNNAMED --add-opens=java.base/sun.nio.fs=ALL-UNNAMED -Declipse.application=org.eclipse.jdt.ls.core.id1 -Dosgi.bundles.defaultStartLevel=4 -Declipse.product=org.eclipse.jdt.ls.core.product -Djava.import.generatesMetadataFilesAtProjectRoot=false -DDetectVMInstallationsJob.disabled=true -Dfile.encoding=utf8 -XX:+UseParallelGC -XX:GCTimeRatio=4 -XX:AdaptiveSizePolicyWeight=90 -Dsun.zip.disableMemoryMapping=true -Xmx4G -Xms100m -Xlog:disable -javaagent:c:\Users\zakar\.vscode\extensions\redhat.java-1.55.0-win32-x64\lombok\lombok-1.18.39-4050.jar -XX:+HeapDumpOnOutOfMemoryError -XX:HeapDumpPath=c:\Users\zakar\AppData\Roaming\Code\User\workspaceStorage\bd5adb6d7e60b59cdb3dd6e214c1ffdd\redhat.java -Daether.dependencyCollector.impl=bf c:\Users\zakar\.vscode\extensions\redhat.java-1.55.0-win32-x64\server\plugins\org.eclipse.equinox.launcher_1.7.200.v20260619-2039.jar -configuration c:\Users\zakar\AppData\Roaming\Code\User\globalStorage\redhat.java\1.55.0\config_win -data c:\Users\zakar\AppData\Roaming\Code\User\workspaceStorage\bd5adb6d7e60b59cdb3dd6e214c1ffdd\redhat.java\jdt_ws --pipe=\\.\pipe\lsp-70ebb444fc01540bbf01b15588d05dfe-sock

Host: Intel(R) Core(TM) 5 120U, 12 cores, 15G,  Windows 11 , 64 bit Build 26100 (10.0.26100.8875)
Time: Mon Aug  3 15:30:58 2026 elapsed time: 401.098601 seconds (0d 0h 6m 41s)

---------------  T H R E A D  ---------------

Current thread (0x000001bb69009ed0):  JavaThread "C2 CompilerThread0" daemon [_thread_in_native, id=17828, stack(0x0000002c6ed00000,0x0000002c6ee00000) (1024K)]


Current CompileTask:
C2:401098 25106       4       java.util.regex.Pattern::compile (537 bytes)

Stack: [0x0000002c6ed00000,0x0000002c6ee00000]
Native frames: (J=compiled Java code, j=interpreted, Vv=VM code, C=native code)
V  [jvm.dll+0x6d7e19]
V  [jvm.dll+0x8b5096]
V  [jvm.dll+0x8b764e]
V  [jvm.dll+0x8b7d33]
V  [jvm.dll+0x284596]
V  [jvm.dll+0xc685d]
V  [jvm.dll+0xc6da1]
V  [jvm.dll+0x2fb4ee]
V  [jvm.dll+0x5fe9a4]
V  [jvm.dll+0x255d67]
V  [jvm.dll+0x25612d]
V  [jvm.dll+0x24e6a0]
V  [jvm.dll+0x24bbe6]
V  [jvm.dll+0x1cb4ae]
V  [jvm.dll+0x25baad]
V  [jvm.dll+0x25a03a]
V  [jvm.dll+0x3f868e]
V  [jvm.dll+0x85fb0d]
V  [jvm.dll+0x6d664d]
C  [ucrtbase.dll+0x2cd30]
C  [KERNEL32.DLL+0x2e957]
C  [ntdll.dll+0xaad6c]


---------------  P R O C E S S  ---------------

Threads class SMR info:
_java_thread_list=0x000001bb7ad44f30, length=87, elements={
0x000001bb06abb510, 0x000001bb21ece8c0, 0x000001bb690032f0, 0x000001bb69004f60,
0x000001bb69005bc0, 0x000001bb69008630, 0x000001bb69009090, 0x000001bb69009ed0,
0x000001bb690785b0, 0x000001bb6922cb30, 0x000001bb6944eb70, 0x000001bb69d3cda0,
0x000001bb69e59650, 0x000001bb69e487d0, 0x000001bb69dfd0f0, 0x000001bb69c1bb30,
0x000001bb6a4a3350, 0x000001bb6a0d55c0, 0x000001bb695f9be0, 0x000001bb695faf90,
0x000001bb695fb620, 0x000001bb695fa270, 0x000001bb695f9550, 0x000001bb6bcb2cf0,
0x000001bb6bcb2660, 0x000001bb6bcaf870, 0x000001bb6bcb1940, 0x000001bb6bcb0590,
0x000001bb6bcb0c20, 0x000001bb6bcb12b0, 0x000001bb6bcb1fd0, 0x000001bb6bcaff00,
0x000001bb6ae4c310, 0x000001bb6ae4a8d0, 0x000001bb6ae4af60, 0x000001bb6ae49bb0,
0x000001bb6ae4bc80, 0x000001bb6ae4c9a0, 0x000001bb6ae4d6c0, 0x000001bb6ae4a240,
0x000001bb6ae4f100, 0x000001bb6ae4ea70, 0x000001bb6ae4e3e0, 0x000001bb6ae4fe20,
0x000001bb6ae504b0, 0x000001bb69983fd0, 0x000001bb69985380, 0x000001bb69985a10,
0x000001bb69987450, 0x000001bb699860a0, 0x000001bb69986730, 0x000001bb69986dc0,
0x000001bb69984cf0, 0x000001bb6998af60, 0x000001bb6f9467b0, 0x000001bb6f945a90,
0x000001bb6f944050, 0x000001bb6f944d70, 0x000001bb695fbcb0, 0x000001bb695fa900,
0x000001bb6ae4dd50, 0x000001bb6c4b4a70, 0x000001bb6c4b3d50, 0x000001bb6c4b3030,
0x000001bb6c4b43e0, 0x000001bb6c4b2310, 0x000001bb6c4b5790, 0x000001bb6c4b6b40,
0x000001bb6c4b36c0, 0x000001bb6c4b7ef0, 0x000001bb6c4b71d0, 0x000001bb6c4b7860,
0x000001bb6c4b8580, 0x000001bb6fcca6c0, 0x000001bb6fccdb40, 0x000001bb6fcce1d0,
0x000001bb6fccad50, 0x000001bb6fccce20, 0x000001bb6fcce860, 0x000001bb6fccba70,
0x000001bb6fccb3e0, 0x000001bb6fcceef0, 0x000001bb6fccf580, 0x000001bb6f64cab0,
0x000001bb6f64b070, 0x000001bb69987ae0, 0x000001bb69984660
}

Java Threads: ( => current thread )
  0x000001bb06abb510 JavaThread "main"                              [_thread_blocked, id=18244, stack(0x0000002c6e300000,0x0000002c6e400000) (1024K)]
  0x000001bb21ece8c0 JavaThread "Reference Handler"          daemon [_thread_blocked, id=27620, stack(0x0000002c6e700000,0x0000002c6e800000) (1024K)]
  0x000001bb690032f0 JavaThread "Finalizer"                  daemon [_thread_blocked, id=20864, stack(0x0000002c6e800000,0x0000002c6e900000) (1024K)]
  0x000001bb69004f60 JavaThread "Signal Dispatcher"          daemon [_thread_blocked, id=17784, stack(0x0000002c6e900000,0x0000002c6ea00000) (1024K)]
  0x000001bb69005bc0 JavaThread "Attach Listener"            daemon [_thread_blocked, id=29184, stack(0x0000002c6ea00000,0x0000002c6eb00000) (1024K)]
  0x000001bb69008630 JavaThread "Service Thread"             daemon [_thread_blocked, id=20460, stack(0x0000002c6eb00000,0x0000002c6ec00000) (1024K)]
  0x000001bb69009090 JavaThread "Monitor Deflation Thread"   daemon [_thread_blocked, id=11464, stack(0x0000002c6ec00000,0x0000002c6ed00000) (1024K)]
=>0x000001bb69009ed0 JavaThread "C2 CompilerThread0"         daemon [_thread_in_native, id=17828, stack(0x0000002c6ed00000,0x0000002c6ee00000) (1024K)]
  0x000001bb690785b0 JavaThread "C1 CompilerThread0"         daemon [_thread_blocked, id=18256, stack(0x0000002c6ee00000,0x0000002c6ef00000) (1024K)]
  0x000001bb6922cb30 JavaThread "Common-Cleaner"             daemon [_thread_blocked, id=19072, stack(0x0000002c6f000000,0x0000002c6f100000) (1024K)]
  0x000001bb6944eb70 JavaThread "Notification Thread"        daemon [_thread_blocked, id=228, stack(0x0000002c6f100000,0x0000002c6f200000) (1024K)]
  0x000001bb69d3cda0 JavaThread "Active Thread: Equinox Container: 3925ea05-3d17-4e45-b871-95a2e46cd242"        [_thread_blocked, id=22364, stack(0x0000002c6f900000,0x0000002c6fa00000) (1024K)]
  0x000001bb69e59650 JavaThread "Refresh Thread: Equinox Container: 3925ea05-3d17-4e45-b871-95a2e46cd242" daemon [_thread_blocked, id=16096, stack(0x0000002c6fb00000,0x0000002c6fc00000) (1024K)]
  0x000001bb69e487d0 JavaThread "Framework Event Dispatcher: Equinox Container: 3925ea05-3d17-4e45-b871-95a2e46cd242" daemon [_thread_blocked, id=30388, stack(0x0000002c6ef00000,0x0000002c6f000000) (1024K)]
  0x000001bb69dfd0f0 JavaThread "Start Level: Equinox Container: 3925ea05-3d17-4e45-b871-95a2e46cd242" daemon [_thread_blocked, id=6744, stack(0x0000002c6f200000,0x0000002c6f300000) (1024K)]
  0x000001bb69c1bb30 JavaThread "Bundle File Closer"         daemon [_thread_blocked, id=29324, stack(0x0000002c6ff00000,0x0000002c70000000) (1024K)]
  0x000001bb6a4a3350 JavaThread "SCR Component Actor"        daemon [_thread_blocked, id=704, stack(0x0000002c6fc00000,0x0000002c6fd00000) (1024K)]
  0x000001bb6a0d55c0 JavaThread "Worker-JM"                         [_thread_blocked, id=24912, stack(0x0000002c70200000,0x0000002c70300000) (1024K)]
  0x000001bb695f9be0 JavaThread "JNA Cleaner"                daemon [_thread_blocked, id=6592, stack(0x0000002c70100000,0x0000002c70200000) (1024K)]
  0x000001bb695faf90 JavaThread "Worker-2: Initialize workspace"        [_thread_blocked, id=24616, stack(0x0000002c70500000,0x0000002c70600000) (1024K)]
  0x000001bb695fb620 JavaThread "Java indexing"              daemon [_thread_blocked, id=27840, stack(0x0000002c70700000,0x0000002c70800000) (1024K)]
  0x000001bb695fa270 JavaThread "Thread-1"                   daemon [_thread_in_native, id=27112, stack(0x0000002c70c00000,0x0000002c70d00000) (1024K)]
  0x000001bb695f9550 JavaThread "Thread-2"                   daemon [_thread_in_native, id=4856, stack(0x0000002c70d00000,0x0000002c70e00000) (1024K)]
  0x000001bb6bcb2cf0 JavaThread "Thread-3"                   daemon [_thread_in_native, id=29656, stack(0x0000002c70e00000,0x0000002c70f00000) (1024K)]
  0x000001bb6bcb2660 JavaThread "Thread-4"                   daemon [_thread_in_native, id=25000, stack(0x0000002c70f00000,0x0000002c71000000) (1024K)]
  0x000001bb6bcaf870 JavaThread "Thread-5"                   daemon [_thread_in_native, id=32692, stack(0x0000002c71000000,0x0000002c71100000) (1024K)]
  0x000001bb6bcb1940 JavaThread "Thread-6"                   daemon [_thread_in_native, id=30884, stack(0x0000002c71100000,0x0000002c71200000) (1024K)]
  0x000001bb6bcb0590 JavaThread "Thread-7"                   daemon [_thread_in_native, id=14180, stack(0x0000002c71200000,0x0000002c71300000) (1024K)]
  0x000001bb6bcb0c20 JavaThread "Thread-8"                   daemon [_thread_in_native, id=26492, stack(0x0000002c71300000,0x0000002c71400000) (1024K)]
  0x000001bb6bcb12b0 JavaThread "Thread-9"                   daemon [_thread_in_native, id=2124, stack(0x0000002c71400000,0x0000002c71500000) (1024K)]
  0x000001bb6bcb1fd0 JavaThread "Thread-10"                  daemon [_thread_in_native, id=26936, stack(0x0000002c71500000,0x0000002c71600000) (1024K)]
  0x000001bb6bcaff00 JavaThread "Thread-11"                  daemon [_thread_in_native, id=8412, stack(0x0000002c71600000,0x0000002c71700000) (1024K)]
  0x000001bb6ae4c310 JavaThread "Thread-12"                  daemon [_thread_in_native, id=24232, stack(0x0000002c71700000,0x0000002c71800000) (1024K)]
  0x000001bb6ae4a8d0 JavaThread "Thread-13"                  daemon [_thread_in_native, id=14320, stack(0x0000002c71800000,0x0000002c71900000) (1024K)]
  0x000001bb6ae4af60 JavaThread "pool-2-thread-1"                   [_thread_blocked, id=25788, stack(0x0000002c71900000,0x0000002c71a00000) (1024K)]
  0x000001bb6ae49bb0 JavaThread "WorkspaceEventsHandler"            [_thread_blocked, id=20388, stack(0x0000002c71a00000,0x0000002c71b00000) (1024K)]
  0x000001bb6ae4bc80 JavaThread "pool-1-thread-1"                   [_thread_blocked, id=25228, stack(0x0000002c71b00000,0x0000002c71c00000) (1024K)]
  0x000001bb6ae4c9a0 JavaThread "Timer-0"                           [_thread_blocked, id=31180, stack(0x0000002c71d00000,0x0000002c71e00000) (1024K)]
  0x000001bb6ae4d6c0 JavaThread "ForkJoinPool.commonPool-worker-3" daemon [_thread_blocked, id=27436, stack(0x0000002c72000000,0x0000002c72100000) (1024K)]
  0x000001bb6ae4a240 JavaThread "ForkJoinPool.commonPool-worker-4" daemon [_thread_blocked, id=30692, stack(0x0000002c72100000,0x0000002c72200000) (1024K)]
  0x000001bb6ae4f100 JavaThread "ForkJoinPool.commonPool-worker-5" daemon [_thread_blocked, id=27496, stack(0x0000002c72200000,0x0000002c72300000) (1024K)]
  0x000001bb6ae4ea70 JavaThread "PatternSearchJob-worker-1"  daemon [_thread_blocked, id=24560, stack(0x0000002c72500000,0x0000002c72600000) (1024K)]
  0x000001bb6ae4e3e0 JavaThread "PatternSearchJob-worker-2"  daemon [_thread_blocked, id=23372, stack(0x0000002c72600000,0x0000002c72700000) (1024K)]
  0x000001bb6ae4fe20 JavaThread "PatternSearchJob-worker-3"  daemon [_thread_blocked, id=3084, stack(0x0000002c72700000,0x0000002c72800000) (1024K)]
  0x000001bb6ae504b0 JavaThread "PatternSearchJob-worker-4"  daemon [_thread_blocked, id=32068, stack(0x0000002c72800000,0x0000002c72900000) (1024K)]
  0x000001bb69983fd0 JavaThread "PatternSearchJob-worker-5"  daemon [_thread_blocked, id=24664, stack(0x0000002c72900000,0x0000002c72a00000) (1024K)]
  0x000001bb69985380 JavaThread "PatternSearchJob-worker-6"  daemon [_thread_blocked, id=12920, stack(0x0000002c72a00000,0x0000002c72b00000) (1024K)]
  0x000001bb69985a10 JavaThread "PatternSearchJob-worker-7"  daemon [_thread_blocked, id=29508, stack(0x0000002c72b00000,0x0000002c72c00000) (1024K)]
  0x000001bb69987450 JavaThread "PatternSearchJob-worker-8"  daemon [_thread_blocked, id=28760, stack(0x0000002c72c00000,0x0000002c72d00000) (1024K)]
  0x000001bb699860a0 JavaThread "PatternSearchJob-worker-9"  daemon [_thread_blocked, id=11756, stack(0x0000002c72d00000,0x0000002c72e00000) (1024K)]
  0x000001bb69986730 JavaThread "PatternSearchJob-worker-10" daemon [_thread_blocked, id=24480, stack(0x0000002c72e00000,0x0000002c72f00000) (1024K)]
  0x000001bb69986dc0 JavaThread "PatternSearchJob-worker-11" daemon [_thread_blocked, id=17612, stack(0x0000002c72f00000,0x0000002c73000000) (1024K)]
  0x000001bb69984cf0 JavaThread "ForkJoinPool.commonPool-worker-10" daemon [_thread_blocked, id=2636, stack(0x0000002c73300000,0x0000002c73400000) (1024K)]
  0x000001bb6998af60 JavaThread "ForkJoinPool.commonPool-worker-11" daemon [_thread_blocked, id=28764, stack(0x0000002c73400000,0x0000002c73500000) (1024K)]
  0x000001bb6f9467b0 JavaThread "Compiler Source File Reader" daemon [_thread_blocked, id=26272, stack(0x0000002c70300000,0x0000002c70400000) (1024K)]
  0x000001bb6f945a90 JavaThread "Compiler Source File Reader" daemon [_thread_blocked, id=27488, stack(0x0000002c70400000,0x0000002c70500000) (1024K)]
  0x000001bb6f944050 JavaThread "Compiler Source File Reader" daemon [_thread_blocked, id=2100, stack(0x0000002c70600000,0x0000002c70700000) (1024K)]
  0x000001bb6f944d70 JavaThread "Compiler Source File Reader" daemon [_thread_blocked, id=30996, stack(0x0000002c72400000,0x0000002c72500000) (1024K)]
  0x000001bb695fbcb0 JavaThread "Compiler Source File Reader" daemon [_thread_blocked, id=6848, stack(0x0000002c73500000,0x0000002c73600000) (1024K)]
  0x000001bb695fa900 JavaThread "Compiler Source File Reader" daemon [_thread_blocked, id=4148, stack(0x0000002c73600000,0x0000002c73700000) (1024K)]
  0x000001bb6ae4dd50 JavaThread "Compiler Source File Reader" daemon [_thread_blocked, id=11592, stack(0x0000002c73700000,0x0000002c73800000) (1024K)]
  0x000001bb6c4b4a70 JavaThread "Compiler Source File Reader" daemon [_thread_blocked, id=25640, stack(0x0000002c73800000,0x0000002c73900000) (1024K)]
  0x000001bb6c4b3d50 JavaThread "Compiler Source File Reader" daemon [_thread_blocked, id=30956, stack(0x0000002c73900000,0x0000002c73a00000) (1024K)]
  0x000001bb6c4b3030 JavaThread "Compiler Source File Reader" daemon [_thread_blocked, id=25976, stack(0x0000002c73a00000,0x0000002c73b00000) (1024K)]
  0x000001bb6c4b43e0 JavaThread "LocalFile Deleter"          daemon [_thread_blocked, id=25584, stack(0x0000002c73c00000,0x0000002c73d00000) (1024K)]
  0x000001bb6c4b2310 JavaThread "LocalFile Deleter"          daemon [_thread_blocked, id=21664, stack(0x0000002c73d00000,0x0000002c73e00000) (1024K)]
  0x000001bb6c4b5790 JavaThread "LocalFile Deleter"          daemon [_thread_blocked, id=10692, stack(0x0000002c73e00000,0x0000002c73f00000) (1024K)]
  0x000001bb6c4b6b40 JavaThread "LocalFile Deleter"          daemon [_thread_blocked, id=27048, stack(0x0000002c74100000,0x0000002c74200000) (1024K)]
  0x000001bb6c4b36c0 JavaThread "LocalFile Deleter"          daemon [_thread_blocked, id=17768, stack(0x0000002c74200000,0x0000002c74300000) (1024K)]
  0x000001bb6c4b7ef0 JavaThread "LocalFile Deleter"          daemon [_thread_blocked, id=24248, stack(0x0000002c74300000,0x0000002c74400000) (1024K)]
  0x000001bb6c4b71d0 JavaThread "LocalFile Deleter"          daemon [_thread_blocked, id=5824, stack(0x0000002c70000000,0x0000002c70100000) (1024K)]
  0x000001bb6c4b7860 JavaThread "LocalFile Deleter"          daemon [_thread_blocked, id=10028, stack(0x0000002c74400000,0x0000002c74500000) (1024K)]
  0x000001bb6c4b8580 JavaThread "LocalFile Deleter"          daemon [_thread_blocked, id=27460, stack(0x0000002c74500000,0x0000002c74600000) (1024K)]
  0x000001bb6fcca6c0 JavaThread "Compiler Class File Writer" daemon [_thread_blocked, id=6196, stack(0x0000002c74900000,0x0000002c74a00000) (1024K)]
  0x000001bb6fccdb40 JavaThread "Compiler Class File Writer" daemon [_thread_blocked, id=31084, stack(0x0000002c74a00000,0x0000002c74b00000) (1024K)]
  0x000001bb6fcce1d0 JavaThread "Compiler Class File Writer" daemon [_thread_blocked, id=25768, stack(0x0000002c74b00000,0x0000002c74c00000) (1024K)]
  0x000001bb6fccad50 JavaThread "Compiler Class File Writer" daemon [_thread_blocked, id=17740, stack(0x0000002c74c00000,0x0000002c74d00000) (1024K)]
  0x000001bb6fccce20 JavaThread "Compiler Class File Writer" daemon [_thread_blocked, id=25140, stack(0x0000002c74d00000,0x0000002c74e00000) (1024K)]
  0x000001bb6fcce860 JavaThread "Compiler Class File Writer" daemon [_thread_blocked, id=26568, stack(0x0000002c74e00000,0x0000002c74f00000) (1024K)]
  0x000001bb6fccba70 JavaThread "Compiler Class File Writer" daemon [_thread_blocked, id=31652, stack(0x0000002c74f00000,0x0000002c75000000) (1024K)]
  0x000001bb6fccb3e0 JavaThread "Compiler Class File Writer" daemon [_thread_blocked, id=13120, stack(0x0000002c75000000,0x0000002c75100000) (1024K)]
  0x000001bb6fcceef0 JavaThread "Compiler Class File Writer" daemon [_thread_blocked, id=6064, stack(0x0000002c75100000,0x0000002c75200000) (1024K)]
  0x000001bb6fccf580 JavaThread "Compiler Class File Writer" daemon [_thread_blocked, id=10960, stack(0x0000002c75200000,0x0000002c75300000) (1024K)]
  0x000001bb6f64cab0 JavaThread "Worker-7"                          [_thread_blocked, id=28840, stack(0x0000002c70900000,0x0000002c70a00000) (1024K)]
  0x000001bb6f64b070 JavaThread "Worker-8"                          [_thread_blocked, id=25332, stack(0x0000002c70b00000,0x0000002c70c00000) (1024K)]
  0x000001bb69987ae0 JavaThread "Connection worker"                 [_thread_in_native, id=26880, stack(0x0000002c6e000000,0x0000002c6e100000) (1024K)]
  0x000001bb69984660 JavaThread "pool-31-thread-1"                  [_thread_blocked, id=26832, stack(0x0000002c6e100000,0x0000002c6e200000) (1024K)]
Total: 87

Other Threads:
  0x000001bb21eb47b0 VMThread "VM Thread"                           [id=21928, stack(0x0000002c6e600000,0x0000002c6e700000) (1024K)]
  0x000001bb21daca00 WatcherThread "VM Periodic Task Thread"        [id=12932, stack(0x0000002c6e500000,0x0000002c6e600000) (1024K)]
  0x000001bb06ada970 WorkerThread "GC Thread#0"                     [id=29288, stack(0x0000002c6e400000,0x0000002c6e500000) (1024K)]
  0x000001bb6956ae30 WorkerThread "GC Thread#1"                     [id=6264, stack(0x0000002c6f300000,0x0000002c6f400000) (1024K)]
  0x000001bb696d5880 WorkerThread "GC Thread#2"                     [id=31140, stack(0x0000002c6f400000,0x0000002c6f500000) (1024K)]
  0x000001bb69569fc0 WorkerThread "GC Thread#3"                     [id=18192, stack(0x0000002c6f500000,0x0000002c6f600000) (1024K)]
  0x000001bb6956a370 WorkerThread "GC Thread#4"                     [id=19832, stack(0x0000002c6f600000,0x0000002c6f700000) (1024K)]
  0x000001bb6956a720 WorkerThread "GC Thread#5"                     [id=1832, stack(0x0000002c6f700000,0x0000002c6f800000) (1024K)]
  0x000001bb6983c7a0 WorkerThread "GC Thread#6"                     [id=17684, stack(0x0000002c6f800000,0x0000002c6f900000) (1024K)]
  0x000001bb69ddbf80 WorkerThread "GC Thread#7"                     [id=26792, stack(0x0000002c6fa00000,0x0000002c6fb00000) (1024K)]
  0x000001bb6a3ce4a0 WorkerThread "GC Thread#8"                     [id=29888, stack(0x0000002c6fd00000,0x0000002c6fe00000) (1024K)]
  0x000001bb6a3ce850 WorkerThread "GC Thread#9"                     [id=24416, stack(0x0000002c6fe00000,0x0000002c6ff00000) (1024K)]
Total: 12

Threads with active compile tasks:
C2 CompilerThread0  401131 25106       4       java.util.regex.Pattern::compile (537 bytes)
Total: 1

VM state: not at safepoint (normal execution)

VM Mutex/Monitor currently owned by a thread: None

Heap address: 0x0000000700000000, size: 4096 MB, Compressed Oops mode: Zero based, Oop shift amount: 3

CDS archive(s) mapped at: [0x000001bb22000000-0x000001bb22ba0000-0x000001bb22ba0000), size 12189696, SharedBaseAddress: 0x000001bb22000000, ArchiveRelocationMode: 1.
Compressed class space mapped at: 0x000001bb23000000-0x000001bb63000000, reserved size: 1073741824
Narrow klass base: 0x000001bb22000000, Narrow klass shift: 0, Narrow klass range: 0x100000000

GC Precious Log:
 CardTable entry size: 512
 CPUs: 12 total, 12 available
 Memory: 16068M
 Large Page Support: Disabled
 NUMA Support: Disabled
 Compressed Oops: Enabled (Zero based)
 Alignments: Space 512K, Generation 512K, Heap 2M
 Heap Min Capacity: 100M
 Heap Initial Capacity: 100M
 Heap Max Capacity: 4G
 Pre-touch: Disabled
 Parallel Workers: 10

Heap:
 PSYoungGen      total 15872K, used 3224K [0x00000007aab00000, 0x00000007abf80000, 0x0000000800000000)
  eden space 15360K, 18% used [0x00000007aab00000,0x00000007aadd6030,0x00000007aba00000)
  from space 512K, 62% used [0x00000007abf00000,0x00000007abf50000,0x00000007abf80000)
  to   space 512K, 0% used [0x00000007abe80000,0x00000007abe80000,0x00000007abf00000)
 ParOldGen       total 415232K, used 415212K [0x0000000700000000, 0x0000000719580000, 0x00000007aab00000)
  object space 415232K, 99% used [0x0000000700000000,0x000000071957b228,0x0000000719580000)
 Metaspace       used 86276K, committed 88000K, reserved 1179648K
  class space    used 9169K, committed 9984K, reserved 1048576K

Card table byte_map: [0x000001bb18cc0000,0x000001bb194d0000] _byte_map_base: 0x000001bb154c0000

Marking Bits: (ParMarkBitMap*) 0x00007ffd31204460
 Begin Bits: [0x000001bb194d0000, 0x000001bb1d4d0000)
 End Bits:   [0x000001bb1d4d0000, 0x000001bb214d0000)

Polling page: 0x000001bb04880000

Metaspace:

Usage:
  Non-class:     75.30 MB used.
      Class:      8.95 MB used.
       Both:     84.25 MB used.

Virtual space:
  Non-class space:      128.00 MB reserved,      76.19 MB ( 60%) committed,  2 nodes.
      Class space:        1.00 GB reserved,       9.75 MB ( <1%) committed,  1 nodes.
             Both:        1.12 GB reserved,      85.94 MB (  7%) committed. 

Chunk freelists:
   Non-Class:  3.70 MB
       Class:  6.17 MB
        Both:  9.87 MB

MaxMetaspaceSize: unlimited
CompressedClassSpaceSize: 1.00 GB
Initial GC threshold: 21.00 MB
Current GC threshold: 140.88 MB
CDS: on
 - commit_granule_bytes: 65536.
 - commit_granule_words: 8192.
 - virtual_space_node_default_size: 8388608.
 - enlarge_chunks_in_place: 1.
 - use_allocation_guard: 0.


Internal statistics:

num_allocs_failed_limit: 15.
num_arena_births: 1654.
num_arena_deaths: 32.
num_vsnodes_births: 3.
num_vsnodes_deaths: 0.
num_space_committed: 1375.
num_space_uncommitted: 0.
num_chunks_returned_to_freelist: 53.
num_chunks_taken_from_freelist: 5625.
num_chunk_merges: 13.
num_chunk_splits: 3438.
num_chunks_enlarged: 1974.
num_inconsistent_stats: 0.

CodeHeap 'non-profiled nmethods': size=120000Kb used=21113Kb max_used=31282Kb free=98886Kb
 bounds [0x000001bb11790000, 0x000001bb13620000, 0x000001bb18cc0000]
CodeHeap 'profiled nmethods': size=120000Kb used=21130Kb max_used=48620Kb free=98869Kb
 bounds [0x000001bb09cc0000, 0x000001bb0cc40000, 0x000001bb111f0000]
CodeHeap 'non-nmethods': size=5760Kb used=1502Kb max_used=1604Kb free=4257Kb
 bounds [0x000001bb111f0000, 0x000001bb11460000, 0x000001bb11790000]
CodeCache: size=245760Kb, used=43745Kb, max_used=81506Kb, free=202012Kb
 total_blobs=12127, nmethods=11310, adapters=721, full_count=0
Compilation: enabled, stopped_count=0, restarted_count=0

Compilation events (20 events):
Event: 396.960 Thread 0x000001bb690785b0 nmethod 25102 0x000001bb0a6a1a10 code [0x000001bb0a6a1c00, 0x000001bb0a6a2140]
Event: 396.960 Thread 0x000001bb690785b0 25103       3       java.util.UUID::equals (51 bytes)
Event: 396.961 Thread 0x000001bb690785b0 nmethod 25103 0x000001bb0ade6b90 code [0x000001bb0ade6d40, 0x000001bb0ade70a0]
Event: 396.963 Thread 0x000001bb69009ed0 25104       4       java.net.URLStreamHandler::parseURL (1124 bytes)
Event: 397.027 Thread 0x000001bb69009ed0 nmethod 25104 0x000001bb12309390 code [0x000001bb123099a0, 0x000001bb1230cb50]
Event: 397.027 Thread 0x000001bb69009ed0 25105       4       sun.net.www.protocol.file.Handler::parseURL (18 bytes)
Event: 397.035 Thread 0x000001bb69009ed0 nmethod 25105 0x000001bb11a1b910 code [0x000001bb11a1bae0, 0x000001bb11a1c030]
Event: 399.063 Thread 0x000001bb69009ed0 25106       4       java.util.regex.Pattern::compile (537 bytes)
Event: 399.065 Thread 0x000001bb690785b0 25108       3       org.gradle.cli.CommandLineParser$OptionAwareParserState::maybeStartOption (6 bytes)
Event: 399.065 Thread 0x000001bb690785b0 nmethod 25108 0x000001bb0a5e2190 code [0x000001bb0a5e2380, 0x000001bb0a5e2848]
Event: 399.065 Thread 0x000001bb690785b0 25109       3       java.util.regex.Pattern::addFlag (217 bytes)
Event: 399.066 Thread 0x000001bb690785b0 nmethod 25109 0x000001bb0a156b90 code [0x000001bb0a156da0, 0x000001bb0a157388]
Event: 399.069 Thread 0x000001bb690785b0 25110       3       org.gradle.internal.service.DefaultServiceRegistry::access$1500 (6 bytes)
Event: 399.069 Thread 0x000001bb690785b0 nmethod 25110 0x000001bb0a692f10 code [0x000001bb0a6930c0, 0x000001bb0a6931d8]
Event: 399.073 Thread 0x000001bb690785b0 25111       3       org.gradle.launcher.daemon.registry.DaemonStopEvent::<init> (26 bytes)
Event: 399.073 Thread 0x000001bb690785b0 nmethod 25111 0x000001bb0ade4090 code [0x000001bb0ade4240, 0x000001bb0ade4408]
Event: 399.073 Thread 0x000001bb690785b0 25112       3       org.gradle.launcher.daemon.registry.DaemonStopEvent$Serializer::read (6 bytes)
Event: 399.074 Thread 0x000001bb690785b0 nmethod 25112 0x000001bb0a9b9d90 code [0x000001bb0a9b9f40, 0x000001bb0a9ba098]
Event: 399.074 Thread 0x000001bb690785b0 25113       3       java.io.DataOutputStream::flush (8 bytes)
Event: 399.074 Thread 0x000001bb690785b0 nmethod 25113 0x000001bb0adeda90 code [0x000001bb0adedc40, 0x000001bb0adede20]

GC Heap History (20 events):
Event: 317.675 GC heap before
{Heap before GC invocations=5939 (full 7):
 PSYoungGen      total 14848K, used 14823K [0x00000007aab00000, 0x00000007ac800000, 0x0000000800000000)
  eden space 12288K, 100% used [0x00000007aab00000,0x00000007ab700000,0x00000007ab700000)
  from space 2560K, 99% used [0x00000007abd80000,0x00000007abff9f20,0x00000007ac000000)
  to   space 6656K, 0% used [0x00000007ab700000,0x00000007ab700000,0x00000007abd80000)
 ParOldGen       total 392704K, used 392378K [0x0000000700000000, 0x0000000717f80000, 0x00000007aab00000)
  object space 392704K, 99% used [0x0000000700000000,0x0000000717f2ea48,0x0000000717f80000)
 Metaspace       used 85737K, committed 87488K, reserved 1179648K
  class space    used 9098K, committed 9920K, reserved 1048576K
}
Event: 317.678 GC heap after
{Heap after GC invocations=5939 (full 7):
 PSYoungGen      total 18944K, used 3275K [0x00000007aab00000, 0x00000007ac280000, 0x0000000800000000)
  eden space 12288K, 0% used [0x00000007aab00000,0x00000007aab00000,0x00000007ab700000)
  from space 6656K, 49% used [0x00000007ab700000,0x00000007aba32f08,0x00000007abd80000)
  to   space 4608K, 0% used [0x00000007abe00000,0x00000007abe00000,0x00000007ac280000)
 ParOldGen       total 394752K, used 394710K [0x0000000700000000, 0x0000000718180000, 0x00000007aab00000)
  object space 394752K, 99% used [0x0000000700000000,0x00000007181759e0,0x0000000718180000)
 Metaspace       used 85737K, committed 87488K, reserved 1179648K
  class space    used 9098K, committed 9920K, reserved 1048576K
}
Event: 317.718 GC heap before
{Heap before GC invocations=5940 (full 7):
 PSYoungGen      total 18944K, used 15563K [0x00000007aab00000, 0x00000007ac280000, 0x0000000800000000)
  eden space 12288K, 100% used [0x00000007aab00000,0x00000007ab700000,0x00000007ab700000)
  from space 6656K, 49% used [0x00000007ab700000,0x00000007aba32f08,0x00000007abd80000)
  to   space 4608K, 0% used [0x00000007abe00000,0x00000007abe00000,0x00000007ac280000)
 ParOldGen       total 394752K, used 394710K [0x0000000700000000, 0x0000000718180000, 0x00000007aab00000)
  object space 394752K, 99% used [0x0000000700000000,0x00000007181759e0,0x0000000718180000)
 Metaspace       used 85737K, committed 87488K, reserved 1179648K
  class space    used 9098K, committed 9920K, reserved 1048576K
}
Event: 317.722 GC heap after
{Heap after GC invocations=5940 (full 7):
 PSYoungGen      total 18944K, used 3909K [0x00000007aab00000, 0x00000007ac200000, 0x0000000800000000)
  eden space 14848K, 0% used [0x00000007aab00000,0x00000007aab00000,0x00000007ab980000)
  from space 4096K, 95% used [0x00000007abe00000,0x00000007ac1d16f0,0x00000007ac200000)
  to   space 4096K, 0% used [0x00000007aba00000,0x00000007aba00000,0x00000007abe00000)
 ParOldGen       total 397824K, used 397800K [0x0000000700000000, 0x0000000718480000, 0x00000007aab00000)
  object space 397824K, 99% used [0x0000000700000000,0x000000071847a2a8,0x0000000718480000)
 Metaspace       used 85737K, committed 87488K, reserved 1179648K
  class space    used 9098K, committed 9920K, reserved 1048576K
}
Event: 317.770 GC heap before
{Heap before GC invocations=5941 (full 7):
 PSYoungGen      total 18944K, used 18757K [0x00000007aab00000, 0x00000007ac200000, 0x0000000800000000)
  eden space 14848K, 100% used [0x00000007aab00000,0x00000007ab980000,0x00000007ab980000)
  from space 4096K, 95% used [0x00000007abe00000,0x00000007ac1d16f0,0x00000007ac200000)
  to   space 4096K, 0% used [0x00000007aba00000,0x00000007aba00000,0x00000007abe00000)
 ParOldGen       total 397824K, used 397800K [0x0000000700000000, 0x0000000718480000, 0x00000007aab00000)
  object space 397824K, 99% used [0x0000000700000000,0x000000071847a2a8,0x0000000718480000)
 Metaspace       used 85737K, committed 87488K, reserved 1179648K
  class space    used 9098K, committed 9920K, reserved 1048576K
}
Event: 317.774 GC heap after
{Heap after GC invocations=5941 (full 7):
 PSYoungGen      total 19456K, used 2386K [0x00000007aab00000, 0x00000007ac280000, 0x0000000800000000)
  eden space 15360K, 0% used [0x00000007aab00000,0x00000007aab00000,0x00000007aba00000)
  from space 4096K, 58% used [0x00000007aba00000,0x00000007abc54b58,0x00000007abe00000)
  to   space 3072K, 0% used [0x00000007abf80000,0x00000007abf80000,0x00000007ac280000)
 ParOldGen       total 401920K, used 401593K [0x0000000700000000, 0x0000000718880000, 0x00000007aab00000)
  object space 401920K, 99% used [0x0000000700000000,0x000000071882e650,0x0000000718880000)
 Metaspace       used 85737K, committed 87488K, reserved 1179648K
  class space    used 9098K, committed 9920K, reserved 1048576K
}
Event: 317.816 GC heap before
{Heap before GC invocations=5942 (full 7):
 PSYoungGen      total 19456K, used 17746K [0x00000007aab00000, 0x00000007ac280000, 0x0000000800000000)
  eden space 15360K, 100% used [0x00000007aab00000,0x00000007aba00000,0x00000007aba00000)
  from space 4096K, 58% used [0x00000007aba00000,0x00000007abc54b58,0x00000007abe00000)
  to   space 3072K, 0% used [0x00000007abf80000,0x00000007abf80000,0x00000007ac280000)
 ParOldGen       total 401920K, used 401593K [0x0000000700000000, 0x0000000718880000, 0x00000007aab00000)
  object space 401920K, 99% used [0x0000000700000000,0x000000071882e650,0x0000000718880000)
 Metaspace       used 85737K, committed 87488K, reserved 1179648K
  class space    used 9098K, committed 9920K, reserved 1048576K
}
Event: 317.819 GC heap after
{Heap after GC invocations=5942 (full 7):
 PSYoungGen      total 17408K, used 1891K [0x00000007aab00000, 0x00000007ac180000, 0x0000000800000000)
  eden space 15360K, 0% used [0x00000007aab00000,0x00000007aab00000,0x00000007aba00000)
  from space 2048K, 92% used [0x00000007abf80000,0x00000007ac158fa0,0x00000007ac180000)
  to   space 2560K, 0% used [0x00000007abc80000,0x00000007abc80000,0x00000007abf00000)
 ParOldGen       total 403968K, used 403930K [0x0000000700000000, 0x0000000718a80000, 0x00000007aab00000)
  object space 403968K, 99% used [0x0000000700000000,0x0000000718a76868,0x0000000718a80000)
 Metaspace       used 85737K, committed 87488K, reserved 1179648K
  class space    used 9098K, committed 9920K, reserved 1048576K
}
Event: 317.861 GC heap before
{Heap before GC invocations=5943 (full 7):
 PSYoungGen      total 17408K, used 17251K [0x00000007aab00000, 0x00000007ac180000, 0x0000000800000000)
  eden space 15360K, 100% used [0x00000007aab00000,0x00000007aba00000,0x00000007aba00000)
  from space 2048K, 92% used [0x00000007abf80000,0x00000007ac158fa0,0x00000007ac180000)
  to   space 2560K, 0% used [0x00000007abc80000,0x00000007abc80000,0x00000007abf00000)
 ParOldGen       total 403968K, used 403930K [0x0000000700000000, 0x0000000718a80000, 0x00000007aab00000)
  object space 403968K, 99% used [0x0000000700000000,0x0000000718a76868,0x0000000718a80000)
 Metaspace       used 85737K, committed 87488K, reserved 1179648K
  class space    used 9098K, committed 9920K, reserved 1048576K
}
Event: 317.864 GC heap after
{Heap after GC invocations=5943 (full 7):
 PSYoungGen      total 17920K, used 2540K [0x00000007aab00000, 0x00000007ac700000, 0x0000000800000000)
  eden space 15360K, 0% used [0x00000007aab00000,0x00000007aab00000,0x00000007aba00000)
  from space 2560K, 99% used [0x00000007abc80000,0x00000007abefb0d0,0x00000007abf00000)
  to   space 6656K, 0% used [0x00000007ac080000,0x00000007ac080000,0x00000007ac700000)
 ParOldGen       total 407552K, used 407221K [0x0000000700000000, 0x0000000718e00000, 0x00000007aab00000)
  object space 407552K, 99% used [0x0000000700000000,0x0000000718dad6d8,0x0000000718e00000)
 Metaspace       used 85737K, committed 87488K, reserved 1179648K
  class space    used 9098K, committed 9920K, reserved 1048576K
}
Event: 317.894 GC heap before
{Heap before GC invocations=5944 (full 7):
 PSYoungGen      total 17920K, used 17900K [0x00000007aab00000, 0x00000007ac700000, 0x0000000800000000)
  eden space 15360K, 100% used [0x00000007aab00000,0x00000007aba00000,0x00000007aba00000)
  from space 2560K, 99% used [0x00000007abc80000,0x00000007abefb0d0,0x00000007abf00000)
  to   space 6656K, 0% used [0x00000007ac080000,0x00000007ac080000,0x00000007ac700000)
 ParOldGen       total 407552K, used 407221K [0x0000000700000000, 0x0000000718e00000, 0x00000007aab00000)
  object space 407552K, 99% used [0x0000000700000000,0x0000000718dad6d8,0x0000000718e00000)
 Metaspace       used 85737K, committed 87488K, reserved 1179648K
  class space    used 9098K, committed 9920K, reserved 1048576K
}
Event: 317.898 GC heap after
{Heap after GC invocations=5944 (full 7):
 PSYoungGen      total 16384K, used 896K [0x00000007aab00000, 0x00000007ac180000, 0x0000000800000000)
  eden space 15360K, 0% used [0x00000007aab00000,0x00000007aab00000,0x00000007aba00000)
  from space 1024K, 87% used [0x00000007ac080000,0x00000007ac160000,0x00000007ac180000)
  to   space 3072K, 0% used [0x00000007abb80000,0x00000007abb80000,0x00000007abe80000)
 ParOldGen       total 410112K, used 409826K [0x0000000700000000, 0x0000000719080000, 0x00000007aab00000)
  object space 410112K, 99% used [0x0000000700000000,0x0000000719038ab0,0x0000000719080000)
 Metaspace       used 85737K, committed 87488K, reserved 1179648K
  class space    used 9098K, committed 9920K, reserved 1048576K
}
Event: 318.008 GC heap before
{Heap before GC invocations=5945 (full 7):
 PSYoungGen      total 16384K, used 16256K [0x00000007aab00000, 0x00000007ac180000, 0x0000000800000000)
  eden space 15360K, 100% used [0x00000007aab00000,0x00000007aba00000,0x00000007aba00000)
  from space 1024K, 87% used [0x00000007ac080000,0x00000007ac160000,0x00000007ac180000)
  to   space 3072K, 0% used [0x00000007abb80000,0x00000007abb80000,0x00000007abe80000)
 ParOldGen       total 410112K, used 409826K [0x0000000700000000, 0x0000000719080000, 0x00000007aab00000)
  object space 410112K, 99% used [0x0000000700000000,0x0000000719038ab0,0x0000000719080000)
 Metaspace       used 85737K, committed 87488K, reserved 1179648K
  class space    used 9098K, committed 9920K, reserved 1048576K
}
Event: 318.011 GC heap after
{Heap after GC invocations=5945 (full 7):
 PSYoungGen      total 18432K, used 3068K [0x00000007aab00000, 0x00000007ac500000, 0x0000000800000000)
  eden space 15360K, 0% used [0x00000007aab00000,0x00000007aab00000,0x00000007aba00000)
  from space 3072K, 99% used [0x00000007abb80000,0x00000007abe7f300,0x00000007abe80000)
  to   space 5632K, 0% used [0x00000007abf80000,0x00000007abf80000,0x00000007ac500000)
 ParOldGen       total 411648K, used 411365K [0x0000000700000000, 0x0000000719200000, 0x00000007aab00000)
  object space 411648K, 99% used [0x0000000700000000,0x00000007191b9590,0x0000000719200000)
 Metaspace       used 85737K, committed 87488K, reserved 1179648K
  class space    used 9098K, committed 9920K, reserved 1048576K
}
Event: 351.709 GC heap before
{Heap before GC invocations=5946 (full 7):
 PSYoungGen      total 18432K, used 18428K [0x00000007aab00000, 0x00000007ac500000, 0x0000000800000000)
  eden space 15360K, 99% used [0x00000007aab00000,0x00000007ab9ffe48,0x00000007aba00000)
  from space 3072K, 99% used [0x00000007abb80000,0x00000007abe7f300,0x00000007abe80000)
  to   space 5632K, 0% used [0x00000007abf80000,0x00000007abf80000,0x00000007ac500000)
 ParOldGen       total 411648K, used 411365K [0x0000000700000000, 0x0000000719200000, 0x00000007aab00000)
  object space 411648K, 99% used [0x0000000700000000,0x00000007191b9590,0x0000000719200000)
 Metaspace       used 86230K, committed 88000K, reserved 1179648K
  class space    used 9167K, committed 9984K, reserved 1048576K
}
Event: 351.713 GC heap after
{Heap after GC invocations=5946 (full 7):
 PSYoungGen      total 16384K, used 995K [0x00000007aab00000, 0x00000007ac080000, 0x0000000800000000)
  eden space 15360K, 0% used [0x00000007aab00000,0x00000007aab00000,0x00000007aba00000)
  from space 1024K, 97% used [0x00000007abf80000,0x00000007ac078e48,0x00000007ac080000)
  to   space 2560K, 0% used [0x00000007abb80000,0x00000007abb80000,0x00000007abe00000)
 ParOldGen       total 414720K, used 414399K [0x0000000700000000, 0x0000000719500000, 0x00000007aab00000)
  object space 414720K, 99% used [0x0000000700000000,0x00000007194afe08,0x0000000719500000)
 Metaspace       used 86230K, committed 88000K, reserved 1179648K
  class space    used 9167K, committed 9984K, reserved 1048576K
}
Event: 393.369 GC heap before
{Heap before GC invocations=5947 (full 7):
 PSYoungGen      total 16384K, used 16355K [0x00000007aab00000, 0x00000007ac080000, 0x0000000800000000)
  eden space 15360K, 100% used [0x00000007aab00000,0x00000007aba00000,0x00000007aba00000)
  from space 1024K, 97% used [0x00000007abf80000,0x00000007ac078e48,0x00000007ac080000)
  to   space 2560K, 0% used [0x00000007abb80000,0x00000007abb80000,0x00000007abe00000)
 ParOldGen       total 414720K, used 414399K [0x0000000700000000, 0x0000000719500000, 0x00000007aab00000)
  object space 414720K, 99% used [0x0000000700000000,0x00000007194afe08,0x0000000719500000)
 Metaspace       used 86250K, committed 88000K, reserved 1179648K
  class space    used 9167K, committed 9984K, reserved 1048576K
}
Event: 393.372 GC heap after
{Heap after GC invocations=5947 (full 7):
 PSYoungGen      total 17920K, used 288K [0x00000007aab00000, 0x00000007ac000000, 0x0000000800000000)
  eden space 15360K, 0% used [0x00000007aab00000,0x00000007aab00000,0x00000007aba00000)
  from space 2560K, 11% used [0x00000007abb80000,0x00000007abbc8000,0x00000007abe00000)
  to   space 1024K, 0% used [0x00000007abf00000,0x00000007abf00000,0x00000007ac000000)
 ParOldGen       total 415232K, used 415164K [0x0000000700000000, 0x0000000719580000, 0x00000007aab00000)
  object space 415232K, 99% used [0x0000000700000000,0x000000071956f228,0x0000000719580000)
 Metaspace       used 86250K, committed 88000K, reserved 1179648K
  class space    used 9167K, committed 9984K, reserved 1048576K
}
Event: 399.081 GC heap before
{Heap before GC invocations=5948 (full 7):
 PSYoungGen      total 17920K, used 15648K [0x00000007aab00000, 0x00000007ac000000, 0x0000000800000000)
  eden space 15360K, 100% used [0x00000007aab00000,0x00000007aba00000,0x00000007aba00000)
  from space 2560K, 11% used [0x00000007abb80000,0x00000007abbc8000,0x00000007abe00000)
  to   space 1024K, 0% used [0x00000007abf00000,0x00000007abf00000,0x00000007ac000000)
 ParOldGen       total 415232K, used 415164K [0x0000000700000000, 0x0000000719580000, 0x00000007aab00000)
  object space 415232K, 99% used [0x0000000700000000,0x000000071956f228,0x0000000719580000)
 Metaspace       used 86276K, committed 88000K, reserved 1179648K
  class space    used 9169K, committed 9984K, reserved 1048576K
}
Event: 399.083 GC heap after
{Heap after GC invocations=5948 (full 7):
 PSYoungGen      total 15872K, used 320K [0x00000007aab00000, 0x00000007abf80000, 0x0000000800000000)
  eden space 15360K, 0% used [0x00000007aab00000,0x00000007aab00000,0x00000007aba00000)
  from space 512K, 62% used [0x00000007abf00000,0x00000007abf50000,0x00000007abf80000)
  to   space 512K, 0% used [0x00000007abe80000,0x00000007abe80000,0x00000007abf00000)
 ParOldGen       total 415232K, used 415212K [0x0000000700000000, 0x0000000719580000, 0x00000007aab00000)
  object space 415232K, 99% used [0x0000000700000000,0x000000071957b228,0x0000000719580000)
 Metaspace       used 86276K, committed 88000K, reserved 1179648K
  class space    used 9169K, committed 9984K, reserved 1048576K
}

Dll operation events (15 events):
Event: 0.022 Loaded shared library c:\Users\zakar\.vscode\extensions\redhat.java-1.55.0-win32-x64\jre\21.0.11-win32-x86_64\bin\java.dll
Event: 0.240 Loaded shared library c:\Users\zakar\.vscode\extensions\redhat.java-1.55.0-win32-x64\jre\21.0.11-win32-x86_64\bin\zip.dll
Event: 0.265 Loaded shared library C:\Users\zakar\.vscode\extensions\redhat.java-1.55.0-win32-x64\jre\21.0.11-win32-x86_64\bin\instrument.dll
Event: 0.270 Loaded shared library C:\Users\zakar\.vscode\extensions\redhat.java-1.55.0-win32-x64\jre\21.0.11-win32-x86_64\bin\net.dll
Event: 0.273 Loaded shared library C:\Users\zakar\.vscode\extensions\redhat.java-1.55.0-win32-x64\jre\21.0.11-win32-x86_64\bin\nio.dll
Event: 0.277 Loaded shared library C:\Users\zakar\.vscode\extensions\redhat.java-1.55.0-win32-x64\jre\21.0.11-win32-x86_64\bin\zip.dll
Event: 0.314 Loaded shared library C:\Users\zakar\.vscode\extensions\redhat.java-1.55.0-win32-x64\jre\21.0.11-win32-x86_64\bin\jimage.dll
Event: 0.481 Loaded shared library c:\Users\zakar\.vscode\extensions\redhat.java-1.55.0-win32-x64\jre\21.0.11-win32-x86_64\bin\verify.dll
Event: 2.295 Loaded shared library C:\Users\zakar\AppData\Roaming\Code\User\globalStorage\redhat.java\1.55.0\config_win\org.eclipse.equinox.launcher\org.eclipse.equinox.launcher.win32.win32.x86_64_1.3.100.v20260613-0559\eclipse_11924.dll
Event: 6.473 Loaded shared library C:\Users\zakar\AppData\Local\Temp\jna-115665237\jna9989384196320577805.dll
Event: 14.259 Loaded shared library C:\Users\zakar\.gradle\native\c067742578af261105cb4f569cf0c3c89f3d7b1fecec35dd04571415982c5e48\windows-amd64\native-platform.dll
Event: 15.126 Loaded shared library C:\Users\zakar\.vscode\extensions\redhat.java-1.55.0-win32-x64\jre\21.0.11-win32-x86_64\bin\management.dll
Event: 15.129 Loaded shared library C:\Users\zakar\.vscode\extensions\redhat.java-1.55.0-win32-x64\jre\21.0.11-win32-x86_64\bin\management_ext.dll
Event: 15.735 Loaded shared library C:\Users\zakar\.vscode\extensions\redhat.java-1.55.0-win32-x64\jre\21.0.11-win32-x86_64\bin\sunmscapi.dll
Event: 15.938 Loaded shared library C:\Users\zakar\.vscode\extensions\redhat.java-1.55.0-win32-x64\jre\21.0.11-win32-x86_64\bin\extnet.dll

Deoptimization events (20 events):
Event: 393.288 Thread 0x000001bb69987ae0 DEOPT PACKING pc=0x000001bb11e4ea40 sp=0x0000002c6e0fe420
Event: 393.288 Thread 0x000001bb69987ae0 DEOPT UNPACKING pc=0x000001bb11243aa2 sp=0x0000002c6e0fe3d8 mode 2
Event: 393.288 Thread 0x000001bb69987ae0 Uncommon trap: trap_request=0xffffff45 fr.pc=0x000001bb12626450 relative=0x0000000000000210
Event: 393.288 Thread 0x000001bb69987ae0 Uncommon trap: reason=unstable_if action=reinterpret pc=0x000001bb12626450 method=java.net.URI.appendAuthority(Ljava/lang/StringBuilder;Ljava/lang/String;Ljava/lang/String;Ljava/lang/String;I)V @ 130 c2
Event: 393.288 Thread 0x000001bb69987ae0 DEOPT PACKING pc=0x000001bb12626450 sp=0x0000002c6e0fe160
Event: 393.288 Thread 0x000001bb69987ae0 DEOPT UNPACKING pc=0x000001bb11243aa2 sp=0x0000002c6e0fe0e0 mode 2
Event: 395.691 Thread 0x000001bb69988800 Uncommon trap: trap_request=0xffffff45 fr.pc=0x000001bb1191c528 relative=0x0000000000000268
Event: 395.691 Thread 0x000001bb69988800 Uncommon trap: reason=unstable_if action=reinterpret pc=0x000001bb1191c528 method=java.lang.String.getChars(II[CI)V @ 24 c2
Event: 395.691 Thread 0x000001bb69988800 DEOPT PACKING pc=0x000001bb1191c528 sp=0x0000002c708fedb0
Event: 395.691 Thread 0x000001bb69988800 DEOPT UNPACKING pc=0x000001bb11243aa2 sp=0x0000002c708fed70 mode 2
Event: 395.691 Thread 0x000001bb69988800 Uncommon trap: trap_request=0xffffff45 fr.pc=0x000001bb117c41d4 relative=0x0000000000000114
Event: 395.691 Thread 0x000001bb69988800 Uncommon trap: reason=unstable_if action=reinterpret pc=0x000001bb117c41d4 method=java.lang.Character.isHighSurrogate(C)Z @ 3 c2
Event: 395.691 Thread 0x000001bb69988800 DEOPT PACKING pc=0x000001bb117c41d4 sp=0x0000002c708fefc0
Event: 395.691 Thread 0x000001bb69988800 DEOPT UNPACKING pc=0x000001bb11243aa2 sp=0x0000002c708feee8 mode 2
Event: 395.691 Thread 0x000001bb69988800 Uncommon trap: trap_request=0xffffff45 fr.pc=0x000001bb119717b4 relative=0x0000000000000214
Event: 395.691 Thread 0x000001bb69988800 Uncommon trap: reason=unstable_if action=reinterpret pc=0x000001bb119717b4 method=java.lang.String.indexOf(Ljava/lang/String;)I @ 10 c2
Event: 395.691 Thread 0x000001bb69988800 DEOPT PACKING pc=0x000001bb119717b4 sp=0x0000002c708ff290
Event: 395.691 Thread 0x000001bb69988800 DEOPT UNPACKING pc=0x000001bb11243aa2 sp=0x0000002c708ff1c8 mode 2
Event: 399.063 Thread 0x000001bb69987ae0 DEOPT PACKING pc=0x000001bb09ced4ea sp=0x0000002c6e0fe690
Event: 399.063 Thread 0x000001bb69987ae0 DEOPT UNPACKING pc=0x000001bb11244242 sp=0x0000002c6e0fdbb0 mode 0

Classes loaded (20 events):
Event: 328.958 Loading class sun/net/ConnectionResetException
Event: 328.958 Loading class sun/net/ConnectionResetException done
Event: 329.260 Loading class java/lang/ProcessBuilder
Event: 329.262 Loading class java/lang/ProcessBuilder done
Event: 329.264 Loading class java/lang/ProcessImpl
Event: 329.266 Loading class java/lang/ProcessImpl done
Event: 329.393 Loading class java/lang/ProcessImpl$2
Event: 329.393 Loading class java/lang/ProcessImpl$2 done
Event: 329.394 Loading class java/lang/Process$PipeInputStream
Event: 329.394 Loading class java/lang/Process$PipeInputStream done
Event: 329.402 Loading class java/lang/ProcessBuilder$NullInputStream
Event: 329.402 Loading class java/lang/ProcessBuilder$NullInputStream done
Event: 329.402 Loading class jdk/internal/event/ProcessStartEvent
Event: 329.408 Loading class jdk/internal/event/ProcessStartEvent done
Event: 329.426 Loading class java/util/Scanner
Event: 329.430 Loading class java/util/Scanner done
Event: 329.432 Loading class java/util/Scanner$PatternLRUCache
Event: 329.433 Loading class java/util/Scanner$PatternLRUCache done
Event: 332.655 Loading class java/util/regex/Matcher$ImmutableMatchResult
Event: 332.655 Loading class java/util/regex/Matcher$ImmutableMatchResult done

Classes unloaded (16 events):
Event: 7.323 Thread 0x000001bb21eb47b0 Unloading class 0x000001bb231a5000 'java/lang/invoke/LambdaForm$MH+0x000001bb231a5000'
Event: 7.323 Thread 0x000001bb21eb47b0 Unloading class 0x000001bb231a4c00 'java/lang/invoke/LambdaForm$MH+0x000001bb231a4c00'
Event: 7.323 Thread 0x000001bb21eb47b0 Unloading class 0x000001bb231a4800 'java/lang/invoke/LambdaForm$MH+0x000001bb231a4800'
Event: 7.323 Thread 0x000001bb21eb47b0 Unloading class 0x000001bb231a4400 'java/lang/invoke/LambdaForm$MH+0x000001bb231a4400'
Event: 7.323 Thread 0x000001bb21eb47b0 Unloading class 0x000001bb231a4000 'java/lang/invoke/LambdaForm$BMH+0x000001bb231a4000'
Event: 7.323 Thread 0x000001bb21eb47b0 Unloading class 0x000001bb231a3c00 'java/lang/invoke/LambdaForm$DMH+0x000001bb231a3c00'
Event: 7.323 Thread 0x000001bb21eb47b0 Unloading class 0x000001bb231a2800 'java/lang/invoke/LambdaForm$DMH+0x000001bb231a2800'
Event: 9.230 Thread 0x000001bb21eb47b0 Unloading class 0x000001bb2331e800 'java/lang/invoke/LambdaForm$DMH+0x000001bb2331e800'
Event: 9.230 Thread 0x000001bb21eb47b0 Unloading class 0x000001bb2331d000 'java/lang/invoke/LambdaForm$MH+0x000001bb2331d000'
Event: 9.230 Thread 0x000001bb21eb47b0 Unloading class 0x000001bb23319800 'java/lang/invoke/LambdaForm$MH+0x000001bb23319800'
Event: 9.230 Thread 0x000001bb21eb47b0 Unloading class 0x000001bb23319000 'java/lang/invoke/LambdaForm$MH+0x000001bb23319000'
Event: 9.230 Thread 0x000001bb21eb47b0 Unloading class 0x000001bb23318800 'java/lang/invoke/LambdaForm$MH+0x000001bb23318800'
Event: 9.230 Thread 0x000001bb21eb47b0 Unloading class 0x000001bb23318000 'java/lang/invoke/LambdaForm$MH+0x000001bb23318000'
Event: 9.230 Thread 0x000001bb21eb47b0 Unloading class 0x000001bb23315c00 'java/lang/invoke/LambdaForm$MH+0x000001bb23315c00'
Event: 123.301 Thread 0x000001bb21eb47b0 Unloading class 0x000001bb238fc800 'java/lang/invoke/LambdaForm$MH+0x000001bb238fc800'
Event: 123.301 Thread 0x000001bb21eb47b0 Unloading class 0x000001bb238fc000 'java/lang/invoke/LambdaForm$MH+0x000001bb238fc000'

Classes redefined (0 events):
No events

Internal exceptions (20 events):
Event: 311.320 Thread 0x000001bb6f64ff30 Exception <a 'java/lang/NoSuchMethodError'{0x00000007ab105f50}: static Lcom/esotericsoftware/kryo/KryoException;.<clinit>()V> (0x00000007ab105f50) 
thrown [s\src\hotspot\share\prims\jni.cpp, line 1111]
Event: 311.480 Thread 0x000001bb6f64ff30 Exception <a 'java/lang/NoSuchMethodError'{0x00000007abf030f8}: static Lorg/gradle/api/GradleException;.<clinit>()V> (0x00000007abf030f8) 
thrown [s\src\hotspot\share\prims\jni.cpp, line 1111]
Event: 311.480 Thread 0x000001bb6f64ff30 Exception <a 'java/lang/NoSuchMethodError'{0x00000007abf9ab10}: static Lorg/gradle/internal/exceptions/DefaultMultiCauseException;.<clinit>()V> (0x00000007abf9ab10) 
thrown [s\src\hotspot\share\prims\jni.cpp, line 1111]
Event: 311.481 Thread 0x000001bb6f64ff30 Exception <a 'java/lang/NoSuchMethodError'{0x00000007abf9eee0}: static Lorg/gradle/api/artifacts/ResolveException;.<clinit>()V> (0x00000007abf9eee0) 
thrown [s\src\hotspot\share\prims\jni.cpp, line 1111]
Event: 311.481 Thread 0x000001bb6f64ff30 Exception <a 'java/lang/NoSuchMethodError'{0x00000007abfa1020}: static Lorg/gradle/api/internal/artifacts/ivyservice/TypedResolveException;.<clinit>()V> (0x00000007abfa1020) 
thrown [s\src\hotspot\share\prims\jni.cpp, line 1111]
Event: 311.492 Thread 0x000001bb6f64ff30 Exception <a 'java/lang/NoSuchMethodError'{0x00000007ac3621a0}: static [Ljava/lang/Object;.<clinit>()V> (0x00000007ac3621a0) 
thrown [s\src\hotspot\share\prims\jni.cpp, line 1111]
Event: 311.544 Thread 0x000001bb6f64ff30 Exception <a 'java/lang/NoSuchMethodError'{0x00000007ab014a18}: static Lorg/gradle/internal/exceptions/ContextAwareException;.<clinit>()V> (0x00000007ab014a18) 
thrown [s\src\hotspot\share\prims\jni.cpp, line 1111]
Event: 311.545 Thread 0x000001bb6f64ff30 Exception <a 'java/lang/NoSuchMethodError'{0x00000007ab016e98}: static Lorg/gradle/internal/exceptions/LocationAwareException;.<clinit>()V> (0x00000007ab016e98) 
thrown [s\src\hotspot\share\prims\jni.cpp, line 1111]
Event: 313.968 Thread 0x000001bb695fb620 Implicit null exception at 0x000001bb13254d64 to 0x000001bb1325843c
Event: 314.002 Thread 0x000001bb695fb620 Implicit null exception at 0x000001bb12e7fdd4 to 0x000001bb12e832b0
Event: 316.091 Thread 0x000001bb6f64c420 Implicit null exception at 0x000001bb117ed6a1 to 0x000001bb117ed7f4
Event: 316.141 Thread 0x000001bb6f64c420 Exception <a 'java/lang/NoSuchMethodError'{0x00000007ab5e7608}: static Lorg/gradle/api/internal/tasks/DefaultTaskContainer$TaskCreationException;.<clinit>()V> (0x00000007ab5e7608) 
thrown [s\src\hotspot\share\prims\jni.cpp, line 1111]
Event: 316.150 Thread 0x000001bb6f64c420 Exception <a 'java/lang/NoSuchMethodError'{0x00000007ab767200}: static Lorg/gradle/api/ProjectConfigurationException;.<clinit>()V> (0x00000007ab767200) 
thrown [s\src\hotspot\share\prims\jni.cpp, line 1111]
Event: 328.959 Thread 0x000001bb6f64ff30 Exception <a 'sun/net/ConnectionResetException'{0x00000007ab0254c8}: Connection reset> (0x00000007ab0254c8) 
thrown [s\src\hotspot\share\prims\jni.cpp, line 539]
Event: 329.391 Thread 0x000001bb6f652000 Exception <a 'java/lang/NoSuchMethodError'{0x00000007ab65cec8}: 'void java.lang.invoke.DirectMethodHandle$Holder.invokeStatic(java.lang.Object, long)'> (0x00000007ab65cec8) 
thrown [s\src\hotspot\share\interpreter\linkResolver.cpp, line 773]
Event: 351.577 Thread 0x000001bb6f64ff30 Exception <a 'sun/net/ConnectionResetException'{0x00000007ab633910}: Connection reset> (0x00000007ab633910) 
thrown [s\src\hotspot\share\prims\jni.cpp, line 539]
Event: 351.601 Thread 0x000001bb6f64ff30 Exception <a 'java/io/IOException'{0x00000007ab7550a0}: Connection reset by peer> (0x00000007ab7550a0) 
thrown [s\src\hotspot\share\prims\jni.cpp, line 539]
Event: 393.287 Thread 0x000001bb69987ae0 Exception <a 'sun/net/ConnectionResetException'{0x00000007ab815bd0}: Connection reset> (0x00000007ab815bd0) 
thrown [s\src\hotspot\share\prims\jni.cpp, line 539]
Event: 393.290 Thread 0x000001bb69987ae0 Exception <a 'java/io/IOException'{0x00000007ab8315f0}: Connection reset by peer> (0x00000007ab8315f0) 
thrown [s\src\hotspot\share\prims\jni.cpp, line 539]
Event: 399.051 Thread 0x000001bb6998b5f0 Exception <a 'java/io/IOException'{0x00000007ab881c08}: CreateProcess error=8, Les ressources mémoire disponibles sont insuffisantes pour traiter cette commande> (0x00000007ab881c08) 
thrown [s\src\hotspot\share\prims\jni.cpp, line 539]

ZGC Phase Switch (0 events):
No events

VM Operations (20 events):
Event: 365.497 Executing safepoint VM operation: Cleanup
Event: 365.497 Executing safepoint VM operation: Cleanup done
Event: 374.519 Executing safepoint VM operation: Cleanup
Event: 374.519 Executing safepoint VM operation: Cleanup done
Event: 380.563 Executing safepoint VM operation: Cleanup
Event: 380.563 Executing safepoint VM operation: Cleanup done
Event: 381.564 Executing safepoint VM operation: Cleanup
Event: 381.564 Executing safepoint VM operation: Cleanup done
Event: 386.590 Executing safepoint VM operation: Cleanup
Event: 386.590 Executing safepoint VM operation: Cleanup done
Event: 393.369 Executing safepoint VM operation: ParallelGCFailedAllocation (Allocation Failure)
Event: 393.372 Executing safepoint VM operation: ParallelGCFailedAllocation (Allocation Failure) done
Event: 396.381 Executing safepoint VM operation: Cleanup
Event: 396.381 Executing safepoint VM operation: Cleanup done
Event: 397.381 Executing safepoint VM operation: Cleanup
Event: 398.036 Executing safepoint VM operation: Cleanup done
Event: 399.050 Executing safepoint VM operation: Cleanup
Event: 399.050 Executing safepoint VM operation: Cleanup done
Event: 399.081 Executing safepoint VM operation: ParallelGCFailedAllocation (Allocation Failure)
Event: 399.083 Executing safepoint VM operation: ParallelGCFailedAllocation (Allocation Failure) done

Memory protections (0 events):
No events

Nmethod flushes (20 events):
Event: 310.427 Thread 0x000001bb21eb47b0 flushing  nmethod 0x000001bb0cc21a10
Event: 310.427 Thread 0x000001bb21eb47b0 flushing  nmethod 0x000001bb0cc22f90
Event: 310.427 Thread 0x000001bb21eb47b0 flushing  nmethod 0x000001bb0cc24690
Event: 310.427 Thread 0x000001bb21eb47b0 flushing  nmethod 0x000001bb0cc24e90
Event: 310.427 Thread 0x000001bb21eb47b0 flushing  nmethod 0x000001bb0cc25610
Event: 310.427 Thread 0x000001bb21eb47b0 flushing  nmethod 0x000001bb0cc28810
Event: 310.427 Thread 0x000001bb21eb47b0 flushing  nmethod 0x000001bb0cc2bc90
Event: 310.427 Thread 0x000001bb21eb47b0 flushing  nmethod 0x000001bb0cc2db90
Event: 310.427 Thread 0x000001bb21eb47b0 flushing  nmethod 0x000001bb0cc2e690
Event: 310.427 Thread 0x000001bb21eb47b0 flushing  nmethod 0x000001bb0cc2ed90
Event: 310.427 Thread 0x000001bb21eb47b0 flushing  nmethod 0x000001bb0cc2f690
Event: 310.427 Thread 0x000001bb21eb47b0 flushing  nmethod 0x000001bb0cc2fc90
Event: 310.427 Thread 0x000001bb21eb47b0 flushing  nmethod 0x000001bb0cc30090
Event: 310.427 Thread 0x000001bb21eb47b0 flushing  nmethod 0x000001bb0cc31c10
Event: 310.427 Thread 0x000001bb21eb47b0 flushing  nmethod 0x000001bb0cc33310
Event: 310.427 Thread 0x000001bb21eb47b0 flushing  nmethod 0x000001bb0cc33810
Event: 310.427 Thread 0x000001bb21eb47b0 flushing  nmethod 0x000001bb0cc34e90
Event: 310.427 Thread 0x000001bb21eb47b0 flushing  nmethod 0x000001bb0cc37f90
Event: 310.427 Thread 0x000001bb21eb47b0 flushing  nmethod 0x000001bb0cc38390
Event: 310.427 Thread 0x000001bb21eb47b0 flushing  nmethod 0x000001bb0cc39a90

Events (20 events):
Event: 395.736 Thread 0x000001bb69984660 Thread exited: 0x000001bb69984660
Event: 395.736 Thread 0x000001bb69987ae0 Thread exited: 0x000001bb69987ae0
Event: 395.743 Thread 0x000001bb695faf90 Thread added: 0x000001bb69987ae0
Event: 395.756 Thread 0x000001bb69987ae0 Thread added: 0x000001bb69984660
Event: 395.800 Thread 0x000001bb69987ae0 Thread added: 0x000001bb6998a240
Event: 395.851 Thread 0x000001bb6998a240 Thread added: 0x000001bb69988170
Event: 395.851 Thread 0x000001bb6998a240 Thread added: 0x000001bb6998a8d0
Event: 395.851 Thread 0x000001bb69988170 Thread exited: 0x000001bb69988170
Event: 396.934 Thread 0x000001bb6998a8d0 Thread exited: 0x000001bb6998a8d0
Event: 396.934 Thread 0x000001bb6998a240 Thread exited: 0x000001bb6998a240
Event: 396.935 Thread 0x000001bb69984660 Thread exited: 0x000001bb69984660
Event: 396.935 Thread 0x000001bb69987ae0 Thread exited: 0x000001bb69987ae0
Event: 396.942 Thread 0x000001bb695faf90 Thread added: 0x000001bb69987ae0
Event: 396.955 Thread 0x000001bb69987ae0 Thread added: 0x000001bb69984660
Event: 397.014 Thread 0x000001bb69987ae0 Thread added: 0x000001bb6998b5f0
Event: 399.055 Thread 0x000001bb6998b5f0 Thread exited: 0x000001bb6998b5f0
Event: 399.056 Thread 0x000001bb69984660 Thread exited: 0x000001bb69984660
Event: 399.056 Thread 0x000001bb69987ae0 Thread exited: 0x000001bb69987ae0
Event: 399.060 Thread 0x000001bb695faf90 Thread added: 0x000001bb69987ae0
Event: 399.070 Thread 0x000001bb69987ae0 Thread added: 0x000001bb69984660


Dynamic libraries:
0x00007ff7a0110000 - 0x00007ff7a011e000 	c:\Users\zakar\.vscode\extensions\redhat.java-1.55.0-win32-x64\jre\21.0.11-win32-x86_64\bin\java.exe
0x00007ffe21aa0000 - 0x00007ffe21d06000 	C:\windows\SYSTEM32\ntdll.dll
0x00007ffe20630000 - 0x00007ffe206f9000 	C:\windows\System32\KERNEL32.DLL
0x00007ffe1ee30000 - 0x00007ffe1f22e000 	C:\windows\System32\KERNELBASE.dll
0x00007ffe1f450000 - 0x00007ffe1f59c000 	C:\windows\System32\ucrtbase.dll
0x00007ffe04240000 - 0x00007ffe04258000 	c:\Users\zakar\.vscode\extensions\redhat.java-1.55.0-win32-x64\jre\21.0.11-win32-x86_64\bin\jli.dll
0x00007ffe20c20000 - 0x00007ffe20de7000 	C:\windows\System32\USER32.dll
0x00007ffe1f7a0000 - 0x00007ffe1f7c7000 	C:\windows\System32\win32u.dll
0x00007ffe21590000 - 0x00007ffe215bb000 	C:\windows\System32\GDI32.dll
0x00007ffe1f5b0000 - 0x00007ffe1f6da000 	C:\windows\System32\gdi32full.dll
0x00007ffe1ed80000 - 0x00007ffe1ee23000 	C:\windows\System32\msvcp_win.dll
0x00007ffe02eb0000 - 0x00007ffe03142000 	C:\windows\WinSxS\amd64_microsoft.windows.common-controls_6595b64144ccf1df_6.0.26100.8875_none_3e0d5d42e32fe9dd\COMCTL32.dll
0x00007ffe1fdb0000 - 0x00007ffe1fe59000 	C:\windows\System32\msvcrt.dll
0x00007ffe04500000 - 0x00007ffe0451e000 	c:\Users\zakar\.vscode\extensions\redhat.java-1.55.0-win32-x64\jre\21.0.11-win32-x86_64\bin\VCRUNTIME140.dll
0x00007ffe20530000 - 0x00007ffe20562000 	C:\windows\System32\IMM32.DLL
0x00007ffe16a30000 - 0x00007ffe16a3c000 	c:\Users\zakar\.vscode\extensions\redhat.java-1.55.0-win32-x64\jre\21.0.11-win32-x86_64\bin\vcruntime140_1.dll
0x00007ffde05f0000 - 0x00007ffde067d000 	c:\Users\zakar\.vscode\extensions\redhat.java-1.55.0-win32-x64\jre\21.0.11-win32-x86_64\bin\msvcp140.dll
0x00007ffd30540000 - 0x00007ffd312e2000 	c:\Users\zakar\.vscode\extensions\redhat.java-1.55.0-win32-x64\jre\21.0.11-win32-x86_64\bin\server\jvm.dll
0x00007ffe20570000 - 0x00007ffe20627000 	C:\windows\System32\ADVAPI32.dll
0x00007ffe1fff0000 - 0x00007ffe2009a000 	C:\windows\System32\sechost.dll
0x00007ffe215c0000 - 0x00007ffe216d8000 	C:\windows\System32\RPCRT4.dll
0x00007ffe20410000 - 0x00007ffe20490000 	C:\windows\System32\WS2_32.dll
0x00007ffe1eb20000 - 0x00007ffe1eb7e000 	C:\windows\SYSTEM32\POWRPROF.dll
0x00007ffe1b4c0000 - 0x00007ffe1b4f6000 	C:\windows\SYSTEM32\WINMM.dll
0x00007ffe14210000 - 0x00007ffe1421b000 	C:\windows\SYSTEM32\VERSION.dll
0x00007ffe1eb00000 - 0x00007ffe1eb14000 	C:\windows\SYSTEM32\UMPDC.dll
0x00007ffe1d960000 - 0x00007ffe1d97b000 	C:\windows\SYSTEM32\kernel.appcore.dll
0x00007ffe16950000 - 0x00007ffe1695a000 	c:\Users\zakar\.vscode\extensions\redhat.java-1.55.0-win32-x64\jre\21.0.11-win32-x86_64\bin\jimage.dll
0x00007ffe1c1a0000 - 0x00007ffe1c3e2000 	C:\windows\SYSTEM32\DBGHELP.DLL
0x00007ffe1fa20000 - 0x00007ffe1fda3000 	C:\windows\System32\combase.dll
0x00007ffe21740000 - 0x00007ffe21819000 	C:\windows\System32\OLEAUT32.dll
0x00007ffe1b480000 - 0x00007ffe1b4bb000 	C:\windows\SYSTEM32\dbgcore.DLL
0x00007ffe1f6e0000 - 0x00007ffe1f78c000 	C:\windows\System32\bcryptPrimitives.dll
0x00007ffe0e5d0000 - 0x00007ffe0e5df000 	c:\Users\zakar\.vscode\extensions\redhat.java-1.55.0-win32-x64\jre\21.0.11-win32-x86_64\bin\instrument.dll
0x00007ffe045e0000 - 0x00007ffe04600000 	c:\Users\zakar\.vscode\extensions\redhat.java-1.55.0-win32-x64\jre\21.0.11-win32-x86_64\bin\java.dll
0x00007ffe20df0000 - 0x00007ffe21582000 	C:\windows\System32\SHELL32.dll
0x00007ffe1c720000 - 0x00007ffe1cfb2000 	C:\windows\SYSTEM32\windows.storage.dll
0x00007ffe21820000 - 0x00007ffe21917000 	C:\windows\System32\SHCORE.dll
0x00007ffe219e0000 - 0x00007ffe21a47000 	C:\windows\System32\shlwapi.dll
0x00007ffe1ebe0000 - 0x00007ffe1ec09000 	C:\windows\SYSTEM32\profapi.dll
0x00007ffe04160000 - 0x00007ffe04178000 	c:\Users\zakar\.vscode\extensions\redhat.java-1.55.0-win32-x64\jre\21.0.11-win32-x86_64\bin\zip.dll
0x00007ffe0dbf0000 - 0x00007ffe0dc00000 	C:\Users\zakar\.vscode\extensions\redhat.java-1.55.0-win32-x64\jre\21.0.11-win32-x86_64\bin\net.dll
0x00007ffe13e30000 - 0x00007ffe13f57000 	C:\windows\SYSTEM32\WINHTTP.dll
0x00007ffe1def0000 - 0x00007ffe1df5c000 	C:\windows\system32\mswsock.dll
0x00007ffe01c30000 - 0x00007ffe01c46000 	C:\Users\zakar\.vscode\extensions\redhat.java-1.55.0-win32-x64\jre\21.0.11-win32-x86_64\bin\nio.dll
0x00007ffe0d9f0000 - 0x00007ffe0da00000 	c:\Users\zakar\.vscode\extensions\redhat.java-1.55.0-win32-x64\jre\21.0.11-win32-x86_64\bin\verify.dll
0x00007ffdf71d0000 - 0x00007ffdf7215000 	C:\Users\zakar\AppData\Roaming\Code\User\globalStorage\redhat.java\1.55.0\config_win\org.eclipse.equinox.launcher\org.eclipse.equinox.launcher.win32.win32.x86_64_1.3.100.v20260613-0559\eclipse_11924.dll
0x00007ffe1f880000 - 0x00007ffe1fa19000 	C:\windows\System32\ole32.dll
0x00007ffe1e320000 - 0x00007ffe1e33b000 	C:\windows\SYSTEM32\CRYPTSP.dll
0x00007ffe1d8c0000 - 0x00007ffe1d8f9000 	C:\windows\system32\rsaenh.dll
0x00007ffe1dfb0000 - 0x00007ffe1dfe2000 	C:\windows\SYSTEM32\USERENV.dll
0x00007ffe1ebb0000 - 0x00007ffe1ebda000 	C:\windows\SYSTEM32\bcrypt.dll
0x00007ffe1e160000 - 0x00007ffe1e16c000 	C:\windows\SYSTEM32\CRYPTBASE.dll
0x00007ffe1d360000 - 0x00007ffe1d393000 	C:\windows\SYSTEM32\IPHLPAPI.DLL
0x00007ffe200a0000 - 0x00007ffe200aa000 	C:\windows\System32\NSI.dll
0x00007ffdf7fc0000 - 0x00007ffdf8009000 	C:\Users\zakar\AppData\Local\Temp\jna-115665237\jna9989384196320577805.dll
0x00007ffe20c10000 - 0x00007ffe20c18000 	C:\windows\System32\PSAPI.DLL
0x00007ffe14b90000 - 0x00007ffe14bad000 	C:\windows\SYSTEM32\dhcpcsvc6.DLL
0x00007ffe14ac0000 - 0x00007ffe14ae5000 	C:\windows\SYSTEM32\dhcpcsvc.DLL
0x00007ffde0de0000 - 0x00007ffde0e07000 	C:\Users\zakar\.gradle\native\c067742578af261105cb4f569cf0c3c89f3d7b1fecec35dd04571415982c5e48\windows-amd64\native-platform.dll
0x00007ffe0d640000 - 0x00007ffe0d64a000 	C:\Users\zakar\.vscode\extensions\redhat.java-1.55.0-win32-x64\jre\21.0.11-win32-x86_64\bin\management.dll
0x00007ffe0d590000 - 0x00007ffe0d59c000 	C:\Users\zakar\.vscode\extensions\redhat.java-1.55.0-win32-x64\jre\21.0.11-win32-x86_64\bin\management_ext.dll
0x00007ffe0d080000 - 0x00007ffe0d08e000 	C:\Users\zakar\.vscode\extensions\redhat.java-1.55.0-win32-x64\jre\21.0.11-win32-x86_64\bin\sunmscapi.dll
0x00007ffe1f240000 - 0x00007ffe1f3b8000 	C:\windows\System32\CRYPT32.dll
0x00007ffe1e490000 - 0x00007ffe1e4c0000 	C:\windows\SYSTEM32\ncrypt.dll
0x00007ffe1e440000 - 0x00007ffe1e47f000 	C:\windows\SYSTEM32\NTASN1.dll
0x00007ffe1d400000 - 0x00007ffe1d556000 	C:\windows\SYSTEM32\DNSAPI.dll
0x00007ffe1dd10000 - 0x00007ffe1dd1d000 	C:\windows\SYSTEM32\DSPARSE.dll
0x00007ffe131a0000 - 0x00007ffe131ab000 	C:\Windows\System32\rasadhlp.dll
0x00007ffe15350000 - 0x00007ffe153d6000 	C:\windows\System32\fwpuclnt.dll
0x00007ffe0d1f0000 - 0x00007ffe0d1f9000 	C:\Users\zakar\.vscode\extensions\redhat.java-1.55.0-win32-x64\jre\21.0.11-win32-x86_64\bin\extnet.dll
0x00007ffdf1b80000 - 0x00007ffdf1b88000 	C:\windows\system32\wshunix.dll

JVMTI agents:
c:\Users\zakar\.vscode\extensions\redhat.java-1.55.0-win32-x64\lombok\lombok-1.18.39-4050.jar path:c:\Users\zakar\.vscode\extensions\redhat.java-1.55.0-win32-x64\jre\21.0.11-win32-x86_64\bin\instrument.dll, loaded, initialized, instrumentlib options:none

dbghelp: loaded successfully - version: 4.0.5 - missing functions: none
symbol engine: initialized successfully - sym options: 0x614 - pdb path: .;c:\Users\zakar\.vscode\extensions\redhat.java-1.55.0-win32-x64\jre\21.0.11-win32-x86_64\bin;C:\windows\SYSTEM32;C:\windows\WinSxS\amd64_microsoft.windows.common-controls_6595b64144ccf1df_6.0.26100.8875_none_3e0d5d42e32fe9dd;c:\Users\zakar\.vscode\extensions\redhat.java-1.55.0-win32-x64\jre\21.0.11-win32-x86_64\bin\server;C:\Users\zakar\AppData\Roaming\Code\User\globalStorage\redhat.java\1.55.0\config_win\org.eclipse.equinox.launcher\org.eclipse.equinox.launcher.win32.win32.x86_64_1.3.100.v20260613-0559;C:\Users\zakar\AppData\Local\Temp\jna-115665237;C:\Users\zakar\.gradle\native\c067742578af261105cb4f569cf0c3c89f3d7b1fecec35dd04571415982c5e48\windows-amd64

VM Arguments:
jvm_args: --add-modules=ALL-SYSTEM --add-opens=java.base/java.util=ALL-UNNAMED --add-opens=java.base/java.lang=ALL-UNNAMED --add-opens=java.base/sun.nio.fs=ALL-UNNAMED -Declipse.application=org.eclipse.jdt.ls.core.id1 -Dosgi.bundles.defaultStartLevel=4 -Declipse.product=org.eclipse.jdt.ls.core.product -Djava.import.generatesMetadataFilesAtProjectRoot=false -DDetectVMInstallationsJob.disabled=true -Dfile.encoding=utf8 -XX:+UseParallelGC -XX:GCTimeRatio=4 -XX:AdaptiveSizePolicyWeight=90 -Dsun.zip.disableMemoryMapping=true -Xmx4G -Xms100m -Xlog:disable -javaagent:c:\Users\zakar\.vscode\extensions\redhat.java-1.55.0-win32-x64\lombok\lombok-1.18.39-4050.jar -XX:+HeapDumpOnOutOfMemoryError -XX:HeapDumpPath=c:\Users\zakar\AppData\Roaming\Code\User\workspaceStorage\bd5adb6d7e60b59cdb3dd6e214c1ffdd\redhat.java -Daether.dependencyCollector.impl=bf 
java_command: c:\Users\zakar\.vscode\extensions\redhat.java-1.55.0-win32-x64\server\plugins\org.eclipse.equinox.launcher_1.7.200.v20260619-2039.jar -configuration c:\Users\zakar\AppData\Roaming\Code\User\globalStorage\redhat.java\1.55.0\config_win -data c:\Users\zakar\AppData\Roaming\Code\User\workspaceStorage\bd5adb6d7e60b59cdb3dd6e214c1ffdd\redhat.java\jdt_ws --pipe=\\.\pipe\lsp-70ebb444fc01540bbf01b15588d05dfe-sock
java_class_path (initial): c:\Users\zakar\.vscode\extensions\redhat.java-1.55.0-win32-x64\server\plugins\org.eclipse.equinox.launcher_1.7.200.v20260619-2039.jar
Launcher Type: SUN_STANDARD

[Global flags]
    uintx AdaptiveSizePolicyWeight                 = 90                                        {product} {command line}
     intx CICompilerCount                          = 4                                         {product} {ergonomic}
    uintx GCTimeRatio                              = 4                                         {product} {command line}
     bool HeapDumpOnOutOfMemoryError               = true                                   {manageable} {command line}
    ccstr HeapDumpPath                             = c:\Users\zakar\AppData\Roaming\Code\User\workspaceStorage\bd5adb6d7e60b59cdb3dd6e214c1ffdd\redhat.java         {manageable} {command line}
   size_t InitialHeapSize                          = 104857600                                 {product} {command line}
   size_t MaxHeapSize                              = 4294967296                                {product} {command line}
   size_t MaxNewSize                               = 1431306240                                {product} {ergonomic}
   size_t MinHeapDeltaBytes                        = 524288                                    {product} {ergonomic}
   size_t MinHeapSize                              = 104857600                                 {product} {command line}
   size_t NewSize                                  = 34603008                                  {product} {ergonomic}
    uintx NonNMethodCodeHeapSize                   = 5839372                                {pd product} {ergonomic}
    uintx NonProfiledCodeHeapSize                  = 122909434                              {pd product} {ergonomic}
   size_t OldSize                                  = 70254592                                  {product} {ergonomic}
    uintx ProfiledCodeHeapSize                     = 122909434                              {pd product} {ergonomic}
    uintx ReservedCodeCacheSize                    = 251658240                              {pd product} {ergonomic}
     bool SegmentedCodeCache                       = true                                      {product} {ergonomic}
   size_t SoftMaxHeapSize                          = 4294967296                             {manageable} {ergonomic}
     bool UseCompressedOops                        = true                           {product lp64_product} {ergonomic}
     bool UseLargePagesIndividualAllocation        = false                                  {pd product} {ergonomic}
     bool UseParallelGC                            = true                                      {product} {command line}

Logging:
Log output configuration:
 #0: stdout all=off uptime,level,tags foldmultilines=false
 #1: stderr all=off uptime,level,tags foldmultilines=false

Release file:
JAVA_VERSION="21.0.11" 
MODULES="java.base java.compiler java.datatransfer java.xml java.prefs java.desktop java.instrument java.logging java.management java.security.sasl java.naming java.rmi java.management.rmi java.net.http java.scripting java.security.jgss java.transaction.xa java.sql java.sql.rowset java.xml.crypto java.se java.smartcardio jdk.accessibility jdk.internal.jvmstat jdk.attach jdk.charsets jdk.internal.opt jdk.zipfs jdk.compiler jdk.crypto.ec jdk.crypto.cryptoki jdk.crypto.mscapi jdk.dynalink jdk.internal.ed jdk.editpad jdk.hotspot.agent jdk.httpserver jdk.internal.le jdk.internal.vm.ci jdk.internal.vm.compiler jdk.internal.vm.compiler.management jdk.jartool jdk.javadoc jdk.jcmd jdk.management jdk.management.agent jdk.jconsole jdk.jdeps jdk.jdwp.agent jdk.jdi jdk.jfr jdk.jshell jdk.jsobject jdk.jstatd jdk.localedata jdk.management.jfr jdk.naming.dns jdk.naming.rmi jdk.net jdk.nio.mapmode jdk.random jdk.sctp jdk.security.auth jdk.security.jgss jdk.unsupported jdk.unsupported.desktop jdk.xml.dom" 

Environment Variables:
PATH=C:\Python314\Scripts\;C:\Python314\;C:\Program Files\Eclipse Adoptium\jdk-21.0.9.10-hotspot\bin;C:\windows\system32;C:\windows;C:\windows\System32\Wbem;C:\windows\System32\WindowsPowerShell\v1.0\;C:\windows\System32\OpenSSH\;C:\Program Files\dotnet\;C:\Program Files\Git\cmd;C:\Program Files\nodejs\;C:\ProgramData\chocolatey\bin;C:\Program Files\Docker\Docker\resources\bin;C:\Users\zakar\AppData\Local\Microsoft\WindowsApps;C:\Users\zakar\AppData\Local\Programs\Microsoft VS Code\bin;C:\Users\zakar\AppData\Roaming\npm;C:\Users\zakar\.local\bin;C:\Users\zakar\AppData\Local\Google\Cloud SDK\google-cloud-sdk\bin
USERNAME=zakar
OS=Windows_NT
PROCESSOR_IDENTIFIER=Intel64 Family 6 Model 186 Stepping 3, GenuineIntel
TMP=C:\Users\zakar\AppData\Local\Temp
TEMP=C:\Users\zakar\AppData\Local\Temp




Periodic native trim disabled

---------------  S Y S T E M  ---------------

OS:
 Windows 11 , 64 bit Build 26100 (10.0.26100.8875)
OS uptime: 1 days 23:03 hours
Hyper-V role detected

CPU: total 12 (initial active 12) (6 cores per cpu, 2 threads per core) family 6 model 186 stepping 3 microcode 0x6134, cx8, cmov, fxsr, ht, mmx, 3dnowpref, sse, sse2, sse3, ssse3, sse4.1, sse4.2, popcnt, lzcnt, tsc, tscinvbit, avx, avx2, aes, erms, clmul, bmi1, bmi2, adx, sha, fma, vzeroupper, clflush, clflushopt, clwb, hv, serialize, rdtscp, rdpid, fsrm, f16c, cet_ibt, cet_ss
Processor Information for the first 12 processors :
  Max Mhz: 1400, Current Mhz: 1400, Mhz Limit: 1400

Memory: 4k page, system-wide physical 16068M (8007M free)
TotalPageFile size 65220M (AvailPageFile size 0M)
current process WorkingSet (physical memory assigned to process): 652M, peak: 1578M
current process commit charge ("private bytes"): 900M, peak: 3305M

vm_info: OpenJDK 64-Bit Server VM (21.0.11+10-LTS) for windows-amd64 JRE (21.0.11+10-LTS), built on 2026-04-21T00:00:00Z by "admin" with MS VC++ 17.12 (VS2022)

END.
