#
# There is insufficient memory for the Java Runtime Environment to continue.
# Native memory allocation (malloc) failed to allocate 968816 bytes. Error detail: Chunk::new
# Possible reasons:
#   The system is out of physical RAM or swap space
#   This process is running with CompressedOops enabled, and the Java Heap may be blocking the growth of the native heap
# Possible solutions:
#   Reduce memory load on the system
#   Increase physical memory or swap space
#   Check if swap backing store is full
#   Decrease Java heap size (-Xmx/-Xms)
#   Decrease number of Java threads
#   Decrease Java thread stack sizes (-Xss)
#   Set larger code cache with -XX:ReservedCodeCacheSize=
#   JVM is running with Zero Based Compressed Oops mode in which the Java heap is
#     placed in the first 32GB address space. The Java Heap base address is the
#     maximum limit for the native heap growth. Please use -XX:HeapBaseMinAddress
#     to set the Java Heap base and to place the Java Heap above 32GB virtual address.
# This output file may be truncated or incomplete.
#
#  Out of Memory Error (arena.cpp:168), pid=25688, tid=11932
#
# JRE version: OpenJDK Runtime Environment Temurin-21.0.11+10 (21.0.11+10) (build 21.0.11+10-LTS)
# Java VM: OpenJDK 64-Bit Server VM Temurin-21.0.11+10 (21.0.11+10-LTS, mixed mode, sharing, tiered, compressed oops, compressed class ptrs, g1 gc, windows-amd64)
# No core dump will be written. Minidumps are not enabled by default on client versions of Windows
#

---------------  S U M M A R Y ------------

Command Line: --add-opens=java.base/java.lang=ALL-UNNAMED --add-opens=java.base/java.lang.invoke=ALL-UNNAMED --add-opens=java.base/java.util=ALL-UNNAMED --add-opens=java.prefs/java.util.prefs=ALL-UNNAMED --add-exports=jdk.compiler/com.sun.tools.javac.api=ALL-UNNAMED --add-exports=jdk.compiler/com.sun.tools.javac.util=ALL-UNNAMED --add-opens=java.base/java.util=ALL-UNNAMED --add-opens=java.prefs/java.util.prefs=ALL-UNNAMED --add-opens=java.base/java.nio.charset=ALL-UNNAMED --add-opens=java.base/java.net=ALL-UNNAMED --add-opens=java.base/java.util.concurrent.atomic=ALL-UNNAMED --add-opens=java.xml/javax.xml.namespace=ALL-UNNAMED -XX:MaxMetaspaceSize=1g -Xmx4g -Dfile.encoding=UTF-8 -Duser.country=FR -Duser.language=fr -Duser.variant -javaagent:C:\Users\zakar\.gradle\wrapper\dists\gradle-8.11.1-bin\bpt9gzteqjrbo1mjrsomdt32c\gradle-8.11.1\lib\agents\gradle-instrumentation-agent-8.11.1.jar org.gradle.launcher.daemon.bootstrap.GradleDaemon 8.11.1

Host: Intel(R) Core(TM) 5 120U, 12 cores, 15G,  Windows 11 , 64 bit Build 26100 (10.0.26100.8875)
Time: Mon Aug  3 15:30:01 2026 elapsed time: 14.080059 seconds (0d 0h 0m 14s)

---------------  T H R E A D  ---------------

Current thread (0x000001ea7d0bc9d0):  JavaThread "C2 CompilerThread1" daemon [_thread_in_native, id=11932, stack(0x0000004796e00000,0x0000004796f00000) (1024K)]


Current CompileTask:
C2:14080 3788   !   4       java.lang.ClassLoader::loadClass (121 bytes)

Stack: [0x0000004796e00000,0x0000004796f00000]
Native frames: (J=compiled Java code, j=interpreted, Vv=VM code, C=native code)
V  [jvm.dll+0x6d7e19]
V  [jvm.dll+0x8b5096]
V  [jvm.dll+0x8b764e]
V  [jvm.dll+0x8b7d33]
V  [jvm.dll+0x284596]
V  [jvm.dll+0xc685d]
V  [jvm.dll+0xc6da1]
V  [jvm.dll+0x2fb4ee]
V  [jvm.dll+0x5fe9a4]
V  [jvm.dll+0x255d67]
V  [jvm.dll+0x25612d]
V  [jvm.dll+0x24e6a0]
V  [jvm.dll+0x24bbe6]
V  [jvm.dll+0x1cb4ae]
V  [jvm.dll+0x25baad]
V  [jvm.dll+0x25a03a]
V  [jvm.dll+0x3f868e]
V  [jvm.dll+0x85fb0d]
V  [jvm.dll+0x6d664d]
C  [ucrtbase.dll+0x2cd30]
C  [KERNEL32.DLL+0x2e957]
C  [ntdll.dll+0xaad6c]


---------------  P R O C E S S  ---------------

Threads class SMR info:
_java_thread_list=0x000001ea39e3e3c0, length=37, elements={
0x000001ea62cde650, 0x000001ea7d096ba0, 0x000001ea7d098170, 0x000001ea7d09f040,
0x000001ea7d09faa0, 0x000001ea7d0a1070, 0x000001ea7d0a4650, 0x000001ea7d0b9830,
0x000001ea7d0be510, 0x000001ea7d272000, 0x000001ea7d2a3ff0, 0x000001ea7e4598a0,
0x000001ea7ec88d10, 0x000001ea7ec23010, 0x000001ea7ecc46f0, 0x000001ea7ecdb7b0,
0x000001ea7dd83540, 0x000001ea7dd98450, 0x000001ea7ed08bd0, 0x000001ea7ed0a610,
0x000001ea7ed09260, 0x000001ea7ed098f0, 0x000001ea7ed09f80, 0x000001ea7ed0aca0,
0x000001ea7ed07eb0, 0x000001ea7ed08540, 0x000001ea3a020ae0, 0x000001ea3a01f0a0,
0x000001ea3a021e90, 0x000001ea3a01f730, 0x000001ea3a01fdc0, 0x000001ea3a020450,
0x000001ea3a021800, 0x000001ea7d0bc9d0, 0x000001ea3a021170, 0x000001ea394c10b0,
0x000001ea7d0bae90
}

Java Threads: ( => current thread )
  0x000001ea62cde650 JavaThread "main"                              [_thread_blocked, id=16436, stack(0x0000004793b00000,0x0000004793c00000) (1024K)]
  0x000001ea7d096ba0 JavaThread "Reference Handler"          daemon [_thread_blocked, id=14492, stack(0x0000004794300000,0x0000004794400000) (1024K)]
  0x000001ea7d098170 JavaThread "Finalizer"                  daemon [_thread_blocked, id=10016, stack(0x0000004794400000,0x0000004794500000) (1024K)]
  0x000001ea7d09f040 JavaThread "Signal Dispatcher"          daemon [_thread_blocked, id=17284, stack(0x0000004794500000,0x0000004794600000) (1024K)]
  0x000001ea7d09faa0 JavaThread "Attach Listener"            daemon [_thread_blocked, id=29844, stack(0x0000004794600000,0x0000004794700000) (1024K)]
  0x000001ea7d0a1070 JavaThread "Service Thread"             daemon [_thread_blocked, id=21528, stack(0x0000004794700000,0x0000004794800000) (1024K)]
  0x000001ea7d0a4650 JavaThread "Monitor Deflation Thread"   daemon [_thread_blocked, id=3712, stack(0x0000004794800000,0x0000004794900000) (1024K)]
  0x000001ea7d0b9830 JavaThread "C2 CompilerThread0"         daemon [_thread_in_native, id=20908, stack(0x0000004794900000,0x0000004794a00000) (1024K)]
  0x000001ea7d0be510 JavaThread "C1 CompilerThread0"         daemon [_thread_blocked, id=2700, stack(0x0000004794a00000,0x0000004794b00000) (1024K)]
  0x000001ea7d272000 JavaThread "Common-Cleaner"             daemon [_thread_blocked, id=4340, stack(0x0000004794b00000,0x0000004794c00000) (1024K)]
  0x000001ea7d2a3ff0 JavaThread "Notification Thread"        daemon [_thread_blocked, id=6460, stack(0x0000004794c00000,0x0000004794d00000) (1024K)]
  0x000001ea7e4598a0 JavaThread "Daemon health stats"               [_thread_blocked, id=11892, stack(0x0000004794e00000,0x0000004794f00000) (1024K)]
  0x000001ea7ec88d10 JavaThread "Incoming local TCP Connector on port 59344"        [_thread_in_native, id=23980, stack(0x0000004795700000,0x0000004795800000) (1024K)]
  0x000001ea7ec23010 JavaThread "Daemon periodic checks"            [_thread_blocked, id=18920, stack(0x0000004795800000,0x0000004795900000) (1024K)]
  0x000001ea7ecc46f0 JavaThread "Daemon"                            [_thread_blocked, id=29140, stack(0x0000004795900000,0x0000004795a00000) (1024K)]
  0x000001ea7ecdb7b0 JavaThread "Handler for socket connection from /127.0.0.1:59344 to /127.0.0.1:59345"        [_thread_in_native, id=12184, stack(0x0000004795a00000,0x0000004795b00000) (1024K)]
  0x000001ea7dd83540 JavaThread "Cancel handler"                    [_thread_blocked, id=30784, stack(0x0000004795b00000,0x0000004795c00000) (1024K)]
  0x000001ea7dd98450 JavaThread "Daemon worker"                     [_thread_in_vm, id=12444, stack(0x0000004795c00000,0x0000004795d00000) (1024K)]
  0x000001ea7ed08bd0 JavaThread "Asynchronous log dispatcher for DefaultDaemonConnection: socket connection from /127.0.0.1:59344 to /127.0.0.1:59345"        [_thread_blocked, id=21268, stack(0x0000004795d00000,0x0000004795e00000) (1024K)]
  0x000001ea7ed0a610 JavaThread "Stdin handler"                     [_thread_blocked, id=8032, stack(0x0000004795e00000,0x0000004795f00000) (1024K)]
  0x000001ea7ed09260 JavaThread "Daemon client event forwarder"        [_thread_blocked, id=10384, stack(0x0000004795f00000,0x0000004796000000) (1024K)]
  0x000001ea7ed098f0 JavaThread "Cache worker for journal cache (C:\Users\zakar\.gradle\caches\journal-1)"        [_thread_blocked, id=7784, stack(0x0000004796000000,0x0000004796100000) (1024K)]
  0x000001ea7ed09f80 JavaThread "File lock request listener"        [_thread_in_native, id=15128, stack(0x0000004796100000,0x0000004796200000) (1024K)]
  0x000001ea7ed0aca0 JavaThread "Cache worker for file hash cache (C:\Users\zakar\.gradle\caches\8.11.1\fileHashes)"        [_thread_blocked, id=14256, stack(0x0000004796200000,0x0000004796300000) (1024K)]
  0x000001ea7ed07eb0 JavaThread "Cache worker for file content cache (C:\Users\zakar\.gradle\caches\8.11.1\fileContent)"        [_thread_blocked, id=26028, stack(0x0000004796300000,0x0000004796400000) (1024K)]
  0x000001ea7ed08540 JavaThread "Cache worker for file hash cache (C:\Users\zakar\Documents\axelor-LVME\open-suite-webapp\.gradle\8.11.1\fileHashes)"        [_thread_blocked, id=18604, stack(0x0000004796800000,0x0000004796900000) (1024K)]
  0x000001ea3a020ae0 JavaThread "Cache worker for Build Output Cleanup Cache (C:\Users\zakar\Documents\axelor-LVME\open-suite-webapp\.gradle\buildOutputCleanup)"        [_thread_blocked, id=12200, stack(0x0000004796900000,0x0000004796a00000) (1024K)]
  0x000001ea3a01f0a0 JavaThread "Cache worker for Build Output Cleanup Cache (C:\Users\zakar\Documents\axelor-LVME\open-suite-webapp\buildSrc\.gradle\buildOutputCleanup)"        [_thread_blocked, id=27480, stack(0x0000004796a00000,0x0000004796b00000) (1024K)]
  0x000001ea3a021e90 JavaThread "File watcher server"        daemon [_thread_in_native, id=18484, stack(0x0000004796b00000,0x0000004796c00000) (1024K)]
  0x000001ea3a01f730 JavaThread "File watcher consumer"      daemon [_thread_blocked, id=4356, stack(0x0000004796c00000,0x0000004796d00000) (1024K)]
  0x000001ea3a01fdc0 JavaThread "Cache worker for checksums cache (C:\Users\zakar\Documents\axelor-LVME\open-suite-webapp\.gradle\8.11.1\checksums)"        [_thread_blocked, id=14996, stack(0x0000004796400000,0x0000004796500000) (1024K)]
  0x000001ea3a020450 JavaThread "Cache worker for cache directory md-rule (C:\Users\zakar\.gradle\caches\8.11.1\md-rule)"        [_thread_blocked, id=27616, stack(0x0000004794d00000,0x0000004794e00000) (1024K)]
  0x000001ea3a021800 JavaThread "Cache worker for cache directory md-supplier (C:\Users\zakar\.gradle\caches\8.11.1\md-supplier)"        [_thread_blocked, id=28752, stack(0x0000004796d00000,0x0000004796e00000) (1024K)]
=>0x000001ea7d0bc9d0 JavaThread "C2 CompilerThread1"         daemon [_thread_in_native, id=11932, stack(0x0000004796e00000,0x0000004796f00000) (1024K)]
  0x000001ea3a021170 JavaThread "jar transforms"                    [_thread_blocked, id=7740, stack(0x0000004796f00000,0x0000004797000000) (1024K)]
  0x000001ea394c10b0 JavaThread "jar transforms Thread 2"           [_thread_blocked, id=27520, stack(0x0000004797000000,0x0000004797100000) (1024K)]
  0x000001ea7d0bae90 JavaThread "C2 CompilerThread2"         daemon [_thread_in_native, id=23812, stack(0x0000004797100000,0x0000004797200000) (1024K)]
Total: 37

Other Threads:
  0x000001ea7d072d50 VMThread "VM Thread"                           [id=28788, stack(0x0000004794200000,0x0000004794300000) (1024K)]
  0x000001ea7d063ef0 WatcherThread "VM Periodic Task Thread"        [id=28428, stack(0x0000004794100000,0x0000004794200000) (1024K)]
  0x000001ea62d46fd0 WorkerThread "GC Thread#0"                     [id=2268, stack(0x0000004793c00000,0x0000004793d00000) (1024K)]
  0x000001ea7d496490 WorkerThread "GC Thread#1"                     [id=9380, stack(0x0000004794f00000,0x0000004795000000) (1024K)]
  0x000001ea7d94d410 WorkerThread "GC Thread#2"                     [id=4076, stack(0x0000004795000000,0x0000004795100000) (1024K)]
  0x000001ea7d60b110 WorkerThread "GC Thread#3"                     [id=20804, stack(0x0000004795100000,0x0000004795200000) (1024K)]
  0x000001ea7d60b4c0 WorkerThread "GC Thread#4"                     [id=3860, stack(0x0000004795200000,0x0000004795300000) (1024K)]
  0x000001ea7d7e1c80 WorkerThread "GC Thread#5"                     [id=13592, stack(0x0000004795300000,0x0000004795400000) (1024K)]
  0x000001ea7d973cf0 WorkerThread "GC Thread#6"                     [id=12368, stack(0x0000004795400000,0x0000004795500000) (1024K)]
  0x000001ea7d974800 WorkerThread "GC Thread#7"                     [id=14400, stack(0x0000004795500000,0x0000004795600000) (1024K)]
  0x000001ea7d9731e0 WorkerThread "GC Thread#8"                     [id=20560, stack(0x0000004795600000,0x0000004795700000) (1024K)]
  0x000001ea7eb4a660 WorkerThread "GC Thread#9"                     [id=27908, stack(0x0000004796500000,0x0000004796600000) (1024K)]
  0x000001ea62d59d60 ConcurrentGCThread "G1 Main Marker"            [id=18252, stack(0x0000004793d00000,0x0000004793e00000) (1024K)]
  0x000001ea62d5af20 WorkerThread "G1 Conc#0"                       [id=14132, stack(0x0000004793e00000,0x0000004793f00000) (1024K)]
  0x000001ea7eb4b520 WorkerThread "G1 Conc#1"                       [id=5584, stack(0x0000004796600000,0x0000004796700000) (1024K)]
  0x000001ea7eb4c3e0 WorkerThread "G1 Conc#2"                       [id=31264, stack(0x0000004796700000,0x0000004796800000) (1024K)]
  0x000001ea7cf325e0 ConcurrentGCThread "G1 Refine#0"               [id=30228, stack(0x0000004793f00000,0x0000004794000000) (1024K)]
  0x000001ea7cf34e30 ConcurrentGCThread "G1 Service"                [id=14052, stack(0x0000004794000000,0x0000004794100000) (1024K)]
Total: 18

Threads with active compile tasks:
C2 CompilerThread0  20140 3795   !   4       java.net.URLClassLoader::findClass (47 bytes)
C2 CompilerThread1  20140 3788   !   4       java.lang.ClassLoader::loadClass (121 bytes)
C2 CompilerThread2  20140 3801       4       java.net.URLClassLoader$1::run (5 bytes)
Total: 3

VM state: not at safepoint (normal execution)

VM Mutex/Monitor currently owned by a thread: None

Heap address: 0x0000000700000000, size: 4096 MB, Compressed Oops mode: Zero based, Oop shift amount: 3

CDS archive(s) mapped at: [0x000001ea00000000-0x000001ea00ba0000-0x000001ea00ba0000), size 12189696, SharedBaseAddress: 0x000001ea00000000, ArchiveRelocationMode: 1.
Compressed class space mapped at: 0x000001ea01000000-0x000001ea35000000, reserved size: 872415232
Narrow klass base: 0x000001ea00000000, Narrow klass shift: 0, Narrow klass range: 0x100000000

GC Precious Log:
 CardTable entry size: 512
 Card Set container configuration: InlinePtr #cards 4 size 8 Array Of Cards #cards 16 size 48 Howl #buckets 8 coarsen threshold 3686 Howl Bitmap #cards 512 size 80 coarsen threshold 460 Card regions per heap region 1 cards per card region 4096
 CPUs: 12 total, 12 available
 Memory: 16068M
 Large Page Support: Disabled
 NUMA Support: Disabled
 Compressed Oops: Enabled (Zero based)
 Heap Region Size: 2M
 Heap Min Capacity: 8M
 Heap Initial Capacity: 252M
 Heap Max Capacity: 4G
 Pre-touch: Disabled
 Parallel Workers: 10
 Concurrent Workers: 3
 Concurrent Refinement Workers: 10
 Periodic GC: Disabled

Heap:
 garbage-first heap   total 108544K, used 44560K [0x0000000700000000, 0x0000000800000000)
  region size 2048K, 14 young (28672K), 5 survivors (10240K)
 Metaspace       used 31153K, committed 32384K, reserved 917504K
  class space    used 4798K, committed 5376K, reserved 851968K

Heap Regions: E=young(eden), S=young(survivor), O=old, HS=humongous(starts), HC=humongous(continues), CS=collection set, F=free, TAMS=top-at-mark-start, PB=parsable bottom
|   0|0x0000000700000000, 0x0000000700200000, 0x0000000700200000|100%|HS|  |TAMS 0x0000000700000000| PB 0x0000000700000000| Complete 
|   1|0x0000000700200000, 0x0000000700400000, 0x0000000700400000|100%|HC|  |TAMS 0x0000000700200000| PB 0x0000000700200000| Complete 
|   2|0x0000000700400000, 0x0000000700600000, 0x0000000700600000|100%| O|  |TAMS 0x0000000700400000| PB 0x0000000700400000| Untracked 
|   3|0x0000000700600000, 0x0000000700800000, 0x0000000700800000|100%| O|  |TAMS 0x0000000700600000| PB 0x0000000700600000| Untracked 
|   4|0x0000000700800000, 0x0000000700a00000, 0x0000000700a00000|100%| O|  |TAMS 0x0000000700800000| PB 0x0000000700800000| Untracked 
|   5|0x0000000700a00000, 0x0000000700b3c0b8, 0x0000000700c00000| 61%| O|Cm|TAMS 0x0000000700a00000| PB 0x0000000700a00000| Complete 
|   6|0x0000000700c00000, 0x0000000700c00000, 0x0000000700e00000|  0%| F|  |TAMS 0x0000000700c00000| PB 0x0000000700c00000| Untracked 
|   7|0x0000000700e00000, 0x0000000700e00000, 0x0000000701000000|  0%| F|  |TAMS 0x0000000700e00000| PB 0x0000000700e00000| Untracked 
|   8|0x0000000701000000, 0x0000000701000000, 0x0000000701200000|  0%| F|  |TAMS 0x0000000701000000| PB 0x0000000701000000| Untracked 
|   9|0x0000000701200000, 0x0000000701200000, 0x0000000701400000|  0%| F|  |TAMS 0x0000000701200000| PB 0x0000000701200000| Untracked 
|  10|0x0000000701400000, 0x0000000701400000, 0x0000000701600000|  0%| F|  |TAMS 0x0000000701400000| PB 0x0000000701400000| Untracked 
|  11|0x0000000701600000, 0x0000000701600000, 0x0000000701800000|  0%| F|  |TAMS 0x0000000701600000| PB 0x0000000701600000| Untracked 
|  12|0x0000000701800000, 0x0000000701800000, 0x0000000701a00000|  0%| F|  |TAMS 0x0000000701800000| PB 0x0000000701800000| Untracked 
|  13|0x0000000701a00000, 0x0000000701a00000, 0x0000000701c00000|  0%| F|  |TAMS 0x0000000701a00000| PB 0x0000000701a00000| Untracked 
|  14|0x0000000701c00000, 0x0000000701c00000, 0x0000000701e00000|  0%| F|  |TAMS 0x0000000701c00000| PB 0x0000000701c00000| Untracked 
|  15|0x0000000701e00000, 0x0000000701e00000, 0x0000000702000000|  0%| F|  |TAMS 0x0000000701e00000| PB 0x0000000701e00000| Untracked 
|  16|0x0000000702000000, 0x0000000702000000, 0x0000000702200000|  0%| F|  |TAMS 0x0000000702000000| PB 0x0000000702000000| Untracked 
|  17|0x0000000702200000, 0x0000000702200000, 0x0000000702400000|  0%| F|  |TAMS 0x0000000702200000| PB 0x0000000702200000| Untracked 
|  18|0x0000000702400000, 0x0000000702400000, 0x0000000702600000|  0%| F|  |TAMS 0x0000000702400000| PB 0x0000000702400000| Untracked 
|  19|0x0000000702600000, 0x0000000702600000, 0x0000000702800000|  0%| F|  |TAMS 0x0000000702600000| PB 0x0000000702600000| Untracked 
|  20|0x0000000702800000, 0x0000000702800000, 0x0000000702a00000|  0%| F|  |TAMS 0x0000000702800000| PB 0x0000000702800000| Untracked 
|  21|0x0000000702a00000, 0x0000000702a00000, 0x0000000702c00000|  0%| F|  |TAMS 0x0000000702a00000| PB 0x0000000702a00000| Untracked 
|  22|0x0000000702c00000, 0x0000000702c00000, 0x0000000702e00000|  0%| F|  |TAMS 0x0000000702c00000| PB 0x0000000702c00000| Untracked 
|  23|0x0000000702e00000, 0x0000000702e00000, 0x0000000703000000|  0%| F|  |TAMS 0x0000000702e00000| PB 0x0000000702e00000| Untracked 
|  24|0x0000000703000000, 0x0000000703000000, 0x0000000703200000|  0%| F|  |TAMS 0x0000000703000000| PB 0x0000000703000000| Untracked 
|  25|0x0000000703200000, 0x0000000703200000, 0x0000000703400000|  0%| F|  |TAMS 0x0000000703200000| PB 0x0000000703200000| Untracked 
|  26|0x0000000703400000, 0x0000000703400000, 0x0000000703600000|  0%| F|  |TAMS 0x0000000703400000| PB 0x0000000703400000| Untracked 
|  27|0x0000000703600000, 0x0000000703600000, 0x0000000703800000|  0%| F|  |TAMS 0x0000000703600000| PB 0x0000000703600000| Untracked 
|  28|0x0000000703800000, 0x0000000703800000, 0x0000000703a00000|  0%| F|  |TAMS 0x0000000703800000| PB 0x0000000703800000| Untracked 
|  29|0x0000000703a00000, 0x0000000703a00000, 0x0000000703c00000|  0%| F|  |TAMS 0x0000000703a00000| PB 0x0000000703a00000| Untracked 
|  30|0x0000000703c00000, 0x0000000703c00000, 0x0000000703e00000|  0%| F|  |TAMS 0x0000000703c00000| PB 0x0000000703c00000| Untracked 
|  31|0x0000000703e00000, 0x0000000703e00000, 0x0000000704000000|  0%| F|  |TAMS 0x0000000703e00000| PB 0x0000000703e00000| Untracked 
|  32|0x0000000704000000, 0x0000000704000000, 0x0000000704200000|  0%| F|  |TAMS 0x0000000704000000| PB 0x0000000704000000| Untracked 
|  33|0x0000000704200000, 0x0000000704200000, 0x0000000704400000|  0%| F|  |TAMS 0x0000000704200000| PB 0x0000000704200000| Untracked 
|  34|0x0000000704400000, 0x0000000704400000, 0x0000000704600000|  0%| F|  |TAMS 0x0000000704400000| PB 0x0000000704400000| Untracked 
|  35|0x0000000704600000, 0x0000000704777788, 0x0000000704800000| 73%| E|  |TAMS 0x0000000704600000| PB 0x0000000704600000| Complete 
|  36|0x0000000704800000, 0x0000000704a00000, 0x0000000704a00000|100%| S|CS|TAMS 0x0000000704800000| PB 0x0000000704800000| Complete 
|  37|0x0000000704a00000, 0x0000000704c00000, 0x0000000704c00000|100%| S|CS|TAMS 0x0000000704a00000| PB 0x0000000704a00000| Complete 
|  38|0x0000000704c00000, 0x0000000704e00000, 0x0000000704e00000|100%| S|CS|TAMS 0x0000000704c00000| PB 0x0000000704c00000| Complete 
|  39|0x0000000704e00000, 0x0000000705000000, 0x0000000705000000|100%| S|CS|TAMS 0x0000000704e00000| PB 0x0000000704e00000| Complete 
|  40|0x0000000705000000, 0x00000007051ad0b0, 0x0000000705200000| 83%| S|CS|TAMS 0x0000000705000000| PB 0x0000000705000000| Complete 
|  73|0x0000000709200000, 0x0000000709400000, 0x0000000709400000|100%| E|CS|TAMS 0x0000000709200000| PB 0x0000000709200000| Complete 
|  74|0x0000000709400000, 0x0000000709600000, 0x0000000709600000|100%| E|CS|TAMS 0x0000000709400000| PB 0x0000000709400000| Complete 
|  75|0x0000000709600000, 0x0000000709800000, 0x0000000709800000|100%| E|CS|TAMS 0x0000000709600000| PB 0x0000000709600000| Complete 
|  76|0x0000000709800000, 0x0000000709a00000, 0x0000000709a00000|100%| E|CS|TAMS 0x0000000709800000| PB 0x0000000709800000| Complete 
|  77|0x0000000709a00000, 0x0000000709c00000, 0x0000000709c00000|100%| E|CS|TAMS 0x0000000709a00000| PB 0x0000000709a00000| Complete 
|  78|0x0000000709c00000, 0x0000000709e00000, 0x0000000709e00000|100%| E|CS|TAMS 0x0000000709c00000| PB 0x0000000709c00000| Complete 
|  79|0x0000000709e00000, 0x000000070a000000, 0x000000070a000000|100%| E|CS|TAMS 0x0000000709e00000| PB 0x0000000709e00000| Complete 
| 125|0x000000070fa00000, 0x000000070fc00000, 0x000000070fc00000|100%| E|CS|TAMS 0x000000070fa00000| PB 0x000000070fa00000| Complete 
|2044|0x00000007ff800000, 0x00000007ff89b228, 0x00000007ffa00000| 30%| O|  |TAMS 0x00000007ff800000| PB 0x00000007ff800000| Untracked 
|2045|0x00000007ffa00000, 0x00000007ffc00000, 0x00000007ffc00000|100%| O|  |TAMS 0x00000007ffa00000| PB 0x00000007ffa00000| Untracked 
|2046|0x00000007ffc00000, 0x00000007ffe00000, 0x00000007ffe00000|100%| O|  |TAMS 0x00000007ffc00000| PB 0x00000007ffc00000| Untracked 
|2047|0x00000007ffe00000, 0x0000000800000000, 0x0000000800000000|100%| O|  |TAMS 0x00000007ffe00000| PB 0x00000007ffe00000| Untracked 

Card table byte_map: [0x000001ea75c30000,0x000001ea76430000] _byte_map_base: 0x000001ea72430000

Marking Bits: (CMBitMap*) 0x000001ea62d475f0
 Bits: [0x000001ea76430000, 0x000001ea7a430000)

Polling page: 0x000001ea60ab0000

Metaspace:

Usage:
  Non-class:     25.75 MB used.
      Class:      4.69 MB used.
       Both:     30.44 MB used.

Virtual space:
  Non-class space:       64.00 MB reserved,      26.38 MB ( 41%) committed,  1 nodes.
      Class space:      832.00 MB reserved,       5.25 MB ( <1%) committed,  1 nodes.
             Both:      896.00 MB reserved,      31.62 MB (  4%) committed. 

Chunk freelists:
   Non-Class:  4.94 MB
       Class:  10.56 MB
        Both:  15.50 MB

MaxMetaspaceSize: 1.00 GB
CompressedClassSpaceSize: 832.00 MB
Initial GC threshold: 21.00 MB
Current GC threshold: 35.12 MB
CDS: on
 - commit_granule_bytes: 65536.
 - commit_granule_words: 8192.
 - virtual_space_node_default_size: 8388608.
 - enlarge_chunks_in_place: 1.
 - use_allocation_guard: 0.


Internal statistics:

num_allocs_failed_limit: 3.
num_arena_births: 2194.
num_arena_deaths: 0.
num_vsnodes_births: 2.
num_vsnodes_deaths: 0.
num_space_committed: 506.
num_space_uncommitted: 0.
num_chunks_returned_to_freelist: 3.
num_chunks_taken_from_freelist: 3689.
num_chunk_merges: 3.
num_chunk_splits: 2382.
num_chunks_enlarged: 1445.
num_inconsistent_stats: 0.

CodeHeap 'non-profiled nmethods': size=120000Kb used=2245Kb max_used=2245Kb free=117754Kb
 bounds [0x000001ea6d9b0000, 0x000001ea6dc20000, 0x000001ea74ee0000]
CodeHeap 'profiled nmethods': size=120000Kb used=7932Kb max_used=7932Kb free=112067Kb
 bounds [0x000001ea65ee0000, 0x000001ea666a0000, 0x000001ea6d410000]
CodeHeap 'non-nmethods': size=5760Kb used=1445Kb max_used=1480Kb free=4314Kb
 bounds [0x000001ea6d410000, 0x000001ea6d680000, 0x000001ea6d9b0000]
CodeCache: size=245760Kb, used=11622Kb, max_used=11657Kb, free=234135Kb
 total_blobs=4439, nmethods=3843, adapters=500, full_count=0
Compilation: enabled, stopped_count=0, restarted_count=0

Compilation events (20 events):
Event: 8.018 Thread 0x000001ea7d0be510 nmethod 3824 0x000001ea66691310 code [0x000001ea666914c0, 0x000001ea66691610]
Event: 8.018 Thread 0x000001ea7d0be510 3825       3       org.gradle.launcher.daemon.server.exec.DaemonConnectionBackedEventConsumer$ForwardEvents::moreMessagesToSend (35 bytes)
Event: 8.018 Thread 0x000001ea7d0be510 nmethod 3825 0x000001ea66691690 code [0x000001ea66691840, 0x000001ea66691ae8]
Event: 8.744 Thread 0x000001ea7d0be510 3827       1       java.util.Spliterators$EmptySpliterator::characteristics (4 bytes)
Event: 8.744 Thread 0x000001ea7d0be510 nmethod 3827 0x000001ea6dbe0710 code [0x000001ea6dbe08a0, 0x000001ea6dbe0968]
Event: 8.962 Thread 0x000001ea7d0be510 3828       3       java.util.concurrent.locks.AbstractQueuedSynchronizer$Node::setStatusRelaxed (12 bytes)
Event: 8.962 Thread 0x000001ea7d0be510 nmethod 3828 0x000001ea66691c10 code [0x000001ea66691da0, 0x000001ea66691eb8]
Event: 9.224 Thread 0x000001ea7d0be510 3829       3       java.util.concurrent.locks.AbstractQueuedSynchronizer$ConditionObject::enableWait (84 bytes)
Event: 9.225 Thread 0x000001ea7d0be510 nmethod 3829 0x000001ea66691f90 code [0x000001ea666921c0, 0x000001ea66692938]
Event: 9.240 Thread 0x000001ea7d0be510 3830       3       java.util.concurrent.locks.AbstractQueuedSynchronizer$Node::clearStatus (12 bytes)
Event: 9.240 Thread 0x000001ea7d0be510 nmethod 3830 0x000001ea66692b90 code [0x000001ea66692d40, 0x000001ea66692ed8]
Event: 9.240 Thread 0x000001ea7d0be510 3831   !   3       java.util.concurrent.locks.AbstractQueuedSynchronizer::reacquire (64 bytes)
Event: 9.240 Thread 0x000001ea7d0be510 nmethod 3831 0x000001ea66692f90 code [0x000001ea66693160, 0x000001ea666934d0]
Event: 9.363 Thread 0x000001ea7d0be510 3832       3       java.util.concurrent.locks.AbstractQueuedSynchronizer$ConditionObject::unlinkCancelledWaiters (91 bytes)
Event: 9.364 Thread 0x000001ea7d0be510 nmethod 3832 0x000001ea66693690 code [0x000001ea66693860, 0x000001ea66693ce8]
Event: 9.730 Thread 0x000001ea7d0be510 3833       1       javax.management.ObjectName$Property::setKeyIndex (6 bytes)
Event: 10.032 Thread 0x000001ea7d0be510 nmethod 3833 0x000001ea6dbe0a10 code [0x000001ea6dbe0ba0, 0x000001ea6dbe0c68]
Event: 10.032 Thread 0x000001ea7d0be510 3835   !   3       org.gradle.launcher.daemon.server.exec.DaemonConnectionBackedEventConsumer$ForwardEvents::getNextEvent (27 bytes)
Event: 10.033 Thread 0x000001ea7d0be510 nmethod 3835 0x000001ea66693e10 code [0x000001ea66693fc0, 0x000001ea66694240]
Event: 10.744 Thread 0x000001ea7d0be510 3836       3       java.util.stream.Sink$ChainedReference::cancellationRequested (10 bytes)

GC Heap History (10 events):
Event: 0.599 GC heap before
{Heap before GC invocations=0 (full 0):
 garbage-first heap   total 258048K, used 20480K [0x0000000700000000, 0x0000000800000000)
  region size 2048K, 11 young (22528K), 0 survivors (0K)
 Metaspace       used 1053K, committed 1152K, reserved 917504K
  class space    used 81K, committed 128K, reserved 851968K
}
Event: 0.602 GC heap after
{Heap after GC invocations=1 (full 0):
 garbage-first heap   total 258048K, used 2041K [0x0000000700000000, 0x0000000800000000)
  region size 2048K, 1 young (2048K), 1 survivors (2048K)
 Metaspace       used 1053K, committed 1152K, reserved 917504K
  class space    used 81K, committed 128K, reserved 851968K
}
Event: 1.699 GC heap before
{Heap before GC invocations=1 (full 0):
 garbage-first heap   total 258048K, used 47097K [0x0000000700000000, 0x0000000800000000)
  region size 2048K, 21 young (43008K), 1 survivors (2048K)
 Metaspace       used 4387K, committed 4544K, reserved 917504K
  class space    used 554K, committed 640K, reserved 851968K
}
Event: 1.703 GC heap after
{Heap after GC invocations=2 (full 0):
 garbage-first heap   total 258048K, used 11394K [0x0000000700000000, 0x0000000800000000)
  region size 2048K, 3 young (6144K), 3 survivors (6144K)
 Metaspace       used 4387K, committed 4544K, reserved 917504K
  class space    used 554K, committed 640K, reserved 851968K
}
Event: 2.853 GC heap before
{Heap before GC invocations=2 (full 0):
 garbage-first heap   total 258048K, used 64642K [0x0000000700000000, 0x0000000800000000)
  region size 2048K, 29 young (59392K), 3 survivors (6144K)
 Metaspace       used 7640K, committed 8000K, reserved 917504K
  class space    used 1047K, committed 1216K, reserved 851968K
}
Event: 2.861 GC heap after
{Heap after GC invocations=3 (full 0):
 garbage-first heap   total 258048K, used 18662K [0x0000000700000000, 0x0000000800000000)
  region size 2048K, 4 young (8192K), 4 survivors (8192K)
 Metaspace       used 7640K, committed 8000K, reserved 917504K
  class space    used 1047K, committed 1216K, reserved 851968K
}
Event: 5.192 GC heap before
{Heap before GC invocations=3 (full 0):
 garbage-first heap   total 258048K, used 102630K [0x0000000700000000, 0x0000000800000000)
  region size 2048K, 46 young (94208K), 4 survivors (8192K)
 Metaspace       used 20781K, committed 21504K, reserved 917504K
  class space    used 3076K, committed 3456K, reserved 851968K
}
Event: 5.201 GC heap after
{Heap after GC invocations=4 (full 0):
 garbage-first heap   total 258048K, used 24759K [0x0000000700000000, 0x0000000800000000)
  region size 2048K, 7 young (14336K), 7 survivors (14336K)
 Metaspace       used 20781K, committed 21504K, reserved 917504K
  class space    used 3076K, committed 3456K, reserved 851968K
}
Event: 6.605 GC heap before
{Heap before GC invocations=5 (full 0):
 garbage-first heap   total 90112K, used 88247K [0x0000000700000000, 0x0000000800000000)
  region size 2048K, 38 young (77824K), 7 survivors (14336K)
 Metaspace       used 28620K, committed 29824K, reserved 917504K
  class space    used 4379K, committed 4992K, reserved 851968K
}
Event: 6.613 GC heap after
{Heap after GC invocations=6 (full 0):
 garbage-first heap   total 108544K, used 28176K [0x0000000700000000, 0x0000000800000000)
  region size 2048K, 5 young (10240K), 5 survivors (10240K)
 Metaspace       used 28620K, committed 29824K, reserved 917504K
  class space    used 4379K, committed 4992K, reserved 851968K
}

Dll operation events (14 events):
Event: 0.017 Loaded shared library C:\Users\zakar\.vscode\extensions\redhat.java-1.55.0-win32-x64\jre\21.0.11-win32-x86_64\bin\java.dll
Event: 0.099 Loaded shared library C:\Users\zakar\.vscode\extensions\redhat.java-1.55.0-win32-x64\jre\21.0.11-win32-x86_64\bin\zip.dll
Event: 0.129 Loaded shared library C:\Users\zakar\.vscode\extensions\redhat.java-1.55.0-win32-x64\jre\21.0.11-win32-x86_64\bin\instrument.dll
Event: 0.135 Loaded shared library C:\Users\zakar\.vscode\extensions\redhat.java-1.55.0-win32-x64\jre\21.0.11-win32-x86_64\bin\net.dll
Event: 0.139 Loaded shared library C:\Users\zakar\.vscode\extensions\redhat.java-1.55.0-win32-x64\jre\21.0.11-win32-x86_64\bin\nio.dll
Event: 0.142 Loaded shared library C:\Users\zakar\.vscode\extensions\redhat.java-1.55.0-win32-x64\jre\21.0.11-win32-x86_64\bin\zip.dll
Event: 0.515 Loaded shared library C:\Users\zakar\.vscode\extensions\redhat.java-1.55.0-win32-x64\jre\21.0.11-win32-x86_64\bin\jimage.dll
Event: 0.717 Loaded shared library C:\Users\zakar\.vscode\extensions\redhat.java-1.55.0-win32-x64\jre\21.0.11-win32-x86_64\bin\verify.dll
Event: 0.913 Loaded shared library C:\Users\zakar\.gradle\native\c067742578af261105cb4f569cf0c3c89f3d7b1fecec35dd04571415982c5e48\windows-amd64\native-platform.dll
Event: 0.926 Loaded shared library C:\Users\zakar\.gradle\native\100fb08df4bc3b14c8652ba06237920a3bd2aa13389f12d3474272988ae205f9\windows-amd64\native-platform-file-events.dll
Event: 2.686 Loaded shared library C:\Users\zakar\.vscode\extensions\redhat.java-1.55.0-win32-x64\jre\21.0.11-win32-x86_64\bin\management.dll
Event: 2.693 Loaded shared library C:\Users\zakar\.vscode\extensions\redhat.java-1.55.0-win32-x64\jre\21.0.11-win32-x86_64\bin\management_ext.dll
Event: 2.980 Loaded shared library C:\Users\zakar\.vscode\extensions\redhat.java-1.55.0-win32-x64\jre\21.0.11-win32-x86_64\bin\extnet.dll
Event: 3.194 Loaded shared library C:\Users\zakar\.vscode\extensions\redhat.java-1.55.0-win32-x64\jre\21.0.11-win32-x86_64\bin\sunmscapi.dll

Deoptimization events (20 events):
Event: 6.850 Thread 0x000001ea7dd98450 DEOPT UNPACKING pc=0x000001ea6d464422 sp=0x0000004795cfa250 mode 2
Event: 6.850 Thread 0x000001ea7dd98450 Uncommon trap: trap_request=0xffffffde fr.pc=0x000001ea6da22938 relative=0x00000000000010d8
Event: 6.850 Thread 0x000001ea7dd98450 Uncommon trap: reason=class_check action=maybe_recompile pc=0x000001ea6da22938 method=jdk.internal.loader.URLClassPath.getLoader(I)Ljdk/internal/loader/URLClassPath$Loader; @ 88 c2
Event: 6.850 Thread 0x000001ea7dd98450 DEOPT PACKING pc=0x000001ea6da22938 sp=0x0000004795cfa660
Event: 6.850 Thread 0x000001ea7dd98450 DEOPT UNPACKING pc=0x000001ea6d464422 sp=0x0000004795cfa650 mode 2
Event: 6.850 Thread 0x000001ea7dd98450 Uncommon trap: trap_request=0xffffffde fr.pc=0x000001ea6db49eb4 relative=0x00000000000041d4
Event: 6.850 Thread 0x000001ea7dd98450 Uncommon trap: reason=class_check action=maybe_recompile pc=0x000001ea6db49eb4 method=jdk.internal.loader.URLClassPath.getResource(Ljava/lang/String;Z)Ljdk/internal/loader/Resource; @ 53 c2
Event: 6.850 Thread 0x000001ea7dd98450 DEOPT PACKING pc=0x000001ea6db49eb4 sp=0x0000004795cfa720
Event: 6.850 Thread 0x000001ea7dd98450 DEOPT UNPACKING pc=0x000001ea6d464422 sp=0x0000004795cfa540 mode 2
Event: 6.854 Thread 0x000001ea7dd98450 Uncommon trap: trap_request=0xffffff45 fr.pc=0x000001ea6dac2c98 relative=0x00000000000000f8
Event: 6.854 Thread 0x000001ea7dd98450 Uncommon trap: reason=unstable_if action=reinterpret pc=0x000001ea6dac2c98 method=java.lang.ClassLoader.getClassLoadingLock(Ljava/lang/String;)Ljava/lang/Object; @ 6 c2
Event: 6.854 Thread 0x000001ea7dd98450 DEOPT PACKING pc=0x000001ea6dac2c98 sp=0x0000004795cf8cb0
Event: 6.854 Thread 0x000001ea7dd98450 DEOPT UNPACKING pc=0x000001ea6d464422 sp=0x0000004795cf8c40 mode 2
Event: 6.855 Thread 0x000001ea7dd98450 Uncommon trap: trap_request=0xffffff45 fr.pc=0x000001ea6db57d80 relative=0x00000000000008e0
Event: 6.855 Thread 0x000001ea7dd98450 Uncommon trap: reason=unstable_if action=reinterpret pc=0x000001ea6db57d80 method=java.lang.Class.getPackageName()Ljava/lang/String; @ 55 c2
Event: 6.855 Thread 0x000001ea7dd98450 DEOPT PACKING pc=0x000001ea6db57d80 sp=0x0000004795cfa300
Event: 6.855 Thread 0x000001ea7dd98450 DEOPT UNPACKING pc=0x000001ea6d464422 sp=0x0000004795cfa2c0 mode 2
Event: 10.036 Thread 0x000001ea7dd98450 DEOPT PACKING pc=0x000001ea66395a49 sp=0x0000004795cf8470
Event: 10.036 Thread 0x000001ea7dd98450 DEOPT UNPACKING pc=0x000001ea6d464bc2 sp=0x0000004795cf7970 mode 0
Event: 13.730 Thread 0x000001ea7e4598a0 Uncommon trap: trap_request=0xffffff45 fr.pc=0x000001ea6daa742c relative=0x000000000000018c

Classes loaded (20 events):
Event: 6.869 Loading class java/beans/Transient done
Event: 6.878 Loading class java/util/stream/IntPipeline$1
Event: 6.878 Loading class java/util/stream/IntPipeline$1 done
Event: 6.878 Loading class java/util/stream/IntPipeline$1$1
Event: 6.879 Loading class java/util/stream/Sink$ChainedInt
Event: 6.879 Loading class java/util/stream/Sink$OfInt
Event: 6.879 Loading class java/util/stream/Sink$OfInt done
Event: 6.879 Loading class java/util/stream/Sink$ChainedInt done
Event: 6.879 Loading class java/util/stream/IntPipeline$1$1 done
Event: 6.892 Loading class java/lang/IllegalAccessError
Event: 6.892 Loading class java/lang/IllegalAccessError done
Event: 6.903 Loading class java/lang/Process
Event: 6.903 Loading class java/lang/Process done
Event: 6.903 Loading class java/lang/ProcessBuilder
Event: 6.904 Loading class java/lang/ProcessBuilder done
Event: 6.986 Loading class java/util/EventListener
Event: 6.987 Loading class java/util/EventListener done
Event: 10.040 Loading class java/util/BitSet
Event: 10.041 Loading class java/util/BitSet done
Event: 13.152 Loading class java/util/concurrent/LinkedBlockingDeque$Itr

Classes unloaded (0 events):
No events

Classes redefined (0 events):
No events

Internal exceptions (20 events):
Event: 6.491 Thread 0x000001ea7dd98450 Exception <a 'java/lang/NoSuchMethodError'{0x0000000701314620}: 'java.lang.Object java.lang.invoke.DelegatingMethodHandle$Holder.reinvoke_L(java.lang.Object, java.lang.Object, java.lang.Object, java.lang.Object, java.lang.Object, java.lang.Object, java.lang.Object, java.lang.Object, java.lang.Object, java.lang.Object, java.lang.Object, java.lang.Object, java.lang.Object, java.lang.Object, java.lang.Object)'> (0x0000000701314620) 
thrown [s\src\hotspot\share\interpreter\linkResolver.cpp, line 773]
Event: 6.522 Thread 0x000001ea7dd98450 Exception <a 'java/lang/NoSuchMethodError'{0x00000007010b5588}: 'java.lang.Object java.lang.invoke.DelegatingMethodHandle$Holder.reinvoke_L(java.lang.Object, java.lang.Object, java.lang.Object, java.lang.Object, java.lang.Object, java.lang.Object, java.lang.Object, java.lang.Object, java.lang.Object, java.lang.Object, java.lang.Object, java.lang.Object, java.lang.Object, java.lang.Object, java.lang.Object, java.lang.Object, java.lang.Object, java.lang.Object, java.lang.Object, java.lang.Object, java.lang.O
Event: 6.530 Thread 0x000001ea7dd98450 Exception <a 'java/lang/NoSuchMethodError'{0x00000007011941e8}: 'java.lang.Object java.lang.invoke.DirectMethodHandle$Holder.invokeStatic(java.lang.Object, java.lang.Object, java.lang.Object, java.lang.Object, java.lang.Object, java.lang.Object, java.lang.Object, java.lang.Object, java.lang.Object, java.lang.Object, java.lang.Object, java.lang.Object, java.lang.Object, java.lang.Object, java.lang.Object, java.lang.Object, java.lang.Object, java.lang.Object, java.lang.Object, java.lang.Object, java.lang.Obj
Event: 6.533 Thread 0x000001ea7dd98450 Exception <a 'java/lang/NoSuchMethodError'{0x00000007011c8fd0}: 'java.lang.Object java.lang.invoke.DirectMethodHandle$Holder.invokeStatic(java.lang.Object, java.lang.Object, java.lang.Object, java.lang.Object, java.lang.Object, java.lang.Object, java.lang.Object, java.lang.Object, java.lang.Object, java.lang.Object, java.lang.Object, java.lang.Object, java.lang.Object, java.lang.Object, java.lang.Object, java.lang.Object, java.lang.Object, java.lang.Object, java.lang.Object, java.lang.Object, java.lang.Obj
Event: 6.536 Thread 0x000001ea7dd98450 Exception <a 'java/lang/NoSuchMethodError'{0x0000000700e00318}: 'java.lang.Object java.lang.invoke.DirectMethodHandle$Holder.invokeStatic(java.lang.Object, java.lang.Object, java.lang.Object, java.lang.Object, java.lang.Object, java.lang.Object, java.lang.Object, java.lang.Object, java.lang.Object, java.lang.Object, java.lang.Object, java.lang.Object, java.lang.Object, java.lang.Object, java.lang.Object, java.lang.Object, java.lang.Object, java.lang.Object, java.lang.Object, java.lang.Object, java.lang.Obj
Event: 6.549 Thread 0x000001ea7dd98450 Exception <a 'java/lang/NoSuchMethodError'{0x0000000700ea0180}: 'java.lang.Object java.lang.invoke.DirectMethodHandle$Holder.newInvokeSpecial(java.lang.Object, java.lang.Object, java.lang.Object, java.lang.Object, java.lang.Object, java.lang.Object, java.lang.Object, java.lang.Object, java.lang.Object, java.lang.Object, java.lang.Object, java.lang.Object, java.lang.Object, java.lang.Object, java.lang.Object, java.lang.Object, java.lang.Object, java.lang.Object, java.lang.Object)'> (0x0000000700ea0180) 
thr
Event: 6.550 Thread 0x000001ea7dd98450 Exception <a 'java/lang/NoSuchMethodError'{0x0000000700ea6bc0}: 'java.lang.Object java.lang.invoke.DirectMethodHandle$Holder.invokeSpecial(java.lang.Object, java.lang.Object, java.lang.Object, java.lang.Object, java.lang.Object, java.lang.Object, java.lang.Object, java.lang.Object, java.lang.Object, java.lang.Object, java.lang.Object, java.lang.Object, java.lang.Object, java.lang.Object, java.lang.Object, java.lang.Object, java.lang.Object, java.lang.Object, java.lang.Object, java.lang.Object)'> (0x0000000
Event: 6.550 Thread 0x000001ea7dd98450 Exception <a 'java/lang/NoSuchMethodError'{0x0000000700eac1d0}: 'java.lang.Object java.lang.invoke.DelegatingMethodHandle$Holder.reinvoke_L(java.lang.Object, java.lang.Object, java.lang.Object, java.lang.Object, java.lang.Object, java.lang.Object, java.lang.Object, java.lang.Object, java.lang.Object, java.lang.Object, java.lang.Object, java.lang.Object, java.lang.Object, java.lang.Object, java.lang.Object, java.lang.Object, java.lang.Object, java.lang.Object, java.lang.Object)'> (0x0000000700eac1d0) 
throw
Event: 6.664 Thread 0x000001ea7dd98450 Exception <a 'java/lang/IncompatibleClassChangeError'{0x0000000709f3b890}: Found class java.lang.Object, but interface was expected> (0x0000000709f3b890) 
thrown [s\src\hotspot\share\interpreter\linkResolver.cpp, line 840]
Event: 6.687 Thread 0x000001ea7dd98450 Exception <a 'java/lang/NoSuchMethodError'{0x0000000709ff5840}: 'java.lang.Object java.lang.invoke.DirectMethodHandle$Holder.newInvokeSpecial(java.lang.Object, java.lang.Object, long)'> (0x0000000709ff5840) 
thrown [s\src\hotspot\share\interpreter\linkResolver.cpp, line 773]
Event: 6.687 Thread 0x000001ea7dd98450 Exception <a 'java/lang/NoSuchMethodError'{0x0000000709ff9be8}: 'java.lang.Object java.lang.invoke.Invokers$Holder.linkToTargetMethod(java.lang.Object, long, java.lang.Object)'> (0x0000000709ff9be8) 
thrown [s\src\hotspot\share\interpreter\linkResolver.cpp, line 773]
Event: 6.735 Thread 0x000001ea7dd98450 Exception <a 'java/lang/NoSuchMethodError'{0x0000000709abd2f8}: 'int java.lang.invoke.DirectMethodHandle$Holder.invokeInterface(java.lang.Object, java.lang.Object)'> (0x0000000709abd2f8) 
thrown [s\src\hotspot\share\interpreter\linkResolver.cpp, line 773]
Event: 6.743 Thread 0x000001ea7dd98450 Exception <a 'java/lang/NoSuchMethodError'{0x0000000709b29aa0}: 'java.lang.Object java.lang.invoke.DirectMethodHandle$Holder.invokeVirtual(java.lang.Object, java.lang.Object, int)'> (0x0000000709b29aa0) 
thrown [s\src\hotspot\share\interpreter\linkResolver.cpp, line 773]
Event: 6.760 Thread 0x000001ea7dd98450 Exception <a 'java/lang/NoSuchMethodError'{0x0000000709829778}: 'java.lang.Object java.lang.invoke.DirectMethodHandle$Holder.invokeStatic(java.lang.Object, java.lang.Object, int, java.lang.Object)'> (0x0000000709829778) 
thrown [s\src\hotspot\share\interpreter\linkResolver.cpp, line 773]
Event: 6.760 Thread 0x000001ea7dd98450 Exception <a 'java/lang/NoSuchMethodError'{0x0000000709830bd0}: 'java.lang.Object java.lang.invoke.DirectMethodHandle$Holder.newInvokeSpecial(java.lang.Object, java.lang.Object, int, java.lang.Object)'> (0x0000000709830bd0) 
thrown [s\src\hotspot\share\interpreter\linkResolver.cpp, line 773]
Event: 6.760 Thread 0x000001ea7dd98450 Exception <a 'java/lang/NoSuchMethodError'{0x0000000709835368}: 'java.lang.Object java.lang.invoke.DirectMethodHandle$Holder.invokeSpecial(java.lang.Object, java.lang.Object, java.lang.Object, int, java.lang.Object)'> (0x0000000709835368) 
thrown [s\src\hotspot\share\interpreter\linkResolver.cpp, line 773]
Event: 6.847 Thread 0x000001ea7dd98450 Exception <a 'java/lang/NoSuchMethodError'{0x00000007096f1ab0}: 'void java.lang.invoke.DirectMethodHandle$Holder.invokeInterface(java.lang.Object, java.lang.Object, java.lang.Object, java.lang.Object, java.lang.Object, java.lang.Object, java.lang.Object)'> (0x00000007096f1ab0) 
thrown [s\src\hotspot\share\interpreter\linkResolver.cpp, line 773]
Event: 6.847 Thread 0x000001ea7dd98450 Exception <a 'java/lang/NoSuchMethodError'{0x00000007096f6438}: 'void java.lang.invoke.DelegatingMethodHandle$Holder.reinvoke_L(java.lang.Object, java.lang.Object, java.lang.Object, java.lang.Object, java.lang.Object, java.lang.Object, java.lang.Object)'> (0x00000007096f6438) 
thrown [s\src\hotspot\share\interpreter\linkResolver.cpp, line 773]
Event: 6.903 Thread 0x000001ea7dd98450 Exception <a 'java/lang/NoSuchMethodError'{0x0000000709494338}: 'java.lang.Object java.lang.invoke.DirectMethodHandle$Holder.invokeStaticInit(java.lang.Object, java.lang.Object, java.lang.Object, java.lang.Object, java.lang.Object, java.lang.Object, java.lang.Object)'> (0x0000000709494338) 
thrown [s\src\hotspot\share\interpreter\linkResolver.cpp, line 773]
Event: 6.907 Thread 0x000001ea7dd98450 Exception <a 'java/lang/NoSuchMethodError'{0x00000007094b9498}: 'java.lang.Object java.lang.invoke.DirectMethodHandle$Holder.invokeSpecial(java.lang.Object, java.lang.Object, java.lang.Object, int, java.lang.Object, java.lang.Object)'> (0x00000007094b9498) 
thrown [s\src\hotspot\share\interpreter\linkResolver.cpp, line 773]

ZGC Phase Switch (0 events):
No events

VM Operations (20 events):
Event: 6.225 Executing non-safepoint VM operation: HandshakeAllThreads (Deoptimize)
Event: 6.225 Executing non-safepoint VM operation: HandshakeAllThreads (Deoptimize) done
Event: 6.225 Executing safepoint VM operation: Cleanup
Event: 6.225 Executing safepoint VM operation: Cleanup done
Event: 6.410 Executing non-safepoint VM operation: HandshakeAllThreads (Deoptimize)
Event: 6.410 Executing non-safepoint VM operation: HandshakeAllThreads (Deoptimize) done
Event: 6.605 Executing safepoint VM operation: G1CollectForAllocation (G1 Evacuation Pause)
Event: 6.613 Executing safepoint VM operation: G1CollectForAllocation (G1 Evacuation Pause) done
Event: 6.667 Executing non-safepoint VM operation: HandshakeAllThreads (Deoptimize)
Event: 6.667 Executing non-safepoint VM operation: HandshakeAllThreads (Deoptimize) done
Event: 6.690 Executing non-safepoint VM operation: HandshakeAllThreads (Deoptimize)
Event: 6.690 Executing non-safepoint VM operation: HandshakeAllThreads (Deoptimize) done
Event: 6.692 Executing non-safepoint VM operation: HandshakeAllThreads (Deoptimize)
Event: 6.692 Executing non-safepoint VM operation: HandshakeAllThreads (Deoptimize) done
Event: 6.852 Executing non-safepoint VM operation: HandshakeAllThreads (Deoptimize)
Event: 6.852 Executing non-safepoint VM operation: HandshakeAllThreads (Deoptimize) done
Event: 6.852 Executing non-safepoint VM operation: HandshakeAllThreads (Deoptimize)
Event: 6.852 Executing non-safepoint VM operation: HandshakeAllThreads (Deoptimize) done
Event: 7.862 Executing safepoint VM operation: Cleanup
Event: 8.016 Executing safepoint VM operation: Cleanup done

Memory protections (0 events):
No events

Nmethod flushes (0 events):
No events

Events (20 events):
Event: 3.314 Thread 0x000001ea7dd98450 Thread added: 0x000001ea7ed0a610
Event: 3.318 Thread 0x000001ea7dd98450 Thread added: 0x000001ea7ed09260
Event: 3.905 Thread 0x000001ea7dd98450 Thread added: 0x000001ea7ed098f0
Event: 3.917 Thread 0x000001ea7dd98450 Thread added: 0x000001ea7ed09f80
Event: 3.961 Thread 0x000001ea7dd98450 Thread added: 0x000001ea7ed0aca0
Event: 4.851 Thread 0x000001ea7dd98450 Thread added: 0x000001ea7ed07eb0
Event: 5.142 Thread 0x000001ea7d0be510 Thread added: 0x000001ea7d0bb560
Event: 5.272 Thread 0x000001ea7dd98450 Thread added: 0x000001ea7ed08540
Event: 5.292 Thread 0x000001ea7dd98450 Thread added: 0x000001ea3a020ae0
Event: 5.607 Thread 0x000001ea7dd98450 Thread added: 0x000001ea3a01f0a0
Event: 5.667 Thread 0x000001ea7dd98450 Thread added: 0x000001ea3a021e90
Event: 5.675 Thread 0x000001ea7dd98450 Thread added: 0x000001ea3a01f730
Event: 5.711 Thread 0x000001ea7d0bb560 Thread exited: 0x000001ea7d0bb560
Event: 6.122 Thread 0x000001ea7dd98450 Thread added: 0x000001ea3a01fdc0
Event: 6.248 Thread 0x000001ea7d0bc9d0 Thread exited: 0x000001ea7d0bc9d0
Event: 6.329 Thread 0x000001ea7dd98450 Thread added: 0x000001ea3a020450
Event: 6.486 Thread 0x000001ea7dd98450 Thread added: 0x000001ea3a021800
Event: 6.699 Thread 0x000001ea7d0be510 Thread added: 0x000001ea7d0bc9d0
Event: 6.761 Thread 0x000001ea7dd98450 Thread added: 0x000001ea3a021170
Event: 6.834 Thread 0x000001ea7dd98450 Thread added: 0x000001ea394c10b0


Dynamic libraries:
0x00007ff7a0110000 - 0x00007ff7a011e000 	C:\Users\zakar\.vscode\extensions\redhat.java-1.55.0-win32-x64\jre\21.0.11-win32-x86_64\bin\java.exe
0x00007ffe21aa0000 - 0x00007ffe21d06000 	C:\windows\SYSTEM32\ntdll.dll
0x00007ffe20630000 - 0x00007ffe206f9000 	C:\windows\System32\KERNEL32.DLL
0x00007ffe1ee30000 - 0x00007ffe1f22e000 	C:\windows\System32\KERNELBASE.dll
0x00007ffe1f450000 - 0x00007ffe1f59c000 	C:\windows\System32\ucrtbase.dll
0x00007ffe04240000 - 0x00007ffe04258000 	C:\Users\zakar\.vscode\extensions\redhat.java-1.55.0-win32-x64\jre\21.0.11-win32-x86_64\bin\jli.dll
0x00007ffe04500000 - 0x00007ffe0451e000 	C:\Users\zakar\.vscode\extensions\redhat.java-1.55.0-win32-x64\jre\21.0.11-win32-x86_64\bin\VCRUNTIME140.dll
0x00007ffe20c20000 - 0x00007ffe20de7000 	C:\windows\System32\USER32.dll
0x00007ffe1f7a0000 - 0x00007ffe1f7c7000 	C:\windows\System32\win32u.dll
0x00007ffe21590000 - 0x00007ffe215bb000 	C:\windows\System32\GDI32.dll
0x00007ffe02eb0000 - 0x00007ffe03142000 	C:\windows\WinSxS\amd64_microsoft.windows.common-controls_6595b64144ccf1df_6.0.26100.8875_none_3e0d5d42e32fe9dd\COMCTL32.dll
0x00007ffe1f5b0000 - 0x00007ffe1f6da000 	C:\windows\System32\gdi32full.dll
0x00007ffe1fdb0000 - 0x00007ffe1fe59000 	C:\windows\System32\msvcrt.dll
0x00007ffe1ed80000 - 0x00007ffe1ee23000 	C:\windows\System32\msvcp_win.dll
0x00007ffe20530000 - 0x00007ffe20562000 	C:\windows\System32\IMM32.DLL
0x00007ffe16a30000 - 0x00007ffe16a3c000 	C:\Users\zakar\.vscode\extensions\redhat.java-1.55.0-win32-x64\jre\21.0.11-win32-x86_64\bin\vcruntime140_1.dll
0x00007ffde05f0000 - 0x00007ffde067d000 	C:\Users\zakar\.vscode\extensions\redhat.java-1.55.0-win32-x64\jre\21.0.11-win32-x86_64\bin\msvcp140.dll
0x00007ffd30540000 - 0x00007ffd312e2000 	C:\Users\zakar\.vscode\extensions\redhat.java-1.55.0-win32-x64\jre\21.0.11-win32-x86_64\bin\server\jvm.dll
0x00007ffe20570000 - 0x00007ffe20627000 	C:\windows\System32\ADVAPI32.dll
0x00007ffe1fff0000 - 0x00007ffe2009a000 	C:\windows\System32\sechost.dll
0x00007ffe215c0000 - 0x00007ffe216d8000 	C:\windows\System32\RPCRT4.dll
0x00007ffe20410000 - 0x00007ffe20490000 	C:\windows\System32\WS2_32.dll
0x00007ffe1eb20000 - 0x00007ffe1eb7e000 	C:\windows\SYSTEM32\POWRPROF.dll
0x00007ffe14210000 - 0x00007ffe1421b000 	C:\windows\SYSTEM32\VERSION.dll
0x00007ffe1b4c0000 - 0x00007ffe1b4f6000 	C:\windows\SYSTEM32\WINMM.dll
0x00007ffe1eb00000 - 0x00007ffe1eb14000 	C:\windows\SYSTEM32\UMPDC.dll
0x00007ffe1d960000 - 0x00007ffe1d97b000 	C:\windows\SYSTEM32\kernel.appcore.dll
0x00007ffe16950000 - 0x00007ffe1695a000 	C:\Users\zakar\.vscode\extensions\redhat.java-1.55.0-win32-x64\jre\21.0.11-win32-x86_64\bin\jimage.dll
0x00007ffe1c1a0000 - 0x00007ffe1c3e2000 	C:\windows\SYSTEM32\DBGHELP.DLL
0x00007ffe1fa20000 - 0x00007ffe1fda3000 	C:\windows\System32\combase.dll
0x00007ffe21740000 - 0x00007ffe21819000 	C:\windows\System32\OLEAUT32.dll
0x00007ffe1b480000 - 0x00007ffe1b4bb000 	C:\windows\SYSTEM32\dbgcore.DLL
0x00007ffe1f6e0000 - 0x00007ffe1f78c000 	C:\windows\System32\bcryptPrimitives.dll
0x00007ffe0e5d0000 - 0x00007ffe0e5df000 	C:\Users\zakar\.vscode\extensions\redhat.java-1.55.0-win32-x64\jre\21.0.11-win32-x86_64\bin\instrument.dll
0x00007ffe045e0000 - 0x00007ffe04600000 	C:\Users\zakar\.vscode\extensions\redhat.java-1.55.0-win32-x64\jre\21.0.11-win32-x86_64\bin\java.dll
0x00007ffe20df0000 - 0x00007ffe21582000 	C:\windows\System32\SHELL32.dll
0x00007ffe1c720000 - 0x00007ffe1cfb2000 	C:\windows\SYSTEM32\windows.storage.dll
0x00007ffe21820000 - 0x00007ffe21917000 	C:\windows\System32\SHCORE.dll
0x00007ffe219e0000 - 0x00007ffe21a47000 	C:\windows\System32\shlwapi.dll
0x00007ffe1ebe0000 - 0x00007ffe1ec09000 	C:\windows\SYSTEM32\profapi.dll
0x00007ffe04160000 - 0x00007ffe04178000 	C:\Users\zakar\.vscode\extensions\redhat.java-1.55.0-win32-x64\jre\21.0.11-win32-x86_64\bin\zip.dll
0x00007ffe0dbf0000 - 0x00007ffe0dc00000 	C:\Users\zakar\.vscode\extensions\redhat.java-1.55.0-win32-x64\jre\21.0.11-win32-x86_64\bin\net.dll
0x00007ffe13e30000 - 0x00007ffe13f57000 	C:\windows\SYSTEM32\WINHTTP.dll
0x00007ffe1def0000 - 0x00007ffe1df5c000 	C:\windows\system32\mswsock.dll
0x00007ffe01c30000 - 0x00007ffe01c46000 	C:\Users\zakar\.vscode\extensions\redhat.java-1.55.0-win32-x64\jre\21.0.11-win32-x86_64\bin\nio.dll
0x00007ffe0d9f0000 - 0x00007ffe0da00000 	C:\Users\zakar\.vscode\extensions\redhat.java-1.55.0-win32-x64\jre\21.0.11-win32-x86_64\bin\verify.dll
0x00007ffde0de0000 - 0x00007ffde0e07000 	C:\Users\zakar\.gradle\native\c067742578af261105cb4f569cf0c3c89f3d7b1fecec35dd04571415982c5e48\windows-amd64\native-platform.dll
0x00007ffdddfb0000 - 0x00007ffdde0f4000 	C:\Users\zakar\.gradle\native\100fb08df4bc3b14c8652ba06237920a3bd2aa13389f12d3474272988ae205f9\windows-amd64\native-platform-file-events.dll
0x00007ffe0d640000 - 0x00007ffe0d64a000 	C:\Users\zakar\.vscode\extensions\redhat.java-1.55.0-win32-x64\jre\21.0.11-win32-x86_64\bin\management.dll
0x00007ffe0d590000 - 0x00007ffe0d59c000 	C:\Users\zakar\.vscode\extensions\redhat.java-1.55.0-win32-x64\jre\21.0.11-win32-x86_64\bin\management_ext.dll
0x00007ffe20c10000 - 0x00007ffe20c18000 	C:\windows\System32\PSAPI.DLL
0x00007ffe1e320000 - 0x00007ffe1e33b000 	C:\windows\SYSTEM32\CRYPTSP.dll
0x00007ffe1d8c0000 - 0x00007ffe1d8f9000 	C:\windows\system32\rsaenh.dll
0x00007ffe1dfb0000 - 0x00007ffe1dfe2000 	C:\windows\SYSTEM32\USERENV.dll
0x00007ffe1ebb0000 - 0x00007ffe1ebda000 	C:\windows\SYSTEM32\bcrypt.dll
0x00007ffe1e160000 - 0x00007ffe1e16c000 	C:\windows\SYSTEM32\CRYPTBASE.dll
0x00007ffe1d360000 - 0x00007ffe1d393000 	C:\windows\SYSTEM32\IPHLPAPI.DLL
0x00007ffe200a0000 - 0x00007ffe200aa000 	C:\windows\System32\NSI.dll
0x00007ffe0d1f0000 - 0x00007ffe0d1f9000 	C:\Users\zakar\.vscode\extensions\redhat.java-1.55.0-win32-x64\jre\21.0.11-win32-x86_64\bin\extnet.dll
0x00007ffe0d080000 - 0x00007ffe0d08e000 	C:\Users\zakar\.vscode\extensions\redhat.java-1.55.0-win32-x64\jre\21.0.11-win32-x86_64\bin\sunmscapi.dll
0x00007ffe1f240000 - 0x00007ffe1f3b8000 	C:\windows\System32\CRYPT32.dll
0x00007ffe1e490000 - 0x00007ffe1e4c0000 	C:\windows\SYSTEM32\ncrypt.dll
0x00007ffe1e440000 - 0x00007ffe1e47f000 	C:\windows\SYSTEM32\NTASN1.dll
0x00007ffdf1b80000 - 0x00007ffdf1b88000 	C:\windows\system32\wshunix.dll

JVMTI agents:
C:\Users\zakar\.gradle\wrapper\dists\gradle-8.11.1-bin\bpt9gzteqjrbo1mjrsomdt32c\gradle-8.11.1\lib\agents\gradle-instrumentation-agent-8.11.1.jar path:C:\Users\zakar\.vscode\extensions\redhat.java-1.55.0-win32-x64\jre\21.0.11-win32-x86_64\bin\instrument.dll, loaded, initialized, instrumentlib options:none

dbghelp: loaded successfully - version: 4.0.5 - missing functions: none
symbol engine: initialized successfully - sym options: 0x614 - pdb path: .;C:\Users\zakar\.vscode\extensions\redhat.java-1.55.0-win32-x64\jre\21.0.11-win32-x86_64\bin;C:\windows\SYSTEM32;C:\windows\WinSxS\amd64_microsoft.windows.common-controls_6595b64144ccf1df_6.0.26100.8875_none_3e0d5d42e32fe9dd;C:\Users\zakar\.vscode\extensions\redhat.java-1.55.0-win32-x64\jre\21.0.11-win32-x86_64\bin\server;C:\Users\zakar\.gradle\native\c067742578af261105cb4f569cf0c3c89f3d7b1fecec35dd04571415982c5e48\windows-amd64;C:\Users\zakar\.gradle\native\100fb08df4bc3b14c8652ba06237920a3bd2aa13389f12d3474272988ae205f9\windows-amd64

VM Arguments:
jvm_args: --add-opens=java.base/java.lang=ALL-UNNAMED --add-opens=java.base/java.lang.invoke=ALL-UNNAMED --add-opens=java.base/java.util=ALL-UNNAMED --add-opens=java.prefs/java.util.prefs=ALL-UNNAMED --add-exports=jdk.compiler/com.sun.tools.javac.api=ALL-UNNAMED --add-exports=jdk.compiler/com.sun.tools.javac.util=ALL-UNNAMED --add-opens=java.base/java.util=ALL-UNNAMED --add-opens=java.prefs/java.util.prefs=ALL-UNNAMED --add-opens=java.base/java.nio.charset=ALL-UNNAMED --add-opens=java.base/java.net=ALL-UNNAMED --add-opens=java.base/java.util.concurrent.atomic=ALL-UNNAMED --add-opens=java.xml/javax.xml.namespace=ALL-UNNAMED -XX:MaxMetaspaceSize=1g -Xmx4g -Dfile.encoding=UTF-8 -Duser.country=FR -Duser.language=fr -Duser.variant -javaagent:C:\Users\zakar\.gradle\wrapper\dists\gradle-8.11.1-bin\bpt9gzteqjrbo1mjrsomdt32c\gradle-8.11.1\lib\agents\gradle-instrumentation-agent-8.11.1.jar 
java_command: org.gradle.launcher.daemon.bootstrap.GradleDaemon 8.11.1
java_class_path (initial): C:\Users\zakar\.gradle\wrapper\dists\gradle-8.11.1-bin\bpt9gzteqjrbo1mjrsomdt32c\gradle-8.11.1\lib\gradle-daemon-main-8.11.1.jar
Launcher Type: SUN_STANDARD

[Global flags]
     intx CICompilerCount                          = 4                                         {product} {ergonomic}
   size_t CompressedClassSpaceSize                 = 872415232                                 {product} {ergonomic}
     uint ConcGCThreads                            = 3                                         {product} {ergonomic}
     uint G1ConcRefinementThreads                  = 10                                        {product} {ergonomic}
   size_t G1HeapRegionSize                         = 2097152                                   {product} {ergonomic}
    uintx GCDrainStackTargetSize                   = 64                                        {product} {ergonomic}
   size_t InitialHeapSize                          = 264241152                                 {product} {ergonomic}
   size_t MarkStackSize                            = 4194304                                   {product} {ergonomic}
   size_t MaxHeapSize                              = 4294967296                                {product} {command line}
   size_t MaxMetaspaceSize                         = 1073741824                                {product} {command line}
   size_t MaxNewSize                               = 2575302656                                {product} {ergonomic}
   size_t MinHeapDeltaBytes                        = 2097152                                   {product} {ergonomic}
   size_t MinHeapSize                              = 8388608                                   {product} {ergonomic}
    uintx NonNMethodCodeHeapSize                   = 5839372                                {pd product} {ergonomic}
    uintx NonProfiledCodeHeapSize                  = 122909434                              {pd product} {ergonomic}
    uintx ProfiledCodeHeapSize                     = 122909434                              {pd product} {ergonomic}
    uintx ReservedCodeCacheSize                    = 251658240                              {pd product} {ergonomic}
     bool SegmentedCodeCache                       = true                                      {product} {ergonomic}
   size_t SoftMaxHeapSize                          = 4294967296                             {manageable} {ergonomic}
     bool UseCompressedOops                        = true                           {product lp64_product} {ergonomic}
     bool UseG1GC                                  = true                                      {product} {ergonomic}
     bool UseLargePagesIndividualAllocation        = false                                  {pd product} {ergonomic}

Logging:
Log output configuration:
 #0: stdout all=warning uptime,level,tags foldmultilines=false
 #1: stderr all=off uptime,level,tags foldmultilines=false

Release file:
JAVA_VERSION="21.0.11" 
MODULES="java.base java.compiler java.datatransfer java.xml java.prefs java.desktop java.instrument java.logging java.management java.security.sasl java.naming java.rmi java.management.rmi java.net.http java.scripting java.security.jgss java.transaction.xa java.sql java.sql.rowset java.xml.crypto java.se java.smartcardio jdk.accessibility jdk.internal.jvmstat jdk.attach jdk.charsets jdk.internal.opt jdk.zipfs jdk.compiler jdk.crypto.ec jdk.crypto.cryptoki jdk.crypto.mscapi jdk.dynalink jdk.internal.ed jdk.editpad jdk.hotspot.agent jdk.httpserver jdk.internal.le jdk.internal.vm.ci jdk.internal.vm.compiler jdk.internal.vm.compiler.management jdk.jartool jdk.javadoc jdk.jcmd jdk.management jdk.management.agent jdk.jconsole jdk.jdeps jdk.jdwp.agent jdk.jdi jdk.jfr jdk.jshell jdk.jsobject jdk.jstatd jdk.localedata jdk.management.jfr jdk.naming.dns jdk.naming.rmi jdk.net jdk.nio.mapmode jdk.random jdk.sctp jdk.security.auth jdk.security.jgss jdk.unsupported jdk.unsupported.desktop jdk.xml.dom" 

Environment Variables:
PATH=C:\Python314\Scripts\;C:\Python314\;C:\Program Files\Eclipse Adoptium\jdk-21.0.9.10-hotspot\bin;C:\windows\system32;C:\windows;C:\windows\System32\Wbem;C:\windows\System32\WindowsPowerShell\v1.0\;C:\windows\System32\OpenSSH\;C:\Program Files\dotnet\;C:\Program Files\Git\cmd;C:\Program Files\nodejs\;C:\ProgramData\chocolatey\bin;C:\Program Files\Docker\Docker\resources\bin;C:\Users\zakar\AppData\Local\Microsoft\WindowsApps;C:\Users\zakar\AppData\Local\Programs\Microsoft VS Code\bin;C:\Users\zakar\AppData\Roaming\npm;C:\Users\zakar\.local\bin;C:\Users\zakar\AppData\Local\Google\Cloud SDK\google-cloud-sdk\bin
USERNAME=zakar
OS=Windows_NT
PROCESSOR_IDENTIFIER=Intel64 Family 6 Model 186 Stepping 3, GenuineIntel
TMP=C:\Users\zakar\AppData\Local\Temp
TEMP=C:\Users\zakar\AppData\Local\Temp




Periodic native trim disabled

---------------  S Y S T E M  ---------------

OS:
 Windows 11 , 64 bit Build 26100 (10.0.26100.8875)
OS uptime: 1 days 23:02 hours
Hyper-V role detected

CPU: total 12 (initial active 12) (6 cores per cpu, 2 threads per core) family 6 model 186 stepping 3 microcode 0x6134, cx8, cmov, fxsr, ht, mmx, 3dnowpref, sse, sse2, sse3, ssse3, sse4.1, sse4.2, popcnt, lzcnt, tsc, tscinvbit, avx, avx2, aes, erms, clmul, bmi1, bmi2, adx, sha, fma, vzeroupper, clflush, clflushopt, clwb, hv, serialize, rdtscp, rdpid, fsrm, f16c, cet_ibt, cet_ss
Processor Information for the first 12 processors :
  Max Mhz: 1400, Current Mhz: 1400, Mhz Limit: 1400

Memory: 4k page, system-wide physical 16068M (6835M free)
TotalPageFile size 65220M (AvailPageFile size 100M)
current process WorkingSet (physical memory assigned to process): 252M, peak: 263M
current process commit charge ("private bytes"): 303M, peak: 450M

vm_info: OpenJDK 64-Bit Server VM (21.0.11+10-LTS) for windows-amd64 JRE (21.0.11+10-LTS), built on 2026-04-21T00:00:00Z by "admin" with MS VC++ 17.12 (VS2022)

END.
