#
# There is insufficient memory for the Java Runtime Environment to continue.
# Native memory allocation (malloc) failed to allocate 32784 bytes. Error detail: Chunk::new
# Possible reasons:
#   The system is out of physical RAM or swap space
#   This process is running with CompressedOops enabled, and the Java Heap may be blocking the growth of the native heap
# Possible solutions:
#   Reduce memory load on the system
#   Increase physical memory or swap space
#   Check if swap backing store is full
#   Decrease Java heap size (-Xmx/-Xms)
#   Decrease number of Java threads
#   Decrease Java thread stack sizes (-Xss)
#   Set larger code cache with -XX:ReservedCodeCacheSize=
#   JVM is running with Zero Based Compressed Oops mode in which the Java heap is
#     placed in the first 32GB address space. The Java Heap base address is the
#     maximum limit for the native heap growth. Please use -XX:HeapBaseMinAddress
#     to set the Java Heap base and to place the Java Heap above 32GB virtual address.
# This output file may be truncated or incomplete.
#
#  Out of Memory Error (arena.cpp:168), pid=31116, tid=9300
#
# JRE version: OpenJDK Runtime Environment Temurin-21.0.11+10 (21.0.11+10) (build 21.0.11+10-LTS)
# Java VM: OpenJDK 64-Bit Server VM Temurin-21.0.11+10 (21.0.11+10-LTS, mixed mode, sharing, tiered, compressed oops, compressed class ptrs, parallel gc, windows-amd64)
# No core dump will be written. Minidumps are not enabled by default on client versions of Windows
#

---------------  S U M M A R Y ------------

Command Line: --add-modules=ALL-SYSTEM --add-opens=java.base/java.util=ALL-UNNAMED --add-opens=java.base/java.lang=ALL-UNNAMED --add-opens=java.base/sun.nio.fs=ALL-UNNAMED -Declipse.application=org.eclipse.jdt.ls.core.id1 -Dosgi.bundles.defaultStartLevel=4 -Declipse.product=org.eclipse.jdt.ls.core.product -Djava.import.generatesMetadataFilesAtProjectRoot=false -DDetectVMInstallationsJob.disabled=true -Dfile.encoding=utf8 -XX:+UseParallelGC -XX:GCTimeRatio=4 -XX:AdaptiveSizePolicyWeight=90 -Dsun.zip.disableMemoryMapping=true -Xmx4G -Xms100m -Xlog:disable -javaagent:c:\Users\zakar\.vscode\extensions\redhat.java-1.55.0-win32-x64\lombok\lombok-1.18.39-4050.jar -XX:+HeapDumpOnOutOfMemoryError -XX:HeapDumpPath=c:\Users\zakar\AppData\Roaming\Code\User\workspaceStorage\bd5adb6d7e60b59cdb3dd6e214c1ffdd\redhat.java -Daether.dependencyCollector.impl=bf c:\Users\zakar\.vscode\extensions\redhat.java-1.55.0-win32-x64\server\plugins\org.eclipse.equinox.launcher_1.7.200.v20260619-2039.jar -configuration c:\Users\zakar\AppData\Roaming\Code\User\globalStorage\redhat.java\1.55.0\config_win -data c:\Users\zakar\AppData\Roaming\Code\User\workspaceStorage\bd5adb6d7e60b59cdb3dd6e214c1ffdd\redhat.java\jdt_ws --pipe=\\.\pipe\lsp-e2f661042cd499c63de4e78becb9c17b-sock

Host: Intel(R) Core(TM) 5 120U, 12 cores, 15G,  Windows 11 , 64 bit Build 26100 (10.0.26100.8875)
Time: Sat Aug  1 16:08:30 2026 elapsed time: 200.791796 seconds (0d 0h 3m 20s)

---------------  T H R E A D  ---------------

Current thread (0x0000026d835ab270):  JavaThread "C2 CompilerThread0" daemon [_thread_in_native, id=9300, stack(0x000000b0b8900000,0x000000b0b8a00000) (1024K)]


Current CompileTask:
C2:200792 26839       4       java.util.concurrent.locks.AbstractQueuedSynchronizer$ConditionObject::awaitNanos (202 bytes)

Stack: [0x000000b0b8900000,0x000000b0b8a00000]
Native frames: (J=compiled Java code, j=interpreted, Vv=VM code, C=native code)
V  [jvm.dll+0x6d7e19]
V  [jvm.dll+0x8b5096]
V  [jvm.dll+0x8b764e]
V  [jvm.dll+0x8b7d33]
V  [jvm.dll+0x284596]
V  [jvm.dll+0xc685d]
V  [jvm.dll+0xc6da1]
V  [jvm.dll+0xc6985]
V  [jvm.dll+0x6b2edc]
V  [jvm.dll+0x254339]
V  [jvm.dll+0x6fd687]
V  [jvm.dll+0x24baa7]
V  [jvm.dll+0x1cb4ae]
V  [jvm.dll+0x25baad]
V  [jvm.dll+0x25a03a]
V  [jvm.dll+0x3f868e]
V  [jvm.dll+0x85fb0d]
V  [jvm.dll+0x6d664d]
C  [ucrtbase.dll+0x2cd30]
C  [KERNEL32.DLL+0x2e957]
C  [ntdll.dll+0xaad6c]


---------------  P R O C E S S  ---------------

Threads class SMR info:
_java_thread_list=0x0000026de7e53cc0, length=95, elements={
0x0000026d834ff680, 0x0000026d835a3400, 0x0000026d835a4600, 0x0000026d835a64c0,
0x0000026d835a7050, 0x0000026d835a7ab0, 0x0000026d835abdb0, 0x0000026d835ab270,
0x0000026d835bb040, 0x0000026de109d620, 0x0000026de115e490, 0x0000026de6a249f0,
0x0000026de6b29d50, 0x0000026de6928ff0, 0x0000026de6929a30, 0x0000026de6a91260,
0x0000026de11e38c0, 0x0000026de614fdc0, 0x0000026de60f0fd0, 0x0000026de60f0940,
0x0000026de60eef00, 0x0000026de77bccd0, 0x0000026de77bb290, 0x0000026de77bd360,
0x0000026de77bd9f0, 0x0000026de77be080, 0x0000026de77bbfb0, 0x0000026de77bac00,
0x0000026de77beda0, 0x0000026de77be710, 0x0000026de77bc640, 0x0000026de77bb920,
0x0000026de77bfac0, 0x0000026de77c0e70, 0x0000026de77c1500, 0x0000026de77c1b90,
0x0000026de77bf430, 0x0000026de60ef590, 0x0000026de7981940, 0x0000026de7985450,
0x0000026de7982660, 0x0000026de7984dc0, 0x0000026de7981fd0, 0x0000026de7983380,
0x0000026de7987520, 0x0000026de7986e90, 0x0000026de7987bb0, 0x0000026de79888d0,
0x0000026de60f1cf0, 0x0000026de60f2380, 0x0000026deaddf460, 0x0000026deaddfaf0,
0x0000026deaddc670, 0x0000026deadde740, 0x0000026deade0ea0, 0x0000026deadde0b0,
0x0000026deade1bc0, 0x0000026deade28e0, 0x0000026deade3c90, 0x0000026deade2250,
0x0000026deade2f70, 0x0000026deaddda20, 0x0000026deade1530, 0x0000026de7054550,
0x0000026de7052b10, 0x0000026de7054be0, 0x0000026de7056620, 0x0000026de7055f90,
0x0000026de7055900, 0x0000026de70531a0, 0x0000026de7056cb0, 0x0000026de7059aa0,
0x0000026de7058060, 0x0000026de7058d80, 0x0000026de7982cf0, 0x0000026de79840a0,
0x0000026deaddcd00, 0x0000026deade0180, 0x0000026df5ecb040, 0x0000026df5ecf1e0,
0x0000026dfd195f60, 0x0000026dfd1965f0, 0x0000026dfd19a100, 0x0000026dfd196c80,
0x0000026dfd19b4b0, 0x0000026dfd19bb40, 0x0000026dfd19cef0, 0x0000026dfd19c1d0,
0x0000026dfd19a790, 0x0000026dfd19c860, 0x0000026dfd19ae20, 0x0000026dfdf35bf0,
0x0000026dfdf34ed0, 0x0000026dfdf37cc0, 0x0000026dfdf3a420
}

Java Threads: ( => current thread )
  0x0000026d834ff680 JavaThread "main"                              [_thread_blocked, id=19952, stack(0x000000b0b7f00000,0x000000b0b8000000) (1024K)]
  0x0000026d835a3400 JavaThread "Reference Handler"          daemon [_thread_blocked, id=17248, stack(0x000000b0b8300000,0x000000b0b8400000) (1024K)]
  0x0000026d835a4600 JavaThread "Finalizer"                  daemon [_thread_blocked, id=8804, stack(0x000000b0b8400000,0x000000b0b8500000) (1024K)]
  0x0000026d835a64c0 JavaThread "Signal Dispatcher"          daemon [_thread_blocked, id=25528, stack(0x000000b0b8500000,0x000000b0b8600000) (1024K)]
  0x0000026d835a7050 JavaThread "Attach Listener"            daemon [_thread_blocked, id=24536, stack(0x000000b0b8600000,0x000000b0b8700000) (1024K)]
  0x0000026d835a7ab0 JavaThread "Service Thread"             daemon [_thread_blocked, id=27692, stack(0x000000b0b8700000,0x000000b0b8800000) (1024K)]
  0x0000026d835abdb0 JavaThread "Monitor Deflation Thread"   daemon [_thread_blocked, id=6332, stack(0x000000b0b8800000,0x000000b0b8900000) (1024K)]
=>0x0000026d835ab270 JavaThread "C2 CompilerThread0"         daemon [_thread_in_native, id=9300, stack(0x000000b0b8900000,0x000000b0b8a00000) (1024K)]
  0x0000026d835bb040 JavaThread "C1 CompilerThread0"         daemon [_thread_blocked, id=10508, stack(0x000000b0b8a00000,0x000000b0b8b00000) (1024K)]
  0x0000026de109d620 JavaThread "Common-Cleaner"             daemon [_thread_blocked, id=11648, stack(0x000000b0b8b00000,0x000000b0b8c00000) (1024K)]
  0x0000026de115e490 JavaThread "Notification Thread"        daemon [_thread_blocked, id=12376, stack(0x000000b0b8d00000,0x000000b0b8e00000) (1024K)]
  0x0000026de6a249f0 JavaThread "Active Thread: Equinox Container: 246b8dc6-3b73-47d2-a35e-7a6d15f6915b"        [_thread_blocked, id=20924, stack(0x000000b0b9500000,0x000000b0b9600000) (1024K)]
  0x0000026de6b29d50 JavaThread "Refresh Thread: Equinox Container: 246b8dc6-3b73-47d2-a35e-7a6d15f6915b" daemon [_thread_blocked, id=25084, stack(0x000000b0b9700000,0x000000b0b9800000) (1024K)]
  0x0000026de6928ff0 JavaThread "Framework Event Dispatcher: Equinox Container: 246b8dc6-3b73-47d2-a35e-7a6d15f6915b" daemon [_thread_blocked, id=17088, stack(0x000000b0b9800000,0x000000b0b9900000) (1024K)]
  0x0000026de6929a30 JavaThread "Start Level: Equinox Container: 246b8dc6-3b73-47d2-a35e-7a6d15f6915b" daemon [_thread_blocked, id=12364, stack(0x000000b0b9900000,0x000000b0b9a00000) (1024K)]
  0x0000026de6a91260 JavaThread "Bundle File Closer"         daemon [_thread_blocked, id=10152, stack(0x000000b0b9c00000,0x000000b0b9d00000) (1024K)]
  0x0000026de11e38c0 JavaThread "SCR Component Actor"        daemon [_thread_blocked, id=24040, stack(0x000000b0b8c00000,0x000000b0b8d00000) (1024K)]
  0x0000026de614fdc0 JavaThread "Worker-JM"                         [_thread_blocked, id=5704, stack(0x000000b0b9e00000,0x000000b0b9f00000) (1024K)]
  0x0000026de60f0fd0 JavaThread "JNA Cleaner"                daemon [_thread_blocked, id=22380, stack(0x000000b0b9f00000,0x000000b0ba000000) (1024K)]
  0x0000026de60f0940 JavaThread "Worker-0"                          [_thread_blocked, id=22576, stack(0x000000b0ba000000,0x000000b0ba100000) (1024K)]
  0x0000026de60eef00 JavaThread "Java indexing"              daemon [_thread_blocked, id=5568, stack(0x000000b0ba300000,0x000000b0ba400000) (1024K)]
  0x0000026de77bccd0 JavaThread "Worker-5: Initialize workspace"        [_thread_blocked, id=26548, stack(0x000000b0ba900000,0x000000b0baa00000) (1024K)]
  0x0000026de77bb290 JavaThread "Thread-1"                   daemon [_thread_in_native, id=30648, stack(0x000000b0baa00000,0x000000b0bab00000) (1024K)]
  0x0000026de77bd360 JavaThread "Thread-2"                   daemon [_thread_in_native, id=28760, stack(0x000000b0bab00000,0x000000b0bac00000) (1024K)]
  0x0000026de77bd9f0 JavaThread "Thread-3"                   daemon [_thread_in_native, id=2720, stack(0x000000b0bac00000,0x000000b0bad00000) (1024K)]
  0x0000026de77be080 JavaThread "Thread-4"                   daemon [_thread_in_native, id=25256, stack(0x000000b0bad00000,0x000000b0bae00000) (1024K)]
  0x0000026de77bbfb0 JavaThread "Thread-5"                   daemon [_thread_in_native, id=31564, stack(0x000000b0bae00000,0x000000b0baf00000) (1024K)]
  0x0000026de77bac00 JavaThread "Thread-6"                   daemon [_thread_in_native, id=16640, stack(0x000000b0baf00000,0x000000b0bb000000) (1024K)]
  0x0000026de77beda0 JavaThread "Thread-7"                   daemon [_thread_in_native, id=29000, stack(0x000000b0bb000000,0x000000b0bb100000) (1024K)]
  0x0000026de77be710 JavaThread "Thread-8"                   daemon [_thread_in_native, id=19212, stack(0x000000b0bb100000,0x000000b0bb200000) (1024K)]
  0x0000026de77bc640 JavaThread "Thread-9"                   daemon [_thread_in_native, id=11668, stack(0x000000b0bb200000,0x000000b0bb300000) (1024K)]
  0x0000026de77bb920 JavaThread "Thread-10"                  daemon [_thread_in_native, id=19720, stack(0x000000b0bb300000,0x000000b0bb400000) (1024K)]
  0x0000026de77bfac0 JavaThread "Thread-11"                  daemon [_thread_in_native, id=30448, stack(0x000000b0bb400000,0x000000b0bb500000) (1024K)]
  0x0000026de77c0e70 JavaThread "Thread-12"                  daemon [_thread_in_native, id=31596, stack(0x000000b0bb500000,0x000000b0bb600000) (1024K)]
  0x0000026de77c1500 JavaThread "Thread-13"                  daemon [_thread_in_native, id=22672, stack(0x000000b0bb600000,0x000000b0bb700000) (1024K)]
  0x0000026de77c1b90 JavaThread "pool-2-thread-1"                   [_thread_blocked, id=18576, stack(0x000000b0bb700000,0x000000b0bb800000) (1024K)]
  0x0000026de77bf430 JavaThread "WorkspaceEventsHandler"            [_thread_blocked, id=23940, stack(0x000000b0bb900000,0x000000b0bba00000) (1024K)]
  0x0000026de60ef590 JavaThread "pool-1-thread-1"                   [_thread_blocked, id=2968, stack(0x000000b0bba00000,0x000000b0bbb00000) (1024K)]
  0x0000026de7981940 JavaThread "Timer-0"                           [_thread_blocked, id=24436, stack(0x000000b0bbc00000,0x000000b0bbd00000) (1024K)]
  0x0000026de7985450 JavaThread "PatternSearchJob-worker-1"  daemon [_thread_blocked, id=3212, stack(0x000000b0b8e00000,0x000000b0b8f00000) (1024K)]
  0x0000026de7982660 JavaThread "PatternSearchJob-worker-2"  daemon [_thread_blocked, id=30288, stack(0x000000b0b9d00000,0x000000b0b9e00000) (1024K)]
  0x0000026de7984dc0 JavaThread "PatternSearchJob-worker-3"  daemon [_thread_blocked, id=26044, stack(0x000000b0bbd00000,0x000000b0bbe00000) (1024K)]
  0x0000026de7981fd0 JavaThread "PatternSearchJob-worker-4"  daemon [_thread_blocked, id=5124, stack(0x000000b0bbe00000,0x000000b0bbf00000) (1024K)]
  0x0000026de7983380 JavaThread "PatternSearchJob-worker-5"  daemon [_thread_blocked, id=27092, stack(0x000000b0bbf00000,0x000000b0bc000000) (1024K)]
  0x0000026de7987520 JavaThread "PatternSearchJob-worker-6"  daemon [_thread_blocked, id=28332, stack(0x000000b0bc000000,0x000000b0bc100000) (1024K)]
  0x0000026de7986e90 JavaThread "PatternSearchJob-worker-7"  daemon [_thread_blocked, id=19372, stack(0x000000b0bc100000,0x000000b0bc200000) (1024K)]
  0x0000026de7987bb0 JavaThread "PatternSearchJob-worker-8"  daemon [_thread_blocked, id=7912, stack(0x000000b0bc200000,0x000000b0bc300000) (1024K)]
  0x0000026de79888d0 JavaThread "ForkJoinPool.commonPool-worker-2" daemon [_thread_blocked, id=25268, stack(0x000000b0bc500000,0x000000b0bc600000) (1024K)]
  0x0000026de60f1cf0 JavaThread "ForkJoinPool.commonPool-worker-3" daemon [_thread_blocked, id=5560, stack(0x000000b0bc600000,0x000000b0bc700000) (1024K)]
  0x0000026de60f2380 JavaThread "ForkJoinPool.commonPool-worker-4" daemon [_thread_blocked, id=1456, stack(0x000000b0bc700000,0x000000b0bc800000) (1024K)]
  0x0000026deaddf460 JavaThread "PatternSearchJob-worker-9"  daemon [_thread_blocked, id=26916, stack(0x000000b0bc800000,0x000000b0bc900000) (1024K)]
  0x0000026deaddfaf0 JavaThread "PatternSearchJob-worker-10" daemon [_thread_blocked, id=13648, stack(0x000000b0bc900000,0x000000b0bca00000) (1024K)]
  0x0000026deaddc670 JavaThread "PatternSearchJob-worker-11" daemon [_thread_blocked, id=27848, stack(0x000000b0bca00000,0x000000b0bcb00000) (1024K)]
  0x0000026deadde740 JavaThread "Worker-7"                          [_thread_blocked, id=31012, stack(0x000000b0bcc00000,0x000000b0bcd00000) (1024K)]
  0x0000026deade0ea0 JavaThread "ForkJoinPool.commonPool-worker-5" daemon [_thread_blocked, id=30572, stack(0x000000b0bc300000,0x000000b0bc400000) (1024K)]
  0x0000026deadde0b0 JavaThread "ForkJoinPool.commonPool-worker-6" daemon [_thread_blocked, id=27680, stack(0x000000b0bcf00000,0x000000b0bd000000) (1024K)]
  0x0000026deade1bc0 JavaThread "ForkJoinPool.commonPool-worker-7" daemon [_thread_blocked, id=1812, stack(0x000000b0bd100000,0x000000b0bd200000) (1024K)]
  0x0000026deade28e0 JavaThread "ForkJoinPool.commonPool-worker-8" daemon [_thread_blocked, id=9600, stack(0x000000b0bd200000,0x000000b0bd300000) (1024K)]
  0x0000026deade3c90 JavaThread "ForkJoinPool.commonPool-worker-9" daemon [_thread_blocked, id=24872, stack(0x000000b0bd300000,0x000000b0bd400000) (1024K)]
  0x0000026deade2250 JavaThread "ForkJoinPool.commonPool-worker-10" daemon [_thread_blocked, id=11008, stack(0x000000b0bd400000,0x000000b0bd500000) (1024K)]
  0x0000026deade2f70 JavaThread "ForkJoinPool.commonPool-worker-11" daemon [_thread_blocked, id=7184, stack(0x000000b0bd500000,0x000000b0bd600000) (1024K)]
  0x0000026deaddda20 JavaThread "Compiler Source File Reader" daemon [_thread_blocked, id=6388, stack(0x000000b0bcd00000,0x000000b0bce00000) (1024K)]
  0x0000026deade1530 JavaThread "Compiler Source File Reader" daemon [_thread_blocked, id=7844, stack(0x000000b0bce00000,0x000000b0bcf00000) (1024K)]
  0x0000026de7054550 JavaThread "Compiler Source File Reader" daemon [_thread_blocked, id=8156, stack(0x000000b0bd000000,0x000000b0bd100000) (1024K)]
  0x0000026de7052b10 JavaThread "Compiler Source File Reader" daemon [_thread_blocked, id=6576, stack(0x000000b0bd600000,0x000000b0bd700000) (1024K)]
  0x0000026de7054be0 JavaThread "Compiler Source File Reader" daemon [_thread_blocked, id=6540, stack(0x000000b0bd700000,0x000000b0bd800000) (1024K)]
  0x0000026de7056620 JavaThread "Compiler Source File Reader" daemon [_thread_blocked, id=7852, stack(0x000000b0bd800000,0x000000b0bd900000) (1024K)]
  0x0000026de7055f90 JavaThread "Compiler Source File Reader" daemon [_thread_blocked, id=10048, stack(0x000000b0bd900000,0x000000b0bda00000) (1024K)]
  0x0000026de7055900 JavaThread "Compiler Source File Reader" daemon [_thread_blocked, id=25456, stack(0x000000b0bda00000,0x000000b0bdb00000) (1024K)]
  0x0000026de70531a0 JavaThread "Compiler Source File Reader" daemon [_thread_blocked, id=19988, stack(0x000000b0bdb00000,0x000000b0bdc00000) (1024K)]
  0x0000026de7056cb0 JavaThread "Compiler Source File Reader" daemon [_thread_blocked, id=7260, stack(0x000000b0bdc00000,0x000000b0bdd00000) (1024K)]
  0x0000026de7059aa0 JavaThread "LocalFile Deleter"          daemon [_thread_blocked, id=3556, stack(0x000000b0bde00000,0x000000b0bdf00000) (1024K)]
  0x0000026de7058060 JavaThread "LocalFile Deleter"          daemon [_thread_blocked, id=6472, stack(0x000000b0bdf00000,0x000000b0be000000) (1024K)]
  0x0000026de7058d80 JavaThread "LocalFile Deleter"          daemon [_thread_blocked, id=27720, stack(0x000000b0be000000,0x000000b0be100000) (1024K)]
  0x0000026de7982cf0 JavaThread "LocalFile Deleter"          daemon [_thread_blocked, id=2992, stack(0x000000b0be200000,0x000000b0be300000) (1024K)]
  0x0000026de79840a0 JavaThread "LocalFile Deleter"          daemon [_thread_blocked, id=23960, stack(0x000000b0be300000,0x000000b0be400000) (1024K)]
  0x0000026deaddcd00 JavaThread "LocalFile Deleter"          daemon [_thread_blocked, id=19040, stack(0x000000b0be500000,0x000000b0be600000) (1024K)]
  0x0000026deade0180 JavaThread "LocalFile Deleter"          daemon [_thread_blocked, id=26204, stack(0x000000b0be600000,0x000000b0be700000) (1024K)]
  0x0000026df5ecb040 JavaThread "LocalFile Deleter"          daemon [_thread_blocked, id=24844, stack(0x000000b0be700000,0x000000b0be800000) (1024K)]
  0x0000026df5ecf1e0 JavaThread "LocalFile Deleter"          daemon [_thread_blocked, id=25548, stack(0x000000b0be800000,0x000000b0be900000) (1024K)]
  0x0000026dfd195f60 JavaThread "LocalFile Deleter"          daemon [_thread_blocked, id=10416, stack(0x000000b0be900000,0x000000b0bea00000) (1024K)]
  0x0000026dfd1965f0 JavaThread "Compiler Class File Writer" daemon [_thread_blocked, id=3412, stack(0x000000b0bea00000,0x000000b0beb00000) (1024K)]
  0x0000026dfd19a100 JavaThread "Compiler Class File Writer" daemon [_thread_blocked, id=25740, stack(0x000000b0beb00000,0x000000b0bec00000) (1024K)]
  0x0000026dfd196c80 JavaThread "Compiler Class File Writer" daemon [_thread_blocked, id=6440, stack(0x000000b0b7e00000,0x000000b0b7f00000) (1024K)]
  0x0000026dfd19b4b0 JavaThread "Compiler Class File Writer" daemon [_thread_blocked, id=13740, stack(0x000000b0bec00000,0x000000b0bed00000) (1024K)]
  0x0000026dfd19bb40 JavaThread "Compiler Class File Writer" daemon [_thread_blocked, id=29524, stack(0x000000b0bed00000,0x000000b0bee00000) (1024K)]
  0x0000026dfd19cef0 JavaThread "Compiler Class File Writer" daemon [_thread_blocked, id=4492, stack(0x000000b0bee00000,0x000000b0bef00000) (1024K)]
  0x0000026dfd19c1d0 JavaThread "Compiler Class File Writer" daemon [_thread_blocked, id=24520, stack(0x000000b0bef00000,0x000000b0bf000000) (1024K)]
  0x0000026dfd19a790 JavaThread "Compiler Class File Writer" daemon [_thread_blocked, id=17080, stack(0x000000b0bf000000,0x000000b0bf100000) (1024K)]
  0x0000026dfd19c860 JavaThread "Compiler Class File Writer" daemon [_thread_blocked, id=22664, stack(0x000000b0bf100000,0x000000b0bf200000) (1024K)]
  0x0000026dfd19ae20 JavaThread "Compiler Class File Writer" daemon [_thread_blocked, id=10312, stack(0x000000b0b7d00000,0x000000b0b7e00000) (1024K)]
  0x0000026dfdf35bf0 JavaThread "Connection worker"                 [_thread_blocked, id=2408, stack(0x000000b0b7c00000,0x000000b0b7d00000) (1024K)]
  0x0000026dfdf34ed0 JavaThread "pool-14-thread-1"                  [_thread_blocked, id=24640, stack(0x000000b0ba500000,0x000000b0ba600000) (1024K)]
  0x0000026dfdf37cc0 JavaThread "Exec process"                      [_thread_in_native, id=14528, stack(0x000000b0ba700000,0x000000b0ba800000) (1024K)]
  0x0000026dfdf3a420 JavaThread "Exec process Thread 2"             [_thread_blocked, id=18980, stack(0x000000b0bcb00000,0x000000b0bcc00000) (1024K)]
Total: 95

Other Threads:
  0x0000026d9e8f4380 VMThread "VM Thread"                           [id=23260, stack(0x000000b0b8200000,0x000000b0b8300000) (1024K)]
  0x0000026d9e7eca00 WatcherThread "VM Periodic Task Thread"        [id=6140, stack(0x000000b0b8100000,0x000000b0b8200000) (1024K)]
  0x0000026d8351e780 WorkerThread "GC Thread#0"                     [id=29088, stack(0x000000b0b8000000,0x000000b0b8100000) (1024K)]
  0x0000026de6290d40 WorkerThread "GC Thread#1"                     [id=23128, stack(0x000000b0b8f00000,0x000000b0b9000000) (1024K)]
  0x0000026de6290990 WorkerThread "GC Thread#2"                     [id=12980, stack(0x000000b0b9000000,0x000000b0b9100000) (1024K)]
  0x0000026de62910f0 WorkerThread "GC Thread#3"                     [id=13044, stack(0x000000b0b9100000,0x000000b0b9200000) (1024K)]
  0x0000026de62905e0 WorkerThread "GC Thread#4"                     [id=24360, stack(0x000000b0b9200000,0x000000b0b9300000) (1024K)]
  0x0000026de62914a0 WorkerThread "GC Thread#5"                     [id=30700, stack(0x000000b0b9300000,0x000000b0b9400000) (1024K)]
  0x0000026de6291fb0 WorkerThread "GC Thread#6"                     [id=27996, stack(0x000000b0b9400000,0x000000b0b9500000) (1024K)]
  0x0000026de66fa0b0 WorkerThread "GC Thread#7"                     [id=7312, stack(0x000000b0b9600000,0x000000b0b9700000) (1024K)]
  0x0000026de66fb320 WorkerThread "GC Thread#8"                     [id=29344, stack(0x000000b0b9a00000,0x000000b0b9b00000) (1024K)]
  0x0000026de66fc590 WorkerThread "GC Thread#9"                     [id=31652, stack(0x000000b0b9b00000,0x000000b0b9c00000) (1024K)]
Total: 12

Threads with active compile tasks:
C2 CompilerThread0  200823 26839       4       java.util.concurrent.locks.AbstractQueuedSynchronizer$ConditionObject::awaitNanos (202 bytes)
Total: 1

VM state: not at safepoint (normal execution)

VM Mutex/Monitor currently owned by a thread: None

Heap address: 0x0000000700000000, size: 4096 MB, Compressed Oops mode: Zero based, Oop shift amount: 3

CDS archive(s) mapped at: [0x0000026d9f000000-0x0000026d9fba0000-0x0000026d9fba0000), size 12189696, SharedBaseAddress: 0x0000026d9f000000, ArchiveRelocationMode: 1.
Compressed class space mapped at: 0x0000026da0000000-0x0000026de0000000, reserved size: 1073741824
Narrow klass base: 0x0000026d9f000000, Narrow klass shift: 0, Narrow klass range: 0x100000000

GC Precious Log:
 CardTable entry size: 512
 CPUs: 12 total, 12 available
 Memory: 16068M
 Large Page Support: Disabled
 NUMA Support: Disabled
 Compressed Oops: Enabled (Zero based)
 Alignments: Space 512K, Generation 512K, Heap 2M
 Heap Min Capacity: 100M
 Heap Initial Capacity: 100M
 Heap Max Capacity: 4G
 Pre-touch: Disabled
 Parallel Workers: 10

Heap:
 PSYoungGen      total 12800K, used 9192K [0x00000007aab00000, 0x00000007abe80000, 0x0000000800000000)
  eden space 10752K, 69% used [0x00000007aab00000,0x00000007ab24a298,0x00000007ab580000)
  from space 2048K, 84% used [0x00000007abc80000,0x00000007abe300a8,0x00000007abe80000)
  to   space 3584K, 0% used [0x00000007ab780000,0x00000007ab780000,0x00000007abb00000)
 ParOldGen       total 1844736K, used 1709568K [0x0000000700000000, 0x0000000770980000, 0x00000007aab00000)
  object space 1844736K, 92% used [0x0000000700000000,0x00000007685802c0,0x0000000770980000)
 Metaspace       used 85657K, committed 87168K, reserved 1179648K
  class space    used 9091K, committed 9728K, reserved 1048576K

Card table byte_map: [0x0000026d95700000,0x0000026d95f10000] _byte_map_base: 0x0000026d91f00000

Marking Bits: (ParMarkBitMap*) 0x00007ffdf8fb4460
 Begin Bits: [0x0000026d95f10000, 0x0000026d99f10000)
 End Bits:   [0x0000026d99f10000, 0x0000026d9df10000)

Polling page: 0x0000026d81390000

Metaspace:

Usage:
  Non-class:     74.77 MB used.
      Class:      8.88 MB used.
       Both:     83.65 MB used.

Virtual space:
  Non-class space:      128.00 MB reserved,      75.62 MB ( 59%) committed,  2 nodes.
      Class space:        1.00 GB reserved,       9.50 MB ( <1%) committed,  1 nodes.
             Both:        1.12 GB reserved,      85.12 MB (  7%) committed. 

Chunk freelists:
   Non-Class:  3.77 MB
       Class:  6.32 MB
        Both:  10.08 MB

MaxMetaspaceSize: unlimited
CompressedClassSpaceSize: 1.00 GB
Initial GC threshold: 21.00 MB
Current GC threshold: 141.38 MB
CDS: on
 - commit_granule_bytes: 65536.
 - commit_granule_words: 8192.
 - virtual_space_node_default_size: 8388608.
 - enlarge_chunks_in_place: 1.
 - use_allocation_guard: 0.


Internal statistics:

num_allocs_failed_limit: 11.
num_arena_births: 1524.
num_arena_deaths: 14.
num_vsnodes_births: 3.
num_vsnodes_deaths: 0.
num_space_committed: 1362.
num_space_uncommitted: 0.
num_chunks_returned_to_freelist: 25.
num_chunks_taken_from_freelist: 5429.
num_chunk_merges: 16.
num_chunk_splits: 3338.
num_chunks_enlarged: 1919.
num_inconsistent_stats: 0.

CodeHeap 'non-profiled nmethods': size=120000Kb used=33641Kb max_used=33641Kb free=86359Kb
 bounds [0x0000026d8e1d0000, 0x0000026d902b0000, 0x0000026d95700000]
CodeHeap 'profiled nmethods': size=120000Kb used=41650Kb max_used=49344Kb free=78349Kb
 bounds [0x0000026d86700000, 0x0000026d89740000, 0x0000026d8dc30000]
CodeHeap 'non-nmethods': size=5760Kb used=1507Kb max_used=1653Kb free=4252Kb
 bounds [0x0000026d8dc30000, 0x0000026d8dea0000, 0x0000026d8e1d0000]
CodeCache: size=245760Kb, used=76798Kb, max_used=84638Kb, free=168960Kb
 total_blobs=17755, nmethods=16935, adapters=723, full_count=0
Compilation: enabled, stopped_count=0, restarted_count=0

Compilation events (20 events):
Event: 159.765 Thread 0x0000026d835bb040 nmethod 26828 0x0000026d86ada610 code [0x0000026d86ada9e0, 0x0000026d86adc3f8]
Event: 159.765 Thread 0x0000026d835bb040 26829       3       java.lang.Class::isMemberClass (20 bytes)
Event: 159.765 Thread 0x0000026d835bb040 nmethod 26829 0x0000026d87a59910 code [0x0000026d87a59b00, 0x0000026d87a59e30]
Event: 159.765 Thread 0x0000026d835bb040 26831       3       java.util.concurrent.ConcurrentSkipListMap::addCount (35 bytes)
Event: 159.766 Thread 0x0000026d835bb040 nmethod 26831 0x0000026d87305290 code [0x0000026d87305520, 0x0000026d87306030]
Event: 159.766 Thread 0x0000026d835bb040 26832       3       java.util.concurrent.atomic.LongAdder::add (96 bytes)
Event: 159.766 Thread 0x0000026d835bb040 nmethod 26832 0x0000026d87764210 code [0x0000026d87764420, 0x0000026d877649b8]
Event: 159.766 Thread 0x0000026d835bb040 26833       3       java.util.concurrent.atomic.Striped64::casBase (10 bytes)
Event: 159.766 Thread 0x0000026d835bb040 nmethod 26833 0x0000026d885aad90 code [0x0000026d885aafc0, 0x0000026d885ab800]
Event: 159.766 Thread 0x0000026d835bb040 26830       1       org.gradle.internal.jvm.Jvm::getJavaHome (5 bytes)
Event: 159.766 Thread 0x0000026d835bb040 nmethod 26830 0x0000026d902aa110 code [0x0000026d902aa2a0, 0x0000026d902aa370]
Event: 159.767 Thread 0x0000026d835bb040 26835       3       com.google.common.base.Joiner::toString (24 bytes)
Event: 159.767 Thread 0x0000026d835bb040 nmethod 26835 0x0000026d87624910 code [0x0000026d87624b00, 0x0000026d876250a0]
Event: 159.769 Thread 0x0000026d835bb040 26836       3       java.io.DataOutputStream::writeBoolean (22 bytes)
Event: 159.769 Thread 0x0000026d835bb040 nmethod 26836 0x0000026d87fb6e10 code [0x0000026d87fb6fc0, 0x0000026d87fb7298]
Event: 159.769 Thread 0x0000026d835bb040 26837       3       java.util.Date::getMillisOf (55 bytes)
Event: 159.770 Thread 0x0000026d835bb040 nmethod 26837 0x0000026d88611b10 code [0x0000026d88611d40, 0x0000026d88612610]
Event: 159.771 Thread 0x0000026d835bb040 26838       3       java.net.URI::appendAuthority (232 bytes)
Event: 159.772 Thread 0x0000026d835bb040 nmethod 26838 0x0000026d8861ad90 code [0x0000026d8861b180, 0x0000026d8861c670]
Event: 198.766 Thread 0x0000026d835ab270 26839       4       java.util.concurrent.locks.AbstractQueuedSynchronizer$ConditionObject::awaitNanos (202 bytes)

GC Heap History (20 events):
Event: 139.202 GC heap before
{Heap before GC invocations=8225 (full 6):
 PSYoungGen      total 13312K, used 12848K [0x00000007aab00000, 0x00000007abc00000, 0x0000000800000000)
  eden space 11264K, 100% used [0x00000007aab00000,0x00000007ab600000,0x00000007ab600000)
  from space 2048K, 77% used [0x00000007aba00000,0x00000007abb8c020,0x00000007abc00000)
  to   space 2560K, 0% used [0x00000007ab700000,0x00000007ab700000,0x00000007ab980000)
 ParOldGen       total 1844736K, used 1686939K [0x0000000700000000, 0x0000000770980000, 0x00000007aab00000)
  object space 1844736K, 91% used [0x0000000700000000,0x0000000766f66e40,0x0000000770980000)
 Metaspace       used 85603K, committed 87104K, reserved 1179648K
  class space    used 9091K, committed 9728K, reserved 1048576K
}
Event: 139.207 GC heap after
{Heap after GC invocations=8225 (full 6):
 PSYoungGen      total 13312K, used 1904K [0x00000007aab00000, 0x00000007aba80000, 0x0000000800000000)
  eden space 11264K, 0% used [0x00000007aab00000,0x00000007aab00000,0x00000007ab600000)
  from space 2048K, 92% used [0x00000007ab700000,0x00000007ab8dc030,0x00000007ab900000)
  to   space 1536K, 0% used [0x00000007ab900000,0x00000007ab900000,0x00000007aba80000)
 ParOldGen       total 1844736K, used 1688295K [0x0000000700000000, 0x0000000770980000, 0x00000007aab00000)
  object space 1844736K, 91% used [0x0000000700000000,0x00000007670b9f20,0x0000000770980000)
 Metaspace       used 85603K, committed 87104K, reserved 1179648K
  class space    used 9091K, committed 9728K, reserved 1048576K
}
Event: 139.243 GC heap before
{Heap before GC invocations=8226 (full 6):
 PSYoungGen      total 13312K, used 13168K [0x00000007aab00000, 0x00000007aba80000, 0x0000000800000000)
  eden space 11264K, 100% used [0x00000007aab00000,0x00000007ab600000,0x00000007ab600000)
  from space 2048K, 92% used [0x00000007ab700000,0x00000007ab8dc030,0x00000007ab900000)
  to   space 1536K, 0% used [0x00000007ab900000,0x00000007ab900000,0x00000007aba80000)
 ParOldGen       total 1844736K, used 1688295K [0x0000000700000000, 0x0000000770980000, 0x00000007aab00000)
  object space 1844736K, 91% used [0x0000000700000000,0x00000007670b9f20,0x0000000770980000)
 Metaspace       used 85603K, committed 87104K, reserved 1179648K
  class space    used 9091K, committed 9728K, reserved 1048576K
}
Event: 139.248 GC heap after
{Heap after GC invocations=8226 (full 6):
 PSYoungGen      total 12288K, used 1520K [0x00000007aab00000, 0x00000007abd00000, 0x0000000800000000)
  eden space 10752K, 0% used [0x00000007aab00000,0x00000007aab00000,0x00000007ab580000)
  from space 1536K, 98% used [0x00000007ab900000,0x00000007aba7c030,0x00000007aba80000)
  to   space 3584K, 0% used [0x00000007ab580000,0x00000007ab580000,0x00000007ab900000)
 ParOldGen       total 1844736K, used 1690070K [0x0000000700000000, 0x0000000770980000, 0x00000007aab00000)
  object space 1844736K, 91% used [0x0000000700000000,0x0000000767275aa0,0x0000000770980000)
 Metaspace       used 85603K, committed 87104K, reserved 1179648K
  class space    used 9091K, committed 9728K, reserved 1048576K
}
Event: 139.283 GC heap before
{Heap before GC invocations=8227 (full 6):
 PSYoungGen      total 12288K, used 12272K [0x00000007aab00000, 0x00000007abd00000, 0x0000000800000000)
  eden space 10752K, 100% used [0x00000007aab00000,0x00000007ab580000,0x00000007ab580000)
  from space 1536K, 98% used [0x00000007ab900000,0x00000007aba7c030,0x00000007aba80000)
  to   space 3584K, 0% used [0x00000007ab580000,0x00000007ab580000,0x00000007ab900000)
 ParOldGen       total 1844736K, used 1690071K [0x0000000700000000, 0x0000000770980000, 0x00000007aab00000)
  object space 1844736K, 91% used [0x0000000700000000,0x0000000767275c60,0x0000000770980000)
 Metaspace       used 85603K, committed 87104K, reserved 1179648K
  class space    used 9091K, committed 9728K, reserved 1048576K
}
Event: 139.287 GC heap after
{Heap after GC invocations=8227 (full 6):
 PSYoungGen      total 12800K, used 1616K [0x00000007aab00000, 0x00000007abb00000, 0x0000000800000000)
  eden space 10752K, 0% used [0x00000007aab00000,0x00000007aab00000,0x00000007ab580000)
  from space 2048K, 78% used [0x00000007ab580000,0x00000007ab714010,0x00000007ab780000)
  to   space 2560K, 0% used [0x00000007ab880000,0x00000007ab880000,0x00000007abb00000)
 ParOldGen       total 1844736K, used 1691519K [0x0000000700000000, 0x0000000770980000, 0x00000007aab00000)
  object space 1844736K, 91% used [0x0000000700000000,0x00000007673dfcf0,0x0000000770980000)
 Metaspace       used 85603K, committed 87104K, reserved 1179648K
  class space    used 9091K, committed 9728K, reserved 1048576K
}
Event: 139.385 GC heap before
{Heap before GC invocations=8228 (full 6):
 PSYoungGen      total 12800K, used 12368K [0x00000007aab00000, 0x00000007abb00000, 0x0000000800000000)
  eden space 10752K, 100% used [0x00000007aab00000,0x00000007ab580000,0x00000007ab580000)
  from space 2048K, 78% used [0x00000007ab580000,0x00000007ab714010,0x00000007ab780000)
  to   space 2560K, 0% used [0x00000007ab880000,0x00000007ab880000,0x00000007abb00000)
 ParOldGen       total 1844736K, used 1691849K [0x0000000700000000, 0x0000000770980000, 0x00000007aab00000)
  object space 1844736K, 91% used [0x0000000700000000,0x0000000767432630,0x0000000770980000)
 Metaspace       used 85603K, committed 87104K, reserved 1179648K
  class space    used 9091K, committed 9728K, reserved 1048576K
}
Event: 139.387 GC heap after
{Heap after GC invocations=8228 (full 6):
 PSYoungGen      total 13312K, used 2268K [0x00000007aab00000, 0x00000007abb00000, 0x0000000800000000)
  eden space 10752K, 0% used [0x00000007aab00000,0x00000007aab00000,0x00000007ab580000)
  from space 2560K, 88% used [0x00000007ab880000,0x00000007abab7118,0x00000007abb00000)
  to   space 2560K, 0% used [0x00000007ab600000,0x00000007ab600000,0x00000007ab880000)
 ParOldGen       total 1844736K, used 1693297K [0x0000000700000000, 0x0000000770980000, 0x00000007aab00000)
  object space 1844736K, 91% used [0x0000000700000000,0x000000076759c710,0x0000000770980000)
 Metaspace       used 85603K, committed 87104K, reserved 1179648K
  class space    used 9091K, committed 9728K, reserved 1048576K
}
Event: 139.612 GC heap before
{Heap before GC invocations=8229 (full 6):
 PSYoungGen      total 13312K, used 12953K [0x00000007aab00000, 0x00000007abb00000, 0x0000000800000000)
  eden space 10752K, 99% used [0x00000007aab00000,0x00000007ab56f580,0x00000007ab580000)
  from space 2560K, 88% used [0x00000007ab880000,0x00000007abab7118,0x00000007abb00000)
  to   space 2560K, 0% used [0x00000007ab600000,0x00000007ab600000,0x00000007ab880000)
 ParOldGen       total 1844736K, used 1693297K [0x0000000700000000, 0x0000000770980000, 0x00000007aab00000)
  object space 1844736K, 91% used [0x0000000700000000,0x000000076759c710,0x0000000770980000)
 Metaspace       used 85603K, committed 87104K, reserved 1179648K
  class space    used 9091K, committed 9728K, reserved 1048576K
}
Event: 139.616 GC heap after
{Heap after GC invocations=8229 (full 6):
 PSYoungGen      total 13312K, used 2547K [0x00000007aab00000, 0x00000007acd80000, 0x0000000800000000)
  eden space 10752K, 0% used [0x00000007aab00000,0x00000007aab00000,0x00000007ab580000)
  from space 2560K, 99% used [0x00000007ab600000,0x00000007ab87cfb0,0x00000007ab880000)
  to   space 12288K, 0% used [0x00000007ac180000,0x00000007ac180000,0x00000007acd80000)
 ParOldGen       total 1844736K, used 1701285K [0x0000000700000000, 0x0000000770980000, 0x00000007aab00000)
  object space 1844736K, 92% used [0x0000000700000000,0x0000000767d69678,0x0000000770980000)
 Metaspace       used 85603K, committed 87104K, reserved 1179648K
  class space    used 9091K, committed 9728K, reserved 1048576K
}
Event: 139.897 GC heap before
{Heap before GC invocations=8230 (full 6):
 PSYoungGen      total 13312K, used 13299K [0x00000007aab00000, 0x00000007acd80000, 0x0000000800000000)
  eden space 10752K, 100% used [0x00000007aab00000,0x00000007ab580000,0x00000007ab580000)
  from space 2560K, 99% used [0x00000007ab600000,0x00000007ab87cfb0,0x00000007ab880000)
  to   space 12288K, 0% used [0x00000007ac180000,0x00000007ac180000,0x00000007acd80000)
 ParOldGen       total 1844736K, used 1701285K [0x0000000700000000, 0x0000000770980000, 0x00000007aab00000)
  object space 1844736K, 92% used [0x0000000700000000,0x0000000767d69678,0x0000000770980000)
 Metaspace       used 85603K, committed 87104K, reserved 1179648K
  class space    used 9091K, committed 9728K, reserved 1048576K
}
Event: 139.900 GC heap after
{Heap after GC invocations=8230 (full 6):
 PSYoungGen      total 20992K, used 9968K [0x00000007aab00000, 0x00000007acb80000, 0x0000000800000000)
  eden space 10752K, 0% used [0x00000007aab00000,0x00000007aab00000,0x00000007ab580000)
  from space 10240K, 97% used [0x00000007ac180000,0x00000007acb3c088,0x00000007acb80000)
  to   space 10240K, 0% used [0x00000007ab780000,0x00000007ab780000,0x00000007ac180000)
 ParOldGen       total 1844736K, used 1703826K [0x0000000700000000, 0x0000000770980000, 0x00000007aab00000)
  object space 1844736K, 92% used [0x0000000700000000,0x0000000767fe4850,0x0000000770980000)
 Metaspace       used 85603K, committed 87104K, reserved 1179648K
  class space    used 9091K, committed 9728K, reserved 1048576K
}
Event: 139.947 GC heap before
{Heap before GC invocations=8231 (full 6):
 PSYoungGen      total 20992K, used 20720K [0x00000007aab00000, 0x00000007acb80000, 0x0000000800000000)
  eden space 10752K, 100% used [0x00000007aab00000,0x00000007ab580000,0x00000007ab580000)
  from space 10240K, 97% used [0x00000007ac180000,0x00000007acb3c088,0x00000007acb80000)
  to   space 10240K, 0% used [0x00000007ab780000,0x00000007ab780000,0x00000007ac180000)
 ParOldGen       total 1844736K, used 1703826K [0x0000000700000000, 0x0000000770980000, 0x00000007aab00000)
  object space 1844736K, 92% used [0x0000000700000000,0x0000000767fe4850,0x0000000770980000)
 Metaspace       used 85605K, committed 87104K, reserved 1179648K
  class space    used 9091K, committed 9728K, reserved 1048576K
}
Event: 139.951 GC heap after
{Heap after GC invocations=8231 (full 6):
 PSYoungGen      total 11776K, used 864K [0x00000007aab00000, 0x00000007ac200000, 0x0000000800000000)
  eden space 10752K, 0% used [0x00000007aab00000,0x00000007aab00000,0x00000007ab580000)
  from space 1024K, 84% used [0x00000007ab780000,0x00000007ab858000,0x00000007ab880000)
  to   space 4608K, 0% used [0x00000007abd80000,0x00000007abd80000,0x00000007ac200000)
 ParOldGen       total 1844736K, used 1704186K [0x0000000700000000, 0x0000000770980000, 0x00000007aab00000)
  object space 1844736K, 92% used [0x0000000700000000,0x000000076803e850,0x0000000770980000)
 Metaspace       used 85605K, committed 87104K, reserved 1179648K
  class space    used 9091K, committed 9728K, reserved 1048576K
}
Event: 139.987 GC heap before
{Heap before GC invocations=8232 (full 6):
 PSYoungGen      total 11776K, used 11616K [0x00000007aab00000, 0x00000007ac200000, 0x0000000800000000)
  eden space 10752K, 100% used [0x00000007aab00000,0x00000007ab580000,0x00000007ab580000)
  from space 1024K, 84% used [0x00000007ab780000,0x00000007ab858000,0x00000007ab880000)
  to   space 4608K, 0% used [0x00000007abd80000,0x00000007abd80000,0x00000007ac200000)
 ParOldGen       total 1844736K, used 1704186K [0x0000000700000000, 0x0000000770980000, 0x00000007aab00000)
  object space 1844736K, 92% used [0x0000000700000000,0x000000076803e850,0x0000000770980000)
 Metaspace       used 85632K, committed 87168K, reserved 1179648K
  class space    used 9091K, committed 9728K, reserved 1048576K
}
Event: 139.989 GC heap after
{Heap after GC invocations=8232 (full 6):
 PSYoungGen      total 11264K, used 320K [0x00000007aab00000, 0x00000007abe00000, 0x0000000800000000)
  eden space 10752K, 0% used [0x00000007aab00000,0x00000007aab00000,0x00000007ab580000)
  from space 512K, 62% used [0x00000007abd80000,0x00000007abdd0000,0x00000007abe00000)
  to   space 1536K, 0% used [0x00000007abb00000,0x00000007abb00000,0x00000007abc80000)
 ParOldGen       total 1844736K, used 1704792K [0x0000000700000000, 0x0000000770980000, 0x00000007aab00000)
  object space 1844736K, 92% used [0x0000000700000000,0x00000007680d62c0,0x0000000770980000)
 Metaspace       used 85632K, committed 87168K, reserved 1179648K
  class space    used 9091K, committed 9728K, reserved 1048576K
}
Event: 140.033 GC heap before
{Heap before GC invocations=8233 (full 6):
 PSYoungGen      total 11264K, used 11072K [0x00000007aab00000, 0x00000007abe00000, 0x0000000800000000)
  eden space 10752K, 100% used [0x00000007aab00000,0x00000007ab580000,0x00000007ab580000)
  from space 512K, 62% used [0x00000007abd80000,0x00000007abdd0000,0x00000007abe00000)
  to   space 1536K, 0% used [0x00000007abb00000,0x00000007abb00000,0x00000007abc80000)
 ParOldGen       total 1844736K, used 1704792K [0x0000000700000000, 0x0000000770980000, 0x00000007aab00000)
  object space 1844736K, 92% used [0x0000000700000000,0x00000007680d62c0,0x0000000770980000)
 Metaspace       used 85633K, committed 87168K, reserved 1179648K
  class space    used 9091K, committed 9728K, reserved 1048576K
}
Event: 140.038 GC heap after
{Heap after GC invocations=8233 (full 6):
 PSYoungGen      total 12288K, used 1536K [0x00000007aab00000, 0x00000007ac280000, 0x0000000800000000)
  eden space 10752K, 0% used [0x00000007aab00000,0x00000007aab00000,0x00000007ab580000)
  from space 1536K, 100% used [0x00000007abb00000,0x00000007abc80000,0x00000007abc80000)
  to   space 6144K, 0% used [0x00000007abc80000,0x00000007abc80000,0x00000007ac280000)
 ParOldGen       total 1844736K, used 1708736K [0x0000000700000000, 0x0000000770980000, 0x00000007aab00000)
  object space 1844736K, 92% used [0x0000000700000000,0x00000007684b02c0,0x0000000770980000)
 Metaspace       used 85633K, committed 87168K, reserved 1179648K
  class space    used 9091K, committed 9728K, reserved 1048576K
}
Event: 140.052 GC heap before
{Heap before GC invocations=8234 (full 6):
 PSYoungGen      total 12288K, used 12288K [0x00000007aab00000, 0x00000007ac280000, 0x0000000800000000)
  eden space 10752K, 100% used [0x00000007aab00000,0x00000007ab580000,0x00000007ab580000)
  from space 1536K, 100% used [0x00000007abb00000,0x00000007abc80000,0x00000007abc80000)
  to   space 6144K, 0% used [0x00000007abc80000,0x00000007abc80000,0x00000007ac280000)
 ParOldGen       total 1844736K, used 1708736K [0x0000000700000000, 0x0000000770980000, 0x00000007aab00000)
  object space 1844736K, 92% used [0x0000000700000000,0x00000007684b02c0,0x0000000770980000)
 Metaspace       used 85633K, committed 87168K, reserved 1179648K
  class space    used 9091K, committed 9728K, reserved 1048576K
}
Event: 140.056 GC heap after
{Heap after GC invocations=8234 (full 6):
 PSYoungGen      total 12800K, used 1728K [0x00000007aab00000, 0x00000007abe80000, 0x0000000800000000)
  eden space 10752K, 0% used [0x00000007aab00000,0x00000007aab00000,0x00000007ab580000)
  from space 2048K, 84% used [0x00000007abc80000,0x00000007abe300a8,0x00000007abe80000)
  to   space 3584K, 0% used [0x00000007ab780000,0x00000007ab780000,0x00000007abb00000)
 ParOldGen       total 1844736K, used 1709568K [0x0000000700000000, 0x0000000770980000, 0x00000007aab00000)
  object space 1844736K, 92% used [0x0000000700000000,0x00000007685802c0,0x0000000770980000)
 Metaspace       used 85633K, committed 87168K, reserved 1179648K
  class space    used 9091K, committed 9728K, reserved 1048576K
}

Dll operation events (15 events):
Event: 0.117 Loaded shared library c:\Users\zakar\.vscode\extensions\redhat.java-1.55.0-win32-x64\jre\21.0.11-win32-x86_64\bin\java.dll
Event: 0.338 Loaded shared library c:\Users\zakar\.vscode\extensions\redhat.java-1.55.0-win32-x64\jre\21.0.11-win32-x86_64\bin\zip.dll
Event: 0.362 Loaded shared library C:\Users\zakar\.vscode\extensions\redhat.java-1.55.0-win32-x64\jre\21.0.11-win32-x86_64\bin\instrument.dll
Event: 0.367 Loaded shared library C:\Users\zakar\.vscode\extensions\redhat.java-1.55.0-win32-x64\jre\21.0.11-win32-x86_64\bin\net.dll
Event: 0.370 Loaded shared library C:\Users\zakar\.vscode\extensions\redhat.java-1.55.0-win32-x64\jre\21.0.11-win32-x86_64\bin\nio.dll
Event: 0.374 Loaded shared library C:\Users\zakar\.vscode\extensions\redhat.java-1.55.0-win32-x64\jre\21.0.11-win32-x86_64\bin\zip.dll
Event: 0.393 Loaded shared library C:\Users\zakar\.vscode\extensions\redhat.java-1.55.0-win32-x64\jre\21.0.11-win32-x86_64\bin\jimage.dll
Event: 0.476 Loaded shared library c:\Users\zakar\.vscode\extensions\redhat.java-1.55.0-win32-x64\jre\21.0.11-win32-x86_64\bin\verify.dll
Event: 1.538 Loaded shared library C:\Users\zakar\AppData\Roaming\Code\User\globalStorage\redhat.java\1.55.0\config_win\org.eclipse.equinox.launcher\org.eclipse.equinox.launcher.win32.win32.x86_64_1.3.100.v20260613-0559\eclipse_11924.dll
Event: 6.833 Loaded shared library C:\Users\zakar\AppData\Local\Temp\jna-115665237\jna11507585579047995375.dll
Event: 17.147 Loaded shared library C:\Users\zakar\.gradle\native\c067742578af261105cb4f569cf0c3c89f3d7b1fecec35dd04571415982c5e48\windows-amd64\native-platform.dll
Event: 19.352 Loaded shared library C:\Users\zakar\.vscode\extensions\redhat.java-1.55.0-win32-x64\jre\21.0.11-win32-x86_64\bin\management.dll
Event: 19.359 Loaded shared library C:\Users\zakar\.vscode\extensions\redhat.java-1.55.0-win32-x64\jre\21.0.11-win32-x86_64\bin\management_ext.dll
Event: 19.869 Loaded shared library C:\Users\zakar\.vscode\extensions\redhat.java-1.55.0-win32-x64\jre\21.0.11-win32-x86_64\bin\sunmscapi.dll
Event: 19.985 Loaded shared library C:\Users\zakar\.vscode\extensions\redhat.java-1.55.0-win32-x64\jre\21.0.11-win32-x86_64\bin\extnet.dll

Deoptimization events (20 events):
Event: 159.744 Thread 0x0000026dfdf37630 Uncommon trap: reason=class_check action=maybe_recompile pc=0x0000026d8fc0f618 method=java.nio.file.Files.lambda$asUncheckedRunnable$0(Ljava/io/Closeable;)V @ 1 c2
Event: 159.744 Thread 0x0000026dfdf37630 DEOPT PACKING pc=0x0000026d8fc0f618 sp=0x000000b0b7cfe3a0
Event: 159.744 Thread 0x0000026dfdf37630 DEOPT UNPACKING pc=0x0000026d8dc83aa2 sp=0x000000b0b7cfe2f8 mode 2
Event: 159.744 Thread 0x0000026dfdf37630 Uncommon trap: trap_request=0xffffff45 fr.pc=0x0000026d8e3ecad0 relative=0x0000000000000210
Event: 159.744 Thread 0x0000026dfdf37630 Uncommon trap: reason=unstable_if action=reinterpret pc=0x0000026d8e3ecad0 method=java.net.URI.appendAuthority(Ljava/lang/StringBuilder;Ljava/lang/String;Ljava/lang/String;Ljava/lang/String;I)V @ 130 c2
Event: 159.744 Thread 0x0000026dfdf37630 DEOPT PACKING pc=0x0000026d8e3ecad0 sp=0x000000b0b7cfe1d0
Event: 159.744 Thread 0x0000026dfdf37630 DEOPT UNPACKING pc=0x0000026d8dc83aa2 sp=0x000000b0b7cfe150 mode 2
Event: 161.028 Thread 0x0000026dfdf37cc0 Uncommon trap: trap_request=0xffffffc6 fr.pc=0x0000026d8e7acf6c relative=0x000000000000046c
Event: 161.028 Thread 0x0000026dfdf37cc0 Uncommon trap: reason=bimorphic_or_optimized_type_check action=maybe_recompile pc=0x0000026d8e7acf6c method=java.util.regex.Pattern$Slice.match(Ljava/util/regex/Matcher;ILjava/lang/CharSequence;)Z @ 49 c2
Event: 161.028 Thread 0x0000026dfdf37cc0 DEOPT PACKING pc=0x0000026d8e7acf6c sp=0x000000b0ba7fece0
Event: 161.029 Thread 0x0000026dfdf37cc0 DEOPT UNPACKING pc=0x0000026d8dc83aa2 sp=0x000000b0ba7fec08 mode 2
Event: 161.029 Thread 0x0000026dfdf37cc0 Uncommon trap: trap_request=0xffffffc6 fr.pc=0x0000026d8ea9f0cc relative=0x000000000000026c
Event: 161.029 Thread 0x0000026dfdf37cc0 Uncommon trap: reason=bimorphic_or_optimized_type_check action=maybe_recompile pc=0x0000026d8ea9f0cc method=java.util.regex.Pattern$BmpCharProperty.match(Ljava/util/regex/Matcher;ILjava/lang/CharSequence;)Z @ 14 c2
Event: 161.029 Thread 0x0000026dfdf37cc0 DEOPT PACKING pc=0x0000026d8ea9f0cc sp=0x000000b0ba7fec70
Event: 161.029 Thread 0x0000026dfdf37cc0 DEOPT UNPACKING pc=0x0000026d8dc83aa2 sp=0x000000b0ba7fec20 mode 2
Event: 161.029 Thread 0x0000026dfdf37cc0 Uncommon trap: trap_request=0xffffffc6 fr.pc=0x0000026d8ec64ccc relative=0x000000000000010c
Event: 161.029 Thread 0x0000026dfdf37cc0 Uncommon trap: reason=bimorphic_or_optimized_type_check action=maybe_recompile pc=0x0000026d8ec64ccc method=java.util.regex.Pattern.lambda$union$3(Ljava/util/regex/Pattern$CharPredicate;Ljava/util/regex/Pattern$CharPredicate;I)Z @ 12 c2
Event: 161.029 Thread 0x0000026dfdf37cc0 DEOPT PACKING pc=0x0000026d8ec64ccc sp=0x000000b0ba7febf0
Event: 161.029 Thread 0x0000026dfdf37cc0 DEOPT UNPACKING pc=0x0000026d8dc83aa2 sp=0x000000b0ba7feb08 mode 2
Event: 199.931 Thread 0x0000026de7057340 Uncommon trap: trap_request=0xfffffff4 fr.pc=0x0000026d8e25e8b4 relative=0x00000000000003b4

Classes loaded (20 events):
Event: 55.636 Loading class java/nio/channels/spi/AbstractSelector$1
Event: 55.636 Loading class java/nio/channels/spi/AbstractSelector$1 done
Event: 55.738 Loading class java/util/concurrent/Executors$AutoShutdownDelegatedExecutorService
Event: 55.738 Loading class java/util/concurrent/Executors$AutoShutdownDelegatedExecutorService done
Event: 80.863 Loading class java/util/LinkedList$LLSpliterator
Event: 80.864 Loading class java/util/LinkedList$LLSpliterator done
Event: 85.412 Loading class java/util/TreeMap$AscendingSubMap
Event: 85.413 Loading class java/util/TreeMap$NavigableSubMap
Event: 85.413 Loading class java/util/TreeMap$NavigableSubMap done
Event: 85.413 Loading class java/util/TreeMap$AscendingSubMap done
Event: 85.414 Loading class java/util/TreeMap$NavigableSubMap$SubMapKeyIterator
Event: 85.414 Loading class java/util/TreeMap$NavigableSubMap$SubMapIterator
Event: 85.414 Loading class java/util/TreeMap$NavigableSubMap$SubMapIterator done
Event: 85.414 Loading class java/util/TreeMap$NavigableSubMap$SubMapKeyIterator done
Event: 94.752 Loading class java/util/concurrent/ConcurrentHashMap$KeySpliterator
Event: 94.752 Loading class java/util/concurrent/ConcurrentHashMap$KeySpliterator done
Event: 112.659 Loading class java/util/DualPivotQuicksort$Sorter
Event: 112.660 Loading class java/util/DualPivotQuicksort$Sorter done
Event: 138.829 Loading class sun/net/ConnectionResetException
Event: 138.829 Loading class sun/net/ConnectionResetException done

Classes unloaded (7 events):
Event: 7.428 Thread 0x0000026d9e8f4380 Unloading class 0x0000026da01a4000 'java/lang/invoke/LambdaForm$MH+0x0000026da01a4000'
Event: 7.428 Thread 0x0000026d9e8f4380 Unloading class 0x0000026da01a3c00 'java/lang/invoke/LambdaForm$MH+0x0000026da01a3c00'
Event: 7.428 Thread 0x0000026d9e8f4380 Unloading class 0x0000026da01a3800 'java/lang/invoke/LambdaForm$MH+0x0000026da01a3800'
Event: 7.428 Thread 0x0000026d9e8f4380 Unloading class 0x0000026da01a3400 'java/lang/invoke/LambdaForm$MH+0x0000026da01a3400'
Event: 7.428 Thread 0x0000026d9e8f4380 Unloading class 0x0000026da01a3000 'java/lang/invoke/LambdaForm$BMH+0x0000026da01a3000'
Event: 7.428 Thread 0x0000026d9e8f4380 Unloading class 0x0000026da01a2c00 'java/lang/invoke/LambdaForm$DMH+0x0000026da01a2c00'
Event: 7.428 Thread 0x0000026d9e8f4380 Unloading class 0x0000026da01a1800 'java/lang/invoke/LambdaForm$DMH+0x0000026da01a1800'

Classes redefined (0 events):
No events

Internal exceptions (20 events):
Event: 134.906 Thread 0x0000026deade0180 Exception <a 'sun/nio/fs/WindowsException'{0x00000007ab297ba0}> (0x00000007ab297ba0) 
thrown [s\src\hotspot\share\prims\jni.cpp, line 520]
Event: 134.908 Thread 0x0000026de7058060 Exception <a 'sun/nio/fs/WindowsException'{0x00000007ab2af8f8}> (0x00000007ab2af8f8) 
thrown [s\src\hotspot\share\prims\jni.cpp, line 520]
Event: 134.909 Thread 0x0000026df5ecb040 Exception <a 'sun/nio/fs/WindowsException'{0x00000007ab2be410}> (0x00000007ab2be410) 
thrown [s\src\hotspot\share\prims\jni.cpp, line 520]
Event: 134.917 Thread 0x0000026df5ecf1e0 Exception <a 'sun/nio/fs/WindowsException'{0x00000007ab2d1cd0}> (0x00000007ab2d1cd0) 
thrown [s\src\hotspot\share\prims\jni.cpp, line 520]
Event: 134.917 Thread 0x0000026de79840a0 Exception <a 'sun/nio/fs/WindowsException'{0x00000007ab2cf750}> (0x00000007ab2cf750) 
thrown [s\src\hotspot\share\prims\jni.cpp, line 520]
Event: 134.918 Thread 0x0000026df5ecb040 Exception <a 'sun/nio/fs/WindowsException'{0x00000007ab2d0710}> (0x00000007ab2d0710) 
thrown [s\src\hotspot\share\prims\jni.cpp, line 520]
Event: 137.891 Thread 0x0000026de60f0940 Exception <a 'sun/nio/fs/WindowsException'{0x00000007aac29d18}> (0x00000007aac29d18) 
thrown [s\src\hotspot\share\prims\jni.cpp, line 520]
Event: 137.892 Thread 0x0000026de60f0940 Exception <a 'sun/nio/fs/WindowsException'{0x00000007aac8af98}> (0x00000007aac8af98) 
thrown [s\src\hotspot\share\prims\jni.cpp, line 520]
Event: 138.829 Thread 0x0000026dfdf34ed0 Exception <a 'sun/net/ConnectionResetException'{0x00000007aafddb30}: Connection reset> (0x00000007aafddb30) 
thrown [s\src\hotspot\share\prims\jni.cpp, line 539]
Event: 138.842 Thread 0x0000026dfdf34ed0 Exception <a 'java/io/IOException'{0x00000007ab594bd8}: Connection reset by peer> (0x00000007ab594bd8) 
thrown [s\src\hotspot\share\prims\jni.cpp, line 539]
Event: 139.323 Thread 0x0000026de60efc20 Exception <a 'sun/nio/fs/WindowsException'{0x00000007ab32ef28}> (0x00000007ab32ef28) 
thrown [s\src\hotspot\share\prims\jni.cpp, line 520]
Event: 139.324 Thread 0x0000026de7985ae0 Exception <a 'sun/nio/fs/WindowsException'{0x00000007ab33d908}> (0x00000007ab33d908) 
thrown [s\src\hotspot\share\prims\jni.cpp, line 520]
Event: 139.324 Thread 0x0000026de7982cf0 Exception <a 'sun/nio/fs/WindowsException'{0x00000007ab33ee60}> (0x00000007ab33ee60) 
thrown [s\src\hotspot\share\prims\jni.cpp, line 520]
Event: 139.324 Thread 0x0000026de7059410 Exception <a 'sun/nio/fs/WindowsException'{0x00000007ab340340}> (0x00000007ab340340) 
thrown [s\src\hotspot\share\prims\jni.cpp, line 520]
Event: 139.324 Thread 0x0000026df5ecf1e0 Exception <a 'sun/nio/fs/WindowsException'{0x00000007ab341840}> (0x00000007ab341840) 
thrown [s\src\hotspot\share\prims\jni.cpp, line 520]
Event: 139.935 Thread 0x0000026de60efc20 Exception <a 'sun/nio/fs/WindowsException'{0x00000007ab2ade18}> (0x00000007ab2ade18) 
thrown [s\src\hotspot\share\prims\jni.cpp, line 520]
Event: 139.935 Thread 0x0000026de60efc20 Exception <a 'sun/nio/fs/WindowsException'{0x00000007ab2ae518}> (0x00000007ab2ae518) 
thrown [s\src\hotspot\share\prims\jni.cpp, line 520]
Event: 159.743 Thread 0x0000026dfdf37630 Exception <a 'sun/net/ConnectionResetException'{0x00000007aacac320}: Connection reset> (0x00000007aacac320) 
thrown [s\src\hotspot\share\prims\jni.cpp, line 539]
Event: 159.744 Thread 0x0000026dfdf37630 Exception <a 'java/io/IOException'{0x00000007aacf1550}: Connection reset by peer> (0x00000007aacf1550) 
thrown [s\src\hotspot\share\prims\jni.cpp, line 539]
Event: 199.931 Thread 0x0000026de7057340 Implicit null exception at 0x0000026d8e25e5bc to 0x0000026d8e25e8a4

ZGC Phase Switch (0 events):
No events

VM Operations (20 events):
Event: 139.897 Executing safepoint VM operation: ParallelGCFailedAllocation (Allocation Failure)
Event: 139.901 Executing safepoint VM operation: ParallelGCFailedAllocation (Allocation Failure) done
Event: 139.947 Executing safepoint VM operation: ParallelGCFailedAllocation (Allocation Failure)
Event: 139.951 Executing safepoint VM operation: ParallelGCFailedAllocation (Allocation Failure) done
Event: 139.987 Executing safepoint VM operation: ParallelGCFailedAllocation (Allocation Failure)
Event: 139.990 Executing safepoint VM operation: ParallelGCFailedAllocation (Allocation Failure) done
Event: 140.033 Executing safepoint VM operation: ParallelGCFailedAllocation (Allocation Failure)
Event: 140.038 Executing safepoint VM operation: ParallelGCFailedAllocation (Allocation Failure) done
Event: 140.052 Executing safepoint VM operation: ParallelGCFailedAllocation (Allocation Failure)
Event: 140.056 Executing safepoint VM operation: ParallelGCFailedAllocation (Allocation Failure) done
Event: 148.082 Executing safepoint VM operation: Cleanup
Event: 148.082 Executing safepoint VM operation: Cleanup done
Event: 160.119 Executing safepoint VM operation: Cleanup
Event: 160.119 Executing safepoint VM operation: Cleanup done
Event: 162.119 Executing safepoint VM operation: Cleanup
Event: 162.119 Executing safepoint VM operation: Cleanup done
Event: 180.472 Executing non-safepoint VM operation: HandshakeAllThreads (HandshakeForDeflation)
Event: 180.472 Executing non-safepoint VM operation: HandshakeAllThreads (HandshakeForDeflation) done
Event: 180.472 Executing non-safepoint VM operation: RendezvousGCThreads
Event: 180.472 Executing non-safepoint VM operation: RendezvousGCThreads done

Memory protections (0 events):
No events

Nmethod flushes (20 events):
Event: 109.502 Thread 0x0000026d9e8f4380 flushing  nmethod 0x0000026d891ff390
Event: 109.502 Thread 0x0000026d9e8f4380 flushing  nmethod 0x0000026d8920a610
Event: 109.502 Thread 0x0000026d9e8f4380 flushing  nmethod 0x0000026d89213b10
Event: 109.502 Thread 0x0000026d9e8f4380 flushing  nmethod 0x0000026d89214b10
Event: 109.502 Thread 0x0000026d9e8f4380 flushing  nmethod 0x0000026d89216990
Event: 109.502 Thread 0x0000026d9e8f4380 flushing  nmethod 0x0000026d8921fd90
Event: 109.502 Thread 0x0000026d9e8f4380 flushing  nmethod 0x0000026d89220110
Event: 109.502 Thread 0x0000026d9e8f4380 flushing  nmethod 0x0000026d89238e10
Event: 109.502 Thread 0x0000026d9e8f4380 flushing  nmethod 0x0000026d89240010
Event: 109.502 Thread 0x0000026d9e8f4380 flushing  nmethod 0x0000026d89244c90
Event: 109.502 Thread 0x0000026d9e8f4380 flushing  nmethod 0x0000026d89245e10
Event: 109.502 Thread 0x0000026d9e8f4380 flushing  nmethod 0x0000026d89261a10
Event: 109.502 Thread 0x0000026d9e8f4380 flushing  nmethod 0x0000026d8927a310
Event: 109.502 Thread 0x0000026d9e8f4380 flushing  nmethod 0x0000026d8928f090
Event: 109.502 Thread 0x0000026d9e8f4380 flushing  nmethod 0x0000026d892af310
Event: 109.502 Thread 0x0000026d9e8f4380 flushing  nmethod 0x0000026d89310990
Event: 109.502 Thread 0x0000026d9e8f4380 flushing  nmethod 0x0000026d89361490
Event: 109.502 Thread 0x0000026d9e8f4380 flushing  nmethod 0x0000026d893c7a90
Event: 109.502 Thread 0x0000026d9e8f4380 flushing  nmethod 0x0000026d893c9110
Event: 109.502 Thread 0x0000026d9e8f4380 flushing  nmethod 0x0000026d893e2a10

Events (20 events):
Event: 139.101 Thread 0x0000026dfdf39070 Thread exited: 0x0000026dfdf39070
Event: 143.590 Thread 0x0000026dfd7e2af0 Thread exited: 0x0000026dfd7e2af0
Event: 147.099 Thread 0x0000026dfdf37cc0 Thread exited: 0x0000026dfdf37cc0
Event: 147.099 Thread 0x0000026dfdf35bf0 Thread exited: 0x0000026dfdf35bf0
Event: 152.873 Thread 0x0000026de7986170 Thread exited: 0x0000026de7986170
Event: 159.745 Thread 0x0000026dfdf34ed0 Thread exited: 0x0000026dfdf34ed0
Event: 159.745 Thread 0x0000026dfdf37630 Thread exited: 0x0000026dfdf37630
Event: 159.751 Thread 0x0000026de77bccd0 Thread added: 0x0000026dfdf35bf0
Event: 159.765 Thread 0x0000026dfdf35bf0 Thread added: 0x0000026dfdf34ed0
Event: 159.863 Thread 0x0000026dfdf35bf0 Thread added: 0x0000026dfdf37cc0
Event: 159.897 Thread 0x0000026dfdf37cc0 Thread added: 0x0000026dfdf39070
Event: 159.897 Thread 0x0000026dfdf37cc0 Thread added: 0x0000026dfdf3a420
Event: 159.898 Thread 0x0000026dfdf39070 Thread exited: 0x0000026dfdf39070
Event: 197.893 Thread 0x0000026de60f02b0 Thread exited: 0x0000026de60f02b0
Event: 197.893 Thread 0x0000026de77c0150 Thread exited: 0x0000026de77c0150
Event: 199.329 Thread 0x0000026de7985ae0 Thread exited: 0x0000026de7985ae0
Event: 199.329 Thread 0x0000026de7059410 Thread exited: 0x0000026de7059410
Event: 199.425 Thread 0x0000026de77ba570 Thread exited: 0x0000026de77ba570
Event: 199.425 Thread 0x0000026de60f1660 Thread exited: 0x0000026de60f1660
Event: 200.072 Thread 0x0000026de60efc20 Thread exited: 0x0000026de60efc20


Dynamic libraries:
0x00007ff7b1f20000 - 0x00007ff7b1f2e000 	c:\Users\zakar\.vscode\extensions\redhat.java-1.55.0-win32-x64\jre\21.0.11-win32-x86_64\bin\java.exe
0x00007ffeaa8e0000 - 0x00007ffeaab46000 	C:\windows\SYSTEM32\ntdll.dll
0x00007ffea89f0000 - 0x00007ffea8ab9000 	C:\windows\System32\KERNEL32.DLL
0x00007ffea7c80000 - 0x00007ffea807e000 	C:\windows\System32\KERNELBASE.dll
0x00007ffea82c0000 - 0x00007ffea840c000 	C:\windows\System32\ucrtbase.dll
0x00007ffe819b0000 - 0x00007ffe819ce000 	c:\Users\zakar\.vscode\extensions\redhat.java-1.55.0-win32-x64\jre\21.0.11-win32-x86_64\bin\VCRUNTIME140.dll
0x00007ffe845b0000 - 0x00007ffe845c8000 	c:\Users\zakar\.vscode\extensions\redhat.java-1.55.0-win32-x64\jre\21.0.11-win32-x86_64\bin\jli.dll
0x00007ffea8620000 - 0x00007ffea87e7000 	C:\windows\System32\USER32.dll
0x00007ffea7b00000 - 0x00007ffea7b27000 	C:\windows\System32\win32u.dll
0x00007ffeaa040000 - 0x00007ffeaa06b000 	C:\windows\System32\GDI32.dll
0x00007ffea84e0000 - 0x00007ffea860a000 	C:\windows\System32\gdi32full.dll
0x00007ffe8c490000 - 0x00007ffe8c722000 	C:\windows\WinSxS\amd64_microsoft.windows.common-controls_6595b64144ccf1df_6.0.26100.8875_none_3e0d5d42e32fe9dd\COMCTL32.dll
0x00007ffea8210000 - 0x00007ffea82b3000 	C:\windows\System32\msvcp_win.dll
0x00007ffea8ac0000 - 0x00007ffea8b69000 	C:\windows\System32\msvcrt.dll
0x00007ffeaa280000 - 0x00007ffeaa2b2000 	C:\windows\System32\IMM32.DLL
0x00007ffe9f7a0000 - 0x00007ffe9f7ac000 	c:\Users\zakar\.vscode\extensions\redhat.java-1.55.0-win32-x64\jre\21.0.11-win32-x86_64\bin\vcruntime140_1.dll
0x00007ffe624d0000 - 0x00007ffe6255d000 	c:\Users\zakar\.vscode\extensions\redhat.java-1.55.0-win32-x64\jre\21.0.11-win32-x86_64\bin\msvcp140.dll
0x00007ffdf82f0000 - 0x00007ffdf9092000 	c:\Users\zakar\.vscode\extensions\redhat.java-1.55.0-win32-x64\jre\21.0.11-win32-x86_64\bin\server\jvm.dll
0x00007ffea8b70000 - 0x00007ffea8c27000 	C:\windows\System32\ADVAPI32.dll
0x00007ffeaa750000 - 0x00007ffeaa7fa000 	C:\windows\System32\sechost.dll
0x00007ffeaa0c0000 - 0x00007ffeaa1d8000 	C:\windows\System32\RPCRT4.dll
0x00007ffea97a0000 - 0x00007ffea9820000 	C:\windows\System32\WS2_32.dll
0x00007ffea7950000 - 0x00007ffea79ae000 	C:\windows\SYSTEM32\POWRPROF.dll
0x00007ffea43c0000 - 0x00007ffea43f6000 	C:\windows\SYSTEM32\WINMM.dll
0x00007ffe9be30000 - 0x00007ffe9be3b000 	C:\windows\SYSTEM32\VERSION.dll
0x00007ffea7930000 - 0x00007ffea7944000 	C:\windows\SYSTEM32\UMPDC.dll
0x00007ffea6740000 - 0x00007ffea675b000 	C:\windows\SYSTEM32\kernel.appcore.dll
0x00007ffe9f780000 - 0x00007ffe9f78a000 	c:\Users\zakar\.vscode\extensions\redhat.java-1.55.0-win32-x64\jre\21.0.11-win32-x86_64\bin\jimage.dll
0x00007ffea4fe0000 - 0x00007ffea5222000 	C:\windows\SYSTEM32\DBGHELP.DLL
0x00007ffea9b10000 - 0x00007ffea9e93000 	C:\windows\System32\combase.dll
0x00007ffea9620000 - 0x00007ffea96f9000 	C:\windows\System32\OLEAUT32.dll
0x00007ffea4380000 - 0x00007ffea43bb000 	C:\windows\SYSTEM32\dbgcore.DLL
0x00007ffea7b30000 - 0x00007ffea7bdc000 	C:\windows\System32\bcryptPrimitives.dll
0x00007ffe95ff0000 - 0x00007ffe95fff000 	c:\Users\zakar\.vscode\extensions\redhat.java-1.55.0-win32-x64\jre\21.0.11-win32-x86_64\bin\instrument.dll
0x00007ffe7bc40000 - 0x00007ffe7bc60000 	c:\Users\zakar\.vscode\extensions\redhat.java-1.55.0-win32-x64\jre\21.0.11-win32-x86_64\bin\java.dll
0x00007ffea8e70000 - 0x00007ffea9602000 	C:\windows\System32\SHELL32.dll
0x00007ffea5560000 - 0x00007ffea5df2000 	C:\windows\SYSTEM32\windows.storage.dll
0x00007ffea9a10000 - 0x00007ffea9b07000 	C:\windows\System32\SHCORE.dll
0x00007ffea9700000 - 0x00007ffea9767000 	C:\windows\System32\shlwapi.dll
0x00007ffea7a20000 - 0x00007ffea7a49000 	C:\windows\SYSTEM32\profapi.dll
0x00007ffe73660000 - 0x00007ffe73678000 	c:\Users\zakar\.vscode\extensions\redhat.java-1.55.0-win32-x64\jre\21.0.11-win32-x86_64\bin\zip.dll
0x00007ffe95f90000 - 0x00007ffe95fa0000 	C:\Users\zakar\.vscode\extensions\redhat.java-1.55.0-win32-x64\jre\21.0.11-win32-x86_64\bin\net.dll
0x00007ffe9bd00000 - 0x00007ffe9be27000 	C:\windows\SYSTEM32\WINHTTP.dll
0x00007ffea6d30000 - 0x00007ffea6d9c000 	C:\windows\system32\mswsock.dll
0x00007ffe735b0000 - 0x00007ffe735c6000 	C:\Users\zakar\.vscode\extensions\redhat.java-1.55.0-win32-x64\jre\21.0.11-win32-x86_64\bin\nio.dll
0x00007ffe95ce0000 - 0x00007ffe95cf0000 	c:\Users\zakar\.vscode\extensions\redhat.java-1.55.0-win32-x64\jre\21.0.11-win32-x86_64\bin\verify.dll
0x00007ffe658e0000 - 0x00007ffe65925000 	C:\Users\zakar\AppData\Roaming\Code\User\globalStorage\redhat.java\1.55.0\config_win\org.eclipse.equinox.launcher\org.eclipse.equinox.launcher.win32.win32.x86_64_1.3.100.v20260613-0559\eclipse_11924.dll
0x00007ffea9ea0000 - 0x00007ffeaa039000 	C:\windows\System32\ole32.dll
0x00007ffea7160000 - 0x00007ffea717b000 	C:\windows\SYSTEM32\CRYPTSP.dll
0x00007ffea6700000 - 0x00007ffea6739000 	C:\windows\system32\rsaenh.dll
0x00007ffea6df0000 - 0x00007ffea6e22000 	C:\windows\SYSTEM32\USERENV.dll
0x00007ffea79f0000 - 0x00007ffea7a1a000 	C:\windows\SYSTEM32\bcrypt.dll
0x00007ffea6fa0000 - 0x00007ffea6fac000 	C:\windows\SYSTEM32\CRYPTBASE.dll
0x00007ffea6200000 - 0x00007ffea6233000 	C:\windows\SYSTEM32\IPHLPAPI.DLL
0x00007ffeaa890000 - 0x00007ffeaa89a000 	C:\windows\System32\NSI.dll
0x00007ffe65a50000 - 0x00007ffe65a99000 	C:\Users\zakar\AppData\Local\Temp\jna-115665237\jna11507585579047995375.dll
0x00007ffea8610000 - 0x00007ffea8618000 	C:\windows\System32\PSAPI.DLL
0x00007ffe9d790000 - 0x00007ffe9d7ad000 	C:\windows\SYSTEM32\dhcpcsvc6.DLL
0x00007ffe9d760000 - 0x00007ffe9d785000 	C:\windows\SYSTEM32\dhcpcsvc.DLL
0x00007ffe69820000 - 0x00007ffe69847000 	C:\Users\zakar\.gradle\native\c067742578af261105cb4f569cf0c3c89f3d7b1fecec35dd04571415982c5e48\windows-amd64\native-platform.dll
0x00007ffe95bd0000 - 0x00007ffe95bda000 	C:\Users\zakar\.vscode\extensions\redhat.java-1.55.0-win32-x64\jre\21.0.11-win32-x86_64\bin\management.dll
0x00007ffe95a10000 - 0x00007ffe95a1c000 	C:\Users\zakar\.vscode\extensions\redhat.java-1.55.0-win32-x64\jre\21.0.11-win32-x86_64\bin\management_ext.dll
0x00007ffe95490000 - 0x00007ffe9549e000 	C:\Users\zakar\.vscode\extensions\redhat.java-1.55.0-win32-x64\jre\21.0.11-win32-x86_64\bin\sunmscapi.dll
0x00007ffea8090000 - 0x00007ffea8208000 	C:\windows\System32\CRYPT32.dll
0x00007ffea72d0000 - 0x00007ffea7300000 	C:\windows\SYSTEM32\ncrypt.dll
0x00007ffea7280000 - 0x00007ffea72bf000 	C:\windows\SYSTEM32\NTASN1.dll
0x00007ffea6240000 - 0x00007ffea6396000 	C:\windows\SYSTEM32\DNSAPI.dll
0x00007ffea6b50000 - 0x00007ffea6b5d000 	C:\windows\SYSTEM32\DSPARSE.dll
0x00007ffe9bb90000 - 0x00007ffe9bb9b000 	C:\Windows\System32\rasadhlp.dll
0x00007ffe9dfc0000 - 0x00007ffe9e046000 	C:\windows\System32\fwpuclnt.dll
0x00007ffe95880000 - 0x00007ffe95889000 	C:\Users\zakar\.vscode\extensions\redhat.java-1.55.0-win32-x64\jre\21.0.11-win32-x86_64\bin\extnet.dll
0x00007ffe7bef0000 - 0x00007ffe7bef8000 	C:\windows\system32\wshunix.dll

JVMTI agents:
c:\Users\zakar\.vscode\extensions\redhat.java-1.55.0-win32-x64\lombok\lombok-1.18.39-4050.jar path:c:\Users\zakar\.vscode\extensions\redhat.java-1.55.0-win32-x64\jre\21.0.11-win32-x86_64\bin\instrument.dll, loaded, initialized, instrumentlib options:none

dbghelp: loaded successfully - version: 4.0.5 - missing functions: none
symbol engine: initialized successfully - sym options: 0x614 - pdb path: .;c:\Users\zakar\.vscode\extensions\redhat.java-1.55.0-win32-x64\jre\21.0.11-win32-x86_64\bin;C:\windows\SYSTEM32;C:\windows\WinSxS\amd64_microsoft.windows.common-controls_6595b64144ccf1df_6.0.26100.8875_none_3e0d5d42e32fe9dd;c:\Users\zakar\.vscode\extensions\redhat.java-1.55.0-win32-x64\jre\21.0.11-win32-x86_64\bin\server;C:\Users\zakar\AppData\Roaming\Code\User\globalStorage\redhat.java\1.55.0\config_win\org.eclipse.equinox.launcher\org.eclipse.equinox.launcher.win32.win32.x86_64_1.3.100.v20260613-0559;C:\Users\zakar\AppData\Local\Temp\jna-115665237;C:\Users\zakar\.gradle\native\c067742578af261105cb4f569cf0c3c89f3d7b1fecec35dd04571415982c5e48\windows-amd64

VM Arguments:
jvm_args: --add-modules=ALL-SYSTEM --add-opens=java.base/java.util=ALL-UNNAMED --add-opens=java.base/java.lang=ALL-UNNAMED --add-opens=java.base/sun.nio.fs=ALL-UNNAMED -Declipse.application=org.eclipse.jdt.ls.core.id1 -Dosgi.bundles.defaultStartLevel=4 -Declipse.product=org.eclipse.jdt.ls.core.product -Djava.import.generatesMetadataFilesAtProjectRoot=false -DDetectVMInstallationsJob.disabled=true -Dfile.encoding=utf8 -XX:+UseParallelGC -XX:GCTimeRatio=4 -XX:AdaptiveSizePolicyWeight=90 -Dsun.zip.disableMemoryMapping=true -Xmx4G -Xms100m -Xlog:disable -javaagent:c:\Users\zakar\.vscode\extensions\redhat.java-1.55.0-win32-x64\lombok\lombok-1.18.39-4050.jar -XX:+HeapDumpOnOutOfMemoryError -XX:HeapDumpPath=c:\Users\zakar\AppData\Roaming\Code\User\workspaceStorage\bd5adb6d7e60b59cdb3dd6e214c1ffdd\redhat.java -Daether.dependencyCollector.impl=bf 
java_command: c:\Users\zakar\.vscode\extensions\redhat.java-1.55.0-win32-x64\server\plugins\org.eclipse.equinox.launcher_1.7.200.v20260619-2039.jar -configuration c:\Users\zakar\AppData\Roaming\Code\User\globalStorage\redhat.java\1.55.0\config_win -data c:\Users\zakar\AppData\Roaming\Code\User\workspaceStorage\bd5adb6d7e60b59cdb3dd6e214c1ffdd\redhat.java\jdt_ws --pipe=\\.\pipe\lsp-e2f661042cd499c63de4e78becb9c17b-sock
java_class_path (initial): c:\Users\zakar\.vscode\extensions\redhat.java-1.55.0-win32-x64\server\plugins\org.eclipse.equinox.launcher_1.7.200.v20260619-2039.jar
Launcher Type: SUN_STANDARD

[Global flags]
    uintx AdaptiveSizePolicyWeight                 = 90                                        {product} {command line}
     intx CICompilerCount                          = 4                                         {product} {ergonomic}
    uintx GCTimeRatio                              = 4                                         {product} {command line}
     bool HeapDumpOnOutOfMemoryError               = true                                   {manageable} {command line}
    ccstr HeapDumpPath                             = c:\Users\zakar\AppData\Roaming\Code\User\workspaceStorage\bd5adb6d7e60b59cdb3dd6e214c1ffdd\redhat.java         {manageable} {command line}
   size_t InitialHeapSize                          = 104857600                                 {product} {command line}
   size_t MaxHeapSize                              = 4294967296                                {product} {command line}
   size_t MaxNewSize                               = 1431306240                                {product} {ergonomic}
   size_t MinHeapDeltaBytes                        = 524288                                    {product} {ergonomic}
   size_t MinHeapSize                              = 104857600                                 {product} {command line}
   size_t NewSize                                  = 34603008                                  {product} {ergonomic}
    uintx NonNMethodCodeHeapSize                   = 5839372                                {pd product} {ergonomic}
    uintx NonProfiledCodeHeapSize                  = 122909434                              {pd product} {ergonomic}
   size_t OldSize                                  = 70254592                                  {product} {ergonomic}
    uintx ProfiledCodeHeapSize                     = 122909434                              {pd product} {ergonomic}
    uintx ReservedCodeCacheSize                    = 251658240                              {pd product} {ergonomic}
     bool SegmentedCodeCache                       = true                                      {product} {ergonomic}
   size_t SoftMaxHeapSize                          = 4294967296                             {manageable} {ergonomic}
     bool UseCompressedOops                        = true                           {product lp64_product} {ergonomic}
     bool UseLargePagesIndividualAllocation        = false                                  {pd product} {ergonomic}
     bool UseParallelGC                            = true                                      {product} {command line}

Logging:
Log output configuration:
 #0: stdout all=off uptime,level,tags foldmultilines=false
 #1: stderr all=off uptime,level,tags foldmultilines=false

Release file:
JAVA_VERSION="21.0.11" 
MODULES="java.base java.compiler java.datatransfer java.xml java.prefs java.desktop java.instrument java.logging java.management java.security.sasl java.naming java.rmi java.management.rmi java.net.http java.scripting java.security.jgss java.transaction.xa java.sql java.sql.rowset java.xml.crypto java.se java.smartcardio jdk.accessibility jdk.internal.jvmstat jdk.attach jdk.charsets jdk.internal.opt jdk.zipfs jdk.compiler jdk.crypto.ec jdk.crypto.cryptoki jdk.crypto.mscapi jdk.dynalink jdk.internal.ed jdk.editpad jdk.hotspot.agent jdk.httpserver jdk.internal.le jdk.internal.vm.ci jdk.internal.vm.compiler jdk.internal.vm.compiler.management jdk.jartool jdk.javadoc jdk.jcmd jdk.management jdk.management.agent jdk.jconsole jdk.jdeps jdk.jdwp.agent jdk.jdi jdk.jfr jdk.jshell jdk.jsobject jdk.jstatd jdk.localedata jdk.management.jfr jdk.naming.dns jdk.naming.rmi jdk.net jdk.nio.mapmode jdk.random jdk.sctp jdk.security.auth jdk.security.jgss jdk.unsupported jdk.unsupported.desktop jdk.xml.dom" 

Environment Variables:
PATH=C:\Python314\Scripts\;C:\Python314\;C:\Program Files\Eclipse Adoptium\jdk-21.0.9.10-hotspot\bin;C:\windows\system32;C:\windows;C:\windows\System32\Wbem;C:\windows\System32\WindowsPowerShell\v1.0\;C:\windows\System32\OpenSSH\;C:\Program Files\dotnet\;C:\Program Files\Git\cmd;C:\Program Files\nodejs\;C:\ProgramData\chocolatey\bin;C:\Program Files\Docker\Docker\resources\bin;C:\Users\zakar\AppData\Local\Microsoft\WindowsApps;C:\Users\zakar\AppData\Local\Programs\Microsoft VS Code\bin;C:\Users\zakar\AppData\Roaming\npm;C:\Users\zakar\.local\bin;C:\Users\zakar\AppData\Local\Google\Cloud SDK\google-cloud-sdk\bin
USERNAME=zakar
OS=Windows_NT
PROCESSOR_IDENTIFIER=Intel64 Family 6 Model 186 Stepping 3, GenuineIntel
TMP=C:\Users\zakar\AppData\Local\Temp
TEMP=C:\Users\zakar\AppData\Local\Temp




Periodic native trim disabled

---------------  S Y S T E M  ---------------

OS:
 Windows 11 , 64 bit Build 26100 (10.0.26100.8875)
OS uptime: 1 days 2:25 hours
Hyper-V role detected

CPU: total 12 (initial active 12) (6 cores per cpu, 2 threads per core) family 6 model 186 stepping 3 microcode 0x6134, cx8, cmov, fxsr, ht, mmx, 3dnowpref, sse, sse2, sse3, ssse3, sse4.1, sse4.2, popcnt, lzcnt, tsc, tscinvbit, avx, avx2, aes, erms, clmul, bmi1, bmi2, adx, sha, fma, vzeroupper, clflush, clflushopt, clwb, hv, serialize, rdtscp, rdpid, fsrm, f16c, cet_ibt, cet_ss
Processor Information for the first 12 processors :
  Max Mhz: 1400, Current Mhz: 1400, Mhz Limit: 1400

Memory: 4k page, system-wide physical 16068M (6010M free)
TotalPageFile size 65220M (AvailPageFile size 0M)
current process WorkingSet (physical memory assigned to process): 2146M, peak: 2285M
current process commit charge ("private bytes"): 2283M, peak: 2414M

vm_info: OpenJDK 64-Bit Server VM (21.0.11+10-LTS) for windows-amd64 JRE (21.0.11+10-LTS), built on 2026-04-21T00:00:00Z by "admin" with MS VC++ 17.12 (VS2022)

END.
