#
# There is insufficient memory for the Java Runtime Environment to continue.
# Native memory allocation (malloc) failed to allocate 650176 bytes. Error detail: Chunk::new
# Possible reasons:
#   The system is out of physical RAM or swap space
#   This process is running with CompressedOops enabled, and the Java Heap may be blocking the growth of the native heap
# Possible solutions:
#   Reduce memory load on the system
#   Increase physical memory or swap space
#   Check if swap backing store is full
#   Decrease Java heap size (-Xmx/-Xms)
#   Decrease number of Java threads
#   Decrease Java thread stack sizes (-Xss)
#   Set larger code cache with -XX:ReservedCodeCacheSize=
#   JVM is running with Zero Based Compressed Oops mode in which the Java heap is
#     placed in the first 32GB address space. The Java Heap base address is the
#     maximum limit for the native heap growth. Please use -XX:HeapBaseMinAddress
#     to set the Java Heap base and to place the Java Heap above 32GB virtual address.
# This output file may be truncated or incomplete.
#
#  Out of Memory Error (arena.cpp:168), pid=18272, tid=23260
#
# JRE version: OpenJDK Runtime Environment Temurin-21.0.11+10 (21.0.11+10) (build 21.0.11+10-LTS)
# Java VM: OpenJDK 64-Bit Server VM Temurin-21.0.11+10 (21.0.11+10-LTS, mixed mode, sharing, tiered, compressed oops, compressed class ptrs, g1 gc, windows-amd64)
# No core dump will be written. Minidumps are not enabled by default on client versions of Windows
#

---------------  S U M M A R Y ------------

Command Line: --add-opens=java.base/java.lang=ALL-UNNAMED --add-opens=java.base/java.lang.invoke=ALL-UNNAMED --add-opens=java.base/java.util=ALL-UNNAMED --add-opens=java.prefs/java.util.prefs=ALL-UNNAMED --add-exports=jdk.compiler/com.sun.tools.javac.api=ALL-UNNAMED --add-exports=jdk.compiler/com.sun.tools.javac.util=ALL-UNNAMED --add-opens=java.base/java.util=ALL-UNNAMED --add-opens=java.prefs/java.util.prefs=ALL-UNNAMED --add-opens=java.base/java.nio.charset=ALL-UNNAMED --add-opens=java.base/java.net=ALL-UNNAMED --add-opens=java.base/java.util.concurrent.atomic=ALL-UNNAMED --add-opens=java.xml/javax.xml.namespace=ALL-UNNAMED -XX:MaxMetaspaceSize=1g -Xmx4g -Dfile.encoding=UTF-8 -Duser.country=FR -Duser.language=fr -Duser.variant -javaagent:C:\Users\zakar\.gradle\wrapper\dists\gradle-8.11.1-bin\bpt9gzteqjrbo1mjrsomdt32c\gradle-8.11.1\lib\agents\gradle-instrumentation-agent-8.11.1.jar org.gradle.launcher.daemon.bootstrap.GradleDaemon 8.11.1

Host: Intel(R) Core(TM) 5 120U, 12 cores, 15G,  Windows 11 , 64 bit Build 26100 (10.0.26100.8875)
Time: Mon Aug  3 15:30:47 2026 elapsed time: 15.690215 seconds (0d 0h 0m 15s)

---------------  T H R E A D  ---------------

Current thread (0x00000299afb29ec0):  JavaThread "C2 CompilerThread0" daemon [_thread_in_native, id=23260, stack(0x000000bd5f900000,0x000000bd5fa00000) (1024K)]


Current CompileTask:
C2:15690 2811   !   4       java.net.URLClassLoader::findClass (47 bytes)

Stack: [0x000000bd5f900000,0x000000bd5fa00000]
Native frames: (J=compiled Java code, j=interpreted, Vv=VM code, C=native code)
V  [jvm.dll+0x6d7e19]
V  [jvm.dll+0x8b5096]
V  [jvm.dll+0x8b764e]
V  [jvm.dll+0x8b7d33]
V  [jvm.dll+0x284596]
V  [jvm.dll+0xc685d]
V  [jvm.dll+0xc6da1]
V  [jvm.dll+0x2fb4ee]
V  [jvm.dll+0x5fe9a4]
V  [jvm.dll+0x255d67]
V  [jvm.dll+0x24ddab]
V  [jvm.dll+0x24bbe6]
V  [jvm.dll+0x1cb4ae]
V  [jvm.dll+0x25baad]
V  [jvm.dll+0x25a03a]
V  [jvm.dll+0x3f868e]
V  [jvm.dll+0x85fb0d]
V  [jvm.dll+0x6d664d]
C  [ucrtbase.dll+0x2cd30]
C  [KERNEL32.DLL+0x2e957]
C  [ntdll.dll+0xaad6c]


---------------  P R O C E S S  ---------------

Threads class SMR info:
_java_thread_list=0x00000299e99ec140, length=25, elements={
0x000002999572eca0, 0x00000299afb1f130, 0x00000299afb217b0, 0x00000299afb21e20,
0x00000299afb22490, 0x00000299afb26b10, 0x00000299afb272b0, 0x00000299afb29ec0,
0x00000299afb4c590, 0x00000299afd89210, 0x00000299afe49fd0, 0x00000299ea6c2a90,
0x00000299eaa3d840, 0x00000299ea7ed900, 0x00000299ea5f28b0, 0x00000299e9118230,
0x00000299ea823ee0, 0x00000299e9a7c090, 0x00000299e931d9c0, 0x00000299e931bf80,
0x00000299e931c610, 0x00000299e931d330, 0x00000299e931e050, 0x00000299e931e6e0,
0x00000299eaed0210
}

Java Threads: ( => current thread )
  0x000002999572eca0 JavaThread "main"                              [_thread_blocked, id=25104, stack(0x000000bd5eb00000,0x000000bd5ec00000) (1024K)]
  0x00000299afb1f130 JavaThread "Reference Handler"          daemon [_thread_blocked, id=21240, stack(0x000000bd5f300000,0x000000bd5f400000) (1024K)]
  0x00000299afb217b0 JavaThread "Finalizer"                  daemon [_thread_blocked, id=14072, stack(0x000000bd5f400000,0x000000bd5f500000) (1024K)]
  0x00000299afb21e20 JavaThread "Signal Dispatcher"          daemon [_thread_blocked, id=16796, stack(0x000000bd5f500000,0x000000bd5f600000) (1024K)]
  0x00000299afb22490 JavaThread "Attach Listener"            daemon [_thread_blocked, id=19028, stack(0x000000bd5f600000,0x000000bd5f700000) (1024K)]
  0x00000299afb26b10 JavaThread "Service Thread"             daemon [_thread_blocked, id=27536, stack(0x000000bd5f700000,0x000000bd5f800000) (1024K)]
  0x00000299afb272b0 JavaThread "Monitor Deflation Thread"   daemon [_thread_blocked, id=30284, stack(0x000000bd5f800000,0x000000bd5f900000) (1024K)]
=>0x00000299afb29ec0 JavaThread "C2 CompilerThread0"         daemon [_thread_in_native, id=23260, stack(0x000000bd5f900000,0x000000bd5fa00000) (1024K)]
  0x00000299afb4c590 JavaThread "C1 CompilerThread0"         daemon [_thread_in_native, id=28924, stack(0x000000bd5fa00000,0x000000bd5fb00000) (1024K)]
  0x00000299afd89210 JavaThread "Common-Cleaner"             daemon [_thread_blocked, id=29020, stack(0x000000bd5fb00000,0x000000bd5fc00000) (1024K)]
  0x00000299afe49fd0 JavaThread "Notification Thread"        daemon [_thread_blocked, id=16828, stack(0x000000bd5fc00000,0x000000bd5fd00000) (1024K)]
  0x00000299ea6c2a90 JavaThread "Daemon health stats"               [_thread_blocked, id=14016, stack(0x000000bd60300000,0x000000bd60400000) (1024K)]
  0x00000299eaa3d840 JavaThread "Incoming local TCP Connector on port 59349"        [_thread_in_native, id=23172, stack(0x000000bd60800000,0x000000bd60900000) (1024K)]
  0x00000299ea7ed900 JavaThread "Daemon periodic checks"            [_thread_in_native_trans, id=29716, stack(0x000000bd60900000,0x000000bd60a00000) (1024K)]
  0x00000299ea5f28b0 JavaThread "Daemon"                            [_thread_blocked, id=14556, stack(0x000000bd5fd00000,0x000000bd5fe00000) (1024K)]
  0x00000299e9118230 JavaThread "Handler for socket connection from /127.0.0.1:59349 to /127.0.0.1:59350"        [_thread_in_native, id=30576, stack(0x000000bd60a00000,0x000000bd60b00000) (1024K)]
  0x00000299ea823ee0 JavaThread "Cancel handler"                    [_thread_blocked, id=3780, stack(0x000000bd60b00000,0x000000bd60c00000) (1024K)]
  0x00000299e9a7c090 JavaThread "Daemon worker"                     [_thread_in_Java, id=31976, stack(0x000000bd60c00000,0x000000bd60d00000) (1024K)]
  0x00000299e931d9c0 JavaThread "Asynchronous log dispatcher for DefaultDaemonConnection: socket connection from /127.0.0.1:59349 to /127.0.0.1:59350"        [_thread_blocked, id=25156, stack(0x000000bd60d00000,0x000000bd60e00000) (1024K)]
  0x00000299e931bf80 JavaThread "Stdin handler"                     [_thread_blocked, id=26216, stack(0x000000bd60e00000,0x000000bd60f00000) (1024K)]
  0x00000299e931c610 JavaThread "Daemon client event forwarder"        [_thread_blocked, id=30148, stack(0x000000bd60f00000,0x000000bd61000000) (1024K)]
  0x00000299e931d330 JavaThread "Cache worker for journal cache (C:\Users\zakar\.gradle\caches\journal-1)"        [_thread_blocked, id=23136, stack(0x000000bd61000000,0x000000bd61100000) (1024K)]
  0x00000299e931e050 JavaThread "File lock request listener"        [_thread_in_native, id=8864, stack(0x000000bd61100000,0x000000bd61200000) (1024K)]
  0x00000299e931e6e0 JavaThread "Cache worker for file hash cache (C:\Users\zakar\.gradle\caches\8.11.1\fileHashes)"        [_thread_blocked, id=25564, stack(0x000000bd61200000,0x000000bd61300000) (1024K)]
  0x00000299eaed0210 JavaThread "C2 CompilerThread1"         daemon [_thread_in_native, id=28436, stack(0x000000bd61300000,0x000000bd61400000) (1024K)]
Total: 25

Other Threads:
  0x00000299afafdff0 VMThread "VM Thread"                           [id=30452, stack(0x000000bd5f200000,0x000000bd5f300000) (1024K)]
  0x00000299afaee720 WatcherThread "VM Periodic Task Thread"        [id=16616, stack(0x000000bd5f100000,0x000000bd5f200000) (1024K)]
  0x00000299957974a0 WorkerThread "GC Thread#0"                     [id=11472, stack(0x000000bd5ec00000,0x000000bd5ed00000) (1024K)]
  0x00000299aff00570 WorkerThread "GC Thread#1"                     [id=23292, stack(0x000000bd5fe00000,0x000000bd5ff00000) (1024K)]
  0x00000299e90e5cd0 WorkerThread "GC Thread#2"                     [id=2424, stack(0x000000bd5ff00000,0x000000bd60000000) (1024K)]
  0x00000299afe57c20 WorkerThread "GC Thread#3"                     [id=27136, stack(0x000000bd60000000,0x000000bd60100000) (1024K)]
  0x00000299afe57fd0 WorkerThread "GC Thread#4"                     [id=30068, stack(0x000000bd60100000,0x000000bd60200000) (1024K)]
  0x00000299e92c4490 WorkerThread "GC Thread#5"                     [id=3552, stack(0x000000bd60200000,0x000000bd60300000) (1024K)]
  0x00000299ea8cceb0 WorkerThread "GC Thread#6"                     [id=2716, stack(0x000000bd60400000,0x000000bd60500000) (1024K)]
  0x00000299ea8f4000 WorkerThread "GC Thread#7"                     [id=28020, stack(0x000000bd60500000,0x000000bd60600000) (1024K)]
  0x00000299ea8f47c0 WorkerThread "GC Thread#8"                     [id=27400, stack(0x000000bd60600000,0x000000bd60700000) (1024K)]
  0x00000299ea8f6230 WorkerThread "GC Thread#9"                     [id=29292, stack(0x000000bd60700000,0x000000bd60800000) (1024K)]
  0x00000299957a83a0 ConcurrentGCThread "G1 Main Marker"            [id=30144, stack(0x000000bd5ed00000,0x000000bd5ee00000) (1024K)]
  0x00000299957aa3e0 WorkerThread "G1 Conc#0"                       [id=9412, stack(0x000000bd5ee00000,0x000000bd5ef00000) (1024K)]
  0x00000299957ee4f0 ConcurrentGCThread "G1 Refine#0"               [id=23572, stack(0x000000bd5ef00000,0x000000bd5f000000) (1024K)]
  0x00000299957ee930 ConcurrentGCThread "G1 Service"                [id=3248, stack(0x000000bd5f000000,0x000000bd5f100000) (1024K)]
Total: 16

Threads with active compile tasks:
C2 CompilerThread0  15708 2811   !   4       java.net.URLClassLoader::findClass (47 bytes)
C1 CompilerThread0  15708 2832       3       java.util.concurrent.ConcurrentLinkedQueue::poll (84 bytes)
C2 CompilerThread1  15708 2812       4       java.net.URLClassLoader$1::run (5 bytes)
Total: 3

VM state: not at safepoint (normal execution)

VM Mutex/Monitor currently owned by a thread: None

Heap address: 0x0000000700000000, size: 4096 MB, Compressed Oops mode: Zero based, Oop shift amount: 3

CDS archive(s) mapped at: [0x00000299b0000000-0x00000299b0ba0000-0x00000299b0ba0000), size 12189696, SharedBaseAddress: 0x00000299b0000000, ArchiveRelocationMode: 1.
Compressed class space mapped at: 0x00000299b1000000-0x00000299e5000000, reserved size: 872415232
Narrow klass base: 0x00000299b0000000, Narrow klass shift: 0, Narrow klass range: 0x100000000

GC Precious Log:
 CardTable entry size: 512
 Card Set container configuration: InlinePtr #cards 4 size 8 Array Of Cards #cards 16 size 48 Howl #buckets 8 coarsen threshold 3686 Howl Bitmap #cards 512 size 80 coarsen threshold 460 Card regions per heap region 1 cards per card region 4096
 CPUs: 12 total, 12 available
 Memory: 16068M
 Large Page Support: Disabled
 NUMA Support: Disabled
 Compressed Oops: Enabled (Zero based)
 Heap Region Size: 2M
 Heap Min Capacity: 8M
 Heap Initial Capacity: 252M
 Heap Max Capacity: 4G
 Pre-touch: Disabled
 Parallel Workers: 10
 Concurrent Workers: 3
 Concurrent Refinement Workers: 10
 Periodic GC: Disabled

Heap:
 garbage-first heap   total 258048K, used 70193K [0x0000000700000000, 0x0000000800000000)
  region size 2048K, 30 young (61440K), 4 survivors (8192K)
 Metaspace       used 17164K, committed 17664K, reserved 917504K
  class space    used 2442K, committed 2688K, reserved 851968K

Heap Regions: E=young(eden), S=young(survivor), O=old, HS=humongous(starts), HC=humongous(continues), CS=collection set, F=free, TAMS=top-at-mark-start, PB=parsable bottom
|   0|0x0000000700000000, 0x0000000700200000, 0x0000000700200000|100%|HS|  |TAMS 0x0000000700000000| PB 0x0000000700000000| Complete 
|   1|0x0000000700200000, 0x0000000700400000, 0x0000000700400000|100%|HC|  |TAMS 0x0000000700200000| PB 0x0000000700200000| Complete 
|   2|0x0000000700400000, 0x0000000700600000, 0x0000000700600000|100%| O|  |TAMS 0x0000000700400000| PB 0x0000000700400000| Untracked 
|   3|0x0000000700600000, 0x0000000700800000, 0x0000000700800000|100%| O|  |TAMS 0x0000000700600000| PB 0x0000000700600000| Untracked 
|   4|0x0000000700800000, 0x0000000700a00000, 0x0000000700a00000|100%| O|  |TAMS 0x0000000700800000| PB 0x0000000700800000| Untracked 
|   5|0x0000000700a00000, 0x0000000700b7d6c0, 0x0000000700c00000| 74%| O|  |TAMS 0x0000000700a00000| PB 0x0000000700a00000| Untracked 
|   6|0x0000000700c00000, 0x0000000700c00000, 0x0000000700e00000|  0%| F|  |TAMS 0x0000000700c00000| PB 0x0000000700c00000| Untracked 
|   7|0x0000000700e00000, 0x0000000700e00000, 0x0000000701000000|  0%| F|  |TAMS 0x0000000700e00000| PB 0x0000000700e00000| Untracked 
|   8|0x0000000701000000, 0x0000000701000000, 0x0000000701200000|  0%| F|  |TAMS 0x0000000701000000| PB 0x0000000701000000| Untracked 
|   9|0x0000000701200000, 0x0000000701200000, 0x0000000701400000|  0%| F|  |TAMS 0x0000000701200000| PB 0x0000000701200000| Untracked 
|  10|0x0000000701400000, 0x0000000701400000, 0x0000000701600000|  0%| F|  |TAMS 0x0000000701400000| PB 0x0000000701400000| Untracked 
|  11|0x0000000701600000, 0x0000000701600000, 0x0000000701800000|  0%| F|  |TAMS 0x0000000701600000| PB 0x0000000701600000| Untracked 
|  12|0x0000000701800000, 0x0000000701800000, 0x0000000701a00000|  0%| F|  |TAMS 0x0000000701800000| PB 0x0000000701800000| Untracked 
|  13|0x0000000701a00000, 0x0000000701a00000, 0x0000000701c00000|  0%| F|  |TAMS 0x0000000701a00000| PB 0x0000000701a00000| Untracked 
|  14|0x0000000701c00000, 0x0000000701c00000, 0x0000000701e00000|  0%| F|  |TAMS 0x0000000701c00000| PB 0x0000000701c00000| Untracked 
|  15|0x0000000701e00000, 0x0000000701e00000, 0x0000000702000000|  0%| F|  |TAMS 0x0000000701e00000| PB 0x0000000701e00000| Untracked 
|  16|0x0000000702000000, 0x0000000702000000, 0x0000000702200000|  0%| F|  |TAMS 0x0000000702000000| PB 0x0000000702000000| Untracked 
|  17|0x0000000702200000, 0x0000000702200000, 0x0000000702400000|  0%| F|  |TAMS 0x0000000702200000| PB 0x0000000702200000| Untracked 
|  18|0x0000000702400000, 0x0000000702400000, 0x0000000702600000|  0%| F|  |TAMS 0x0000000702400000| PB 0x0000000702400000| Untracked 
|  19|0x0000000702600000, 0x0000000702600000, 0x0000000702800000|  0%| F|  |TAMS 0x0000000702600000| PB 0x0000000702600000| Untracked 
|  20|0x0000000702800000, 0x0000000702800000, 0x0000000702a00000|  0%| F|  |TAMS 0x0000000702800000| PB 0x0000000702800000| Untracked 
|  21|0x0000000702a00000, 0x0000000702a00000, 0x0000000702c00000|  0%| F|  |TAMS 0x0000000702a00000| PB 0x0000000702a00000| Untracked 
|  22|0x0000000702c00000, 0x0000000702c00000, 0x0000000702e00000|  0%| F|  |TAMS 0x0000000702c00000| PB 0x0000000702c00000| Untracked 
|  23|0x0000000702e00000, 0x0000000702e00000, 0x0000000703000000|  0%| F|  |TAMS 0x0000000702e00000| PB 0x0000000702e00000| Untracked 
|  24|0x0000000703000000, 0x0000000703000000, 0x0000000703200000|  0%| F|  |TAMS 0x0000000703000000| PB 0x0000000703000000| Untracked 
|  25|0x0000000703200000, 0x0000000703200000, 0x0000000703400000|  0%| F|  |TAMS 0x0000000703200000| PB 0x0000000703200000| Untracked 
|  26|0x0000000703400000, 0x0000000703400000, 0x0000000703600000|  0%| F|  |TAMS 0x0000000703400000| PB 0x0000000703400000| Untracked 
|  27|0x0000000703600000, 0x0000000703600000, 0x0000000703800000|  0%| F|  |TAMS 0x0000000703600000| PB 0x0000000703600000| Untracked 
|  28|0x0000000703800000, 0x0000000703800000, 0x0000000703a00000|  0%| F|  |TAMS 0x0000000703800000| PB 0x0000000703800000| Untracked 
|  29|0x0000000703a00000, 0x0000000703a00000, 0x0000000703c00000|  0%| F|  |TAMS 0x0000000703a00000| PB 0x0000000703a00000| Untracked 
|  30|0x0000000703c00000, 0x0000000703c00000, 0x0000000703e00000|  0%| F|  |TAMS 0x0000000703c00000| PB 0x0000000703c00000| Untracked 
|  31|0x0000000703e00000, 0x0000000703e00000, 0x0000000704000000|  0%| F|  |TAMS 0x0000000703e00000| PB 0x0000000703e00000| Untracked 
|  32|0x0000000704000000, 0x0000000704000000, 0x0000000704200000|  0%| F|  |TAMS 0x0000000704000000| PB 0x0000000704000000| Untracked 
|  33|0x0000000704200000, 0x0000000704200000, 0x0000000704400000|  0%| F|  |TAMS 0x0000000704200000| PB 0x0000000704200000| Untracked 
|  34|0x0000000704400000, 0x0000000704400000, 0x0000000704600000|  0%| F|  |TAMS 0x0000000704400000| PB 0x0000000704400000| Untracked 
|  35|0x0000000704600000, 0x0000000704600000, 0x0000000704800000|  0%| F|  |TAMS 0x0000000704600000| PB 0x0000000704600000| Untracked 
|  36|0x0000000704800000, 0x0000000704800000, 0x0000000704a00000|  0%| F|  |TAMS 0x0000000704800000| PB 0x0000000704800000| Untracked 
|  37|0x0000000704a00000, 0x0000000704a00000, 0x0000000704c00000|  0%| F|  |TAMS 0x0000000704a00000| PB 0x0000000704a00000| Untracked 
|  38|0x0000000704c00000, 0x0000000704c00000, 0x0000000704e00000|  0%| F|  |TAMS 0x0000000704c00000| PB 0x0000000704c00000| Untracked 
|  39|0x0000000704e00000, 0x0000000704e00000, 0x0000000705000000|  0%| F|  |TAMS 0x0000000704e00000| PB 0x0000000704e00000| Untracked 
|  40|0x0000000705000000, 0x0000000705000000, 0x0000000705200000|  0%| F|  |TAMS 0x0000000705000000| PB 0x0000000705000000| Untracked 
|  41|0x0000000705200000, 0x0000000705200000, 0x0000000705400000|  0%| F|  |TAMS 0x0000000705200000| PB 0x0000000705200000| Untracked 
|  42|0x0000000705400000, 0x0000000705400000, 0x0000000705600000|  0%| F|  |TAMS 0x0000000705400000| PB 0x0000000705400000| Untracked 
|  43|0x0000000705600000, 0x0000000705600000, 0x0000000705800000|  0%| F|  |TAMS 0x0000000705600000| PB 0x0000000705600000| Untracked 
|  44|0x0000000705800000, 0x0000000705800000, 0x0000000705a00000|  0%| F|  |TAMS 0x0000000705800000| PB 0x0000000705800000| Untracked 
|  45|0x0000000705a00000, 0x0000000705a00000, 0x0000000705c00000|  0%| F|  |TAMS 0x0000000705a00000| PB 0x0000000705a00000| Untracked 
|  46|0x0000000705c00000, 0x0000000705c00000, 0x0000000705e00000|  0%| F|  |TAMS 0x0000000705c00000| PB 0x0000000705c00000| Untracked 
|  47|0x0000000705e00000, 0x0000000705e00000, 0x0000000706000000|  0%| F|  |TAMS 0x0000000705e00000| PB 0x0000000705e00000| Untracked 
|  48|0x0000000706000000, 0x0000000706000000, 0x0000000706200000|  0%| F|  |TAMS 0x0000000706000000| PB 0x0000000706000000| Untracked 
|  49|0x0000000706200000, 0x0000000706200000, 0x0000000706400000|  0%| F|  |TAMS 0x0000000706200000| PB 0x0000000706200000| Untracked 
|  50|0x0000000706400000, 0x0000000706400000, 0x0000000706600000|  0%| F|  |TAMS 0x0000000706400000| PB 0x0000000706400000| Untracked 
|  51|0x0000000706600000, 0x0000000706600000, 0x0000000706800000|  0%| F|  |TAMS 0x0000000706600000| PB 0x0000000706600000| Untracked 
|  52|0x0000000706800000, 0x0000000706800000, 0x0000000706a00000|  0%| F|  |TAMS 0x0000000706800000| PB 0x0000000706800000| Untracked 
|  53|0x0000000706a00000, 0x0000000706a00000, 0x0000000706c00000|  0%| F|  |TAMS 0x0000000706a00000| PB 0x0000000706a00000| Untracked 
|  54|0x0000000706c00000, 0x0000000706c00000, 0x0000000706e00000|  0%| F|  |TAMS 0x0000000706c00000| PB 0x0000000706c00000| Untracked 
|  55|0x0000000706e00000, 0x0000000706e00000, 0x0000000707000000|  0%| F|  |TAMS 0x0000000706e00000| PB 0x0000000706e00000| Untracked 
|  56|0x0000000707000000, 0x0000000707000000, 0x0000000707200000|  0%| F|  |TAMS 0x0000000707000000| PB 0x0000000707000000| Untracked 
|  57|0x0000000707200000, 0x0000000707200000, 0x0000000707400000|  0%| F|  |TAMS 0x0000000707200000| PB 0x0000000707200000| Untracked 
|  58|0x0000000707400000, 0x0000000707400000, 0x0000000707600000|  0%| F|  |TAMS 0x0000000707400000| PB 0x0000000707400000| Untracked 
|  59|0x0000000707600000, 0x0000000707600000, 0x0000000707800000|  0%| F|  |TAMS 0x0000000707600000| PB 0x0000000707600000| Untracked 
|  60|0x0000000707800000, 0x0000000707800000, 0x0000000707a00000|  0%| F|  |TAMS 0x0000000707800000| PB 0x0000000707800000| Untracked 
|  61|0x0000000707a00000, 0x0000000707a00000, 0x0000000707c00000|  0%| F|  |TAMS 0x0000000707a00000| PB 0x0000000707a00000| Untracked 
|  62|0x0000000707c00000, 0x0000000707c00000, 0x0000000707e00000|  0%| F|  |TAMS 0x0000000707c00000| PB 0x0000000707c00000| Untracked 
|  63|0x0000000707e00000, 0x0000000707e00000, 0x0000000708000000|  0%| F|  |TAMS 0x0000000707e00000| PB 0x0000000707e00000| Untracked 
|  64|0x0000000708000000, 0x0000000708000000, 0x0000000708200000|  0%| F|  |TAMS 0x0000000708000000| PB 0x0000000708000000| Untracked 
|  65|0x0000000708200000, 0x0000000708200000, 0x0000000708400000|  0%| F|  |TAMS 0x0000000708200000| PB 0x0000000708200000| Untracked 
|  66|0x0000000708400000, 0x0000000708400000, 0x0000000708600000|  0%| F|  |TAMS 0x0000000708400000| PB 0x0000000708400000| Untracked 
|  67|0x0000000708600000, 0x0000000708600000, 0x0000000708800000|  0%| F|  |TAMS 0x0000000708600000| PB 0x0000000708600000| Untracked 
|  68|0x0000000708800000, 0x0000000708800000, 0x0000000708a00000|  0%| F|  |TAMS 0x0000000708800000| PB 0x0000000708800000| Untracked 
|  69|0x0000000708a00000, 0x0000000708a00000, 0x0000000708c00000|  0%| F|  |TAMS 0x0000000708a00000| PB 0x0000000708a00000| Untracked 
|  70|0x0000000708c00000, 0x0000000708c00000, 0x0000000708e00000|  0%| F|  |TAMS 0x0000000708c00000| PB 0x0000000708c00000| Untracked 
|  71|0x0000000708e00000, 0x0000000708e00000, 0x0000000709000000|  0%| F|  |TAMS 0x0000000708e00000| PB 0x0000000708e00000| Untracked 
|  72|0x0000000709000000, 0x0000000709000000, 0x0000000709200000|  0%| F|  |TAMS 0x0000000709000000| PB 0x0000000709000000| Untracked 
|  73|0x0000000709200000, 0x0000000709200000, 0x0000000709400000|  0%| F|  |TAMS 0x0000000709200000| PB 0x0000000709200000| Untracked 
|  74|0x0000000709400000, 0x0000000709400000, 0x0000000709600000|  0%| F|  |TAMS 0x0000000709400000| PB 0x0000000709400000| Untracked 
|  75|0x0000000709600000, 0x0000000709600000, 0x0000000709800000|  0%| F|  |TAMS 0x0000000709600000| PB 0x0000000709600000| Untracked 
|  76|0x0000000709800000, 0x0000000709800000, 0x0000000709a00000|  0%| F|  |TAMS 0x0000000709800000| PB 0x0000000709800000| Untracked 
|  77|0x0000000709a00000, 0x0000000709a00000, 0x0000000709c00000|  0%| F|  |TAMS 0x0000000709a00000| PB 0x0000000709a00000| Untracked 
|  78|0x0000000709c00000, 0x0000000709c00000, 0x0000000709e00000|  0%| F|  |TAMS 0x0000000709c00000| PB 0x0000000709c00000| Untracked 
|  79|0x0000000709e00000, 0x0000000709e00000, 0x000000070a000000|  0%| F|  |TAMS 0x0000000709e00000| PB 0x0000000709e00000| Untracked 
|  80|0x000000070a000000, 0x000000070a000000, 0x000000070a200000|  0%| F|  |TAMS 0x000000070a000000| PB 0x000000070a000000| Untracked 
|  81|0x000000070a200000, 0x000000070a200000, 0x000000070a400000|  0%| F|  |TAMS 0x000000070a200000| PB 0x000000070a200000| Untracked 
|  82|0x000000070a400000, 0x000000070a400000, 0x000000070a600000|  0%| F|  |TAMS 0x000000070a400000| PB 0x000000070a400000| Untracked 
|  83|0x000000070a600000, 0x000000070a600000, 0x000000070a800000|  0%| F|  |TAMS 0x000000070a600000| PB 0x000000070a600000| Untracked 
|  84|0x000000070a800000, 0x000000070a800000, 0x000000070aa00000|  0%| F|  |TAMS 0x000000070a800000| PB 0x000000070a800000| Untracked 
|  85|0x000000070aa00000, 0x000000070aa00000, 0x000000070ac00000|  0%| F|  |TAMS 0x000000070aa00000| PB 0x000000070aa00000| Untracked 
|  86|0x000000070ac00000, 0x000000070ac00000, 0x000000070ae00000|  0%| F|  |TAMS 0x000000070ac00000| PB 0x000000070ac00000| Untracked 
|  87|0x000000070ae00000, 0x000000070ae00000, 0x000000070b000000|  0%| F|  |TAMS 0x000000070ae00000| PB 0x000000070ae00000| Untracked 
|  88|0x000000070b000000, 0x000000070b000000, 0x000000070b200000|  0%| F|  |TAMS 0x000000070b000000| PB 0x000000070b000000| Untracked 
|  89|0x000000070b200000, 0x000000070b200000, 0x000000070b400000|  0%| F|  |TAMS 0x000000070b200000| PB 0x000000070b200000| Untracked 
|  90|0x000000070b400000, 0x000000070b400000, 0x000000070b600000|  0%| F|  |TAMS 0x000000070b400000| PB 0x000000070b400000| Untracked 
|  91|0x000000070b600000, 0x000000070b600000, 0x000000070b800000|  0%| F|  |TAMS 0x000000070b600000| PB 0x000000070b600000| Untracked 
|  92|0x000000070b800000, 0x000000070b800000, 0x000000070ba00000|  0%| F|  |TAMS 0x000000070b800000| PB 0x000000070b800000| Untracked 
|  93|0x000000070ba00000, 0x000000070bb0f080, 0x000000070bc00000| 52%| S|CS|TAMS 0x000000070ba00000| PB 0x000000070ba00000| Complete 
|  94|0x000000070bc00000, 0x000000070be00000, 0x000000070be00000|100%| S|CS|TAMS 0x000000070bc00000| PB 0x000000070bc00000| Complete 
|  95|0x000000070be00000, 0x000000070c000000, 0x000000070c000000|100%| S|CS|TAMS 0x000000070be00000| PB 0x000000070be00000| Complete 
|  96|0x000000070c000000, 0x000000070c200000, 0x000000070c200000|100%| S|CS|TAMS 0x000000070c000000| PB 0x000000070c000000| Complete 
|  97|0x000000070c200000, 0x000000070c200000, 0x000000070c400000|  0%| F|  |TAMS 0x000000070c200000| PB 0x000000070c200000| Untracked 
|  98|0x000000070c400000, 0x000000070c400000, 0x000000070c600000|  0%| F|  |TAMS 0x000000070c400000| PB 0x000000070c400000| Untracked 
|  99|0x000000070c600000, 0x000000070c600000, 0x000000070c800000|  0%| F|  |TAMS 0x000000070c600000| PB 0x000000070c600000| Untracked 
| 100|0x000000070c800000, 0x000000070c82aac8, 0x000000070ca00000|  8%| E|  |TAMS 0x000000070c800000| PB 0x000000070c800000| Complete 
| 101|0x000000070ca00000, 0x000000070cc00000, 0x000000070cc00000|100%| E|CS|TAMS 0x000000070ca00000| PB 0x000000070ca00000| Complete 
| 102|0x000000070cc00000, 0x000000070ce00000, 0x000000070ce00000|100%| E|CS|TAMS 0x000000070cc00000| PB 0x000000070cc00000| Complete 
| 103|0x000000070ce00000, 0x000000070d000000, 0x000000070d000000|100%| E|CS|TAMS 0x000000070ce00000| PB 0x000000070ce00000| Complete 
| 104|0x000000070d000000, 0x000000070d200000, 0x000000070d200000|100%| E|CS|TAMS 0x000000070d000000| PB 0x000000070d000000| Complete 
| 105|0x000000070d200000, 0x000000070d400000, 0x000000070d400000|100%| E|CS|TAMS 0x000000070d200000| PB 0x000000070d200000| Complete 
| 106|0x000000070d400000, 0x000000070d600000, 0x000000070d600000|100%| E|CS|TAMS 0x000000070d400000| PB 0x000000070d400000| Complete 
| 107|0x000000070d600000, 0x000000070d800000, 0x000000070d800000|100%| E|CS|TAMS 0x000000070d600000| PB 0x000000070d600000| Complete 
| 108|0x000000070d800000, 0x000000070da00000, 0x000000070da00000|100%| E|CS|TAMS 0x000000070d800000| PB 0x000000070d800000| Complete 
| 109|0x000000070da00000, 0x000000070dc00000, 0x000000070dc00000|100%| E|CS|TAMS 0x000000070da00000| PB 0x000000070da00000| Complete 
| 110|0x000000070dc00000, 0x000000070de00000, 0x000000070de00000|100%| E|CS|TAMS 0x000000070dc00000| PB 0x000000070dc00000| Complete 
| 111|0x000000070de00000, 0x000000070e000000, 0x000000070e000000|100%| E|CS|TAMS 0x000000070de00000| PB 0x000000070de00000| Complete 
| 112|0x000000070e000000, 0x000000070e200000, 0x000000070e200000|100%| E|CS|TAMS 0x000000070e000000| PB 0x000000070e000000| Complete 
| 113|0x000000070e200000, 0x000000070e400000, 0x000000070e400000|100%| E|CS|TAMS 0x000000070e200000| PB 0x000000070e200000| Complete 
| 114|0x000000070e400000, 0x000000070e600000, 0x000000070e600000|100%| E|CS|TAMS 0x000000070e400000| PB 0x000000070e400000| Complete 
| 115|0x000000070e600000, 0x000000070e800000, 0x000000070e800000|100%| E|CS|TAMS 0x000000070e600000| PB 0x000000070e600000| Complete 
| 116|0x000000070e800000, 0x000000070ea00000, 0x000000070ea00000|100%| E|CS|TAMS 0x000000070e800000| PB 0x000000070e800000| Complete 
| 117|0x000000070ea00000, 0x000000070ec00000, 0x000000070ec00000|100%| E|CS|TAMS 0x000000070ea00000| PB 0x000000070ea00000| Complete 
| 118|0x000000070ec00000, 0x000000070ee00000, 0x000000070ee00000|100%| E|CS|TAMS 0x000000070ec00000| PB 0x000000070ec00000| Complete 
| 119|0x000000070ee00000, 0x000000070f000000, 0x000000070f000000|100%| E|CS|TAMS 0x000000070ee00000| PB 0x000000070ee00000| Complete 
| 120|0x000000070f000000, 0x000000070f200000, 0x000000070f200000|100%| E|CS|TAMS 0x000000070f000000| PB 0x000000070f000000| Complete 
| 121|0x000000070f200000, 0x000000070f400000, 0x000000070f400000|100%| E|CS|TAMS 0x000000070f200000| PB 0x000000070f200000| Complete 
| 122|0x000000070f400000, 0x000000070f600000, 0x000000070f600000|100%| E|CS|TAMS 0x000000070f400000| PB 0x000000070f400000| Complete 
| 123|0x000000070f600000, 0x000000070f800000, 0x000000070f800000|100%| E|CS|TAMS 0x000000070f600000| PB 0x000000070f600000| Complete 
| 124|0x000000070f800000, 0x000000070fa00000, 0x000000070fa00000|100%| E|CS|TAMS 0x000000070f800000| PB 0x000000070f800000| Complete 
| 125|0x000000070fa00000, 0x000000070fc00000, 0x000000070fc00000|100%| E|CS|TAMS 0x000000070fa00000| PB 0x000000070fa00000| Complete 

Card table byte_map: [0x00000299a8680000,0x00000299a8e80000] _byte_map_base: 0x00000299a4e80000

Marking Bits: (CMBitMap*) 0x0000029995797ac0
 Bits: [0x00000299a8e80000, 0x00000299ace80000)

Polling page: 0x0000029993330000

Metaspace:

Usage:
  Non-class:     14.39 MB used.
      Class:      2.39 MB used.
       Both:     16.77 MB used.

Virtual space:
  Non-class space:       64.00 MB reserved,      14.62 MB ( 23%) committed,  1 nodes.
      Class space:      832.00 MB reserved,       2.62 MB ( <1%) committed,  1 nodes.
             Both:      896.00 MB reserved,      17.25 MB (  2%) committed. 

Chunk freelists:
   Non-Class:  1.25 MB
       Class:  13.42 MB
        Both:  14.67 MB

MaxMetaspaceSize: 1.00 GB
CompressedClassSpaceSize: 832.00 MB
Initial GC threshold: 21.00 MB
Current GC threshold: 21.00 MB
CDS: on
 - commit_granule_bytes: 65536.
 - commit_granule_words: 8192.
 - virtual_space_node_default_size: 8388608.
 - enlarge_chunks_in_place: 1.
 - use_allocation_guard: 0.


Internal statistics:

num_allocs_failed_limit: 0.
num_arena_births: 686.
num_arena_deaths: 0.
num_vsnodes_births: 2.
num_vsnodes_deaths: 0.
num_space_committed: 276.
num_space_uncommitted: 0.
num_chunks_returned_to_freelist: 0.
num_chunks_taken_from_freelist: 1309.
num_chunk_merges: 0.
num_chunk_splits: 850.
num_chunks_enlarged: 578.
num_inconsistent_stats: 0.

CodeHeap 'non-profiled nmethods': size=120000Kb used=1429Kb max_used=1429Kb free=118570Kb
 bounds [0x00000299a0400000, 0x00000299a0670000, 0x00000299a7930000]
CodeHeap 'profiled nmethods': size=120000Kb used=5645Kb max_used=5645Kb free=114354Kb
 bounds [0x0000029998930000, 0x0000029998ec0000, 0x000002999fe60000]
CodeHeap 'non-nmethods': size=5760Kb used=1419Kb max_used=1468Kb free=4340Kb
 bounds [0x000002999fe60000, 0x00000299a00d0000, 0x00000299a0400000]
CodeCache: size=245760Kb, used=8493Kb, max_used=8542Kb, free=237264Kb
 total_blobs=3414, nmethods=2838, adapters=480, full_count=0
Compilation: enabled, stopped_count=0, restarted_count=0

Compilation events (20 events):
Event: 11.827 Thread 0x00000299afb4c590 2821   !   3       java.util.concurrent.locks.AbstractQueuedSynchronizer$ConditionObject::newConditionNode (78 bytes)
Event: 11.828 Thread 0x00000299afb4c590 nmethod 2821 0x0000029998ea3990 code [0x0000029998ea3c00, 0x0000029998ea43f8]
Event: 11.828 Thread 0x00000299afb4c590 2822   !   3       java.util.concurrent.locks.AbstractQueuedSynchronizer::tryInitializeHead (66 bytes)
Event: 11.828 Thread 0x00000299afb4c590 nmethod 2822 0x0000029998ea4690 code [0x0000029998ea4880, 0x0000029998ea4e40]
Event: 11.912 Thread 0x00000299afb4c590 2823       3       java.util.concurrent.locks.ReentrantLock::lockInterruptibly (8 bytes)
Event: 11.913 Thread 0x00000299afb4c590 nmethod 2823 0x0000029998ea5010 code [0x0000029998ea5220, 0x0000029998ea57c0]
Event: 11.913 Thread 0x00000299afb4c590 2824       3       java.util.concurrent.locks.ReentrantLock$Sync::lockInterruptibly (27 bytes)
Event: 11.913 Thread 0x00000299afb4c590 nmethod 2824 0x0000029998ea5990 code [0x0000029998ea5ba0, 0x0000029998ea60d8]
Event: 11.914 Thread 0x00000299afb4c590 2825   !   3       java.util.concurrent.locks.LockSupport::parkNanos (56 bytes)
Event: 11.914 Thread 0x00000299afb4c590 nmethod 2825 0x0000029998ea6290 code [0x0000029998ea64a0, 0x0000029998ea68e0]
Event: 11.959 Thread 0x00000299afb4c590 2826       3       java.util.concurrent.locks.AbstractQueuedSynchronizer$Node::getAndUnsetStatus (14 bytes)
Event: 11.960 Thread 0x00000299afb4c590 nmethod 2826 0x0000029998ea6a90 code [0x0000029998ea6c60, 0x0000029998ea6f38]
Event: 11.960 Thread 0x00000299afb4c590 2828       3       java.util.concurrent.locks.AbstractQueuedSynchronizer$ConditionObject::awaitNanos (202 bytes)
Event: 11.961 Thread 0x00000299afb4c590 nmethod 2828 0x0000029998ea7090 code [0x0000029998ea7380, 0x0000029998ea8210]
Event: 11.961 Thread 0x00000299afb4c590 2827       3       jdk.internal.misc.Unsafe::getAndBitwiseAndInt (27 bytes)
Event: 11.961 Thread 0x00000299afb4c590 nmethod 2827 0x0000029998ea8790 code [0x0000029998ea8940, 0x0000029998ea8b70]
Event: 11.990 Thread 0x00000299afb4c590 2829       3       jdk.internal.misc.Unsafe::putIntOpaque (9 bytes)
Event: 11.990 Thread 0x00000299afb4c590 nmethod 2829 0x0000029998ea8c90 code [0x0000029998ea8e20, 0x0000029998ea8f38]
Event: 12.005 Thread 0x00000299afb4c590 2830   !   3       java.util.concurrent.locks.AbstractQueuedSynchronizer::acquire (424 bytes)
Event: 15.689 Thread 0x00000299afb4c590 nmethod 2830 0x0000029998ea9010 code [0x0000029998ea93c0, 0x0000029998eaac58]

GC Heap History (6 events):
Event: 3.026 GC heap before
{Heap before GC invocations=0 (full 0):
 garbage-first heap   total 258048K, used 22528K [0x0000000700000000, 0x0000000800000000)
  region size 2048K, 11 young (22528K), 0 survivors (0K)
 Metaspace       used 1061K, committed 1152K, reserved 917504K
  class space    used 81K, committed 128K, reserved 851968K
}
Event: 3.028 GC heap after
{Heap after GC invocations=1 (full 0):
 garbage-first heap   total 258048K, used 2314K [0x0000000700000000, 0x0000000800000000)
  region size 2048K, 2 young (4096K), 2 survivors (4096K)
 Metaspace       used 1061K, committed 1152K, reserved 917504K
  class space    used 81K, committed 128K, reserved 851968K
}
Event: 4.365 GC heap before
{Heap before GC invocations=1 (full 0):
 garbage-first heap   total 258048K, used 47370K [0x0000000700000000, 0x0000000800000000)
  region size 2048K, 23 young (47104K), 2 survivors (4096K)
 Metaspace       used 4386K, committed 4544K, reserved 917504K
  class space    used 551K, committed 640K, reserved 851968K
}
Event: 4.370 GC heap after
{Heap after GC invocations=2 (full 0):
 garbage-first heap   total 258048K, used 11463K [0x0000000700000000, 0x0000000800000000)
  region size 2048K, 3 young (6144K), 3 survivors (6144K)
 Metaspace       used 4386K, committed 4544K, reserved 917504K
  class space    used 551K, committed 640K, reserved 851968K
}
Event: 5.455 GC heap before
{Heap before GC invocations=2 (full 0):
 garbage-first heap   total 258048K, used 62663K [0x0000000700000000, 0x0000000800000000)
  region size 2048K, 29 young (59392K), 3 survivors (6144K)
 Metaspace       used 8570K, committed 8960K, reserved 917504K
  class space    used 1173K, committed 1344K, reserved 851968K
}
Event: 5.466 GC heap after
{Heap after GC invocations=3 (full 0):
 garbage-first heap   total 258048K, used 18993K [0x0000000700000000, 0x0000000800000000)
  region size 2048K, 4 young (8192K), 4 survivors (8192K)
 Metaspace       used 8570K, committed 8960K, reserved 917504K
  class space    used 1173K, committed 1344K, reserved 851968K
}

Dll operation events (14 events):
Event: 0.016 Loaded shared library C:\Users\zakar\.vscode\extensions\redhat.java-1.55.0-win32-x64\jre\21.0.11-win32-x86_64\bin\java.dll
Event: 1.076 Loaded shared library C:\Users\zakar\.vscode\extensions\redhat.java-1.55.0-win32-x64\jre\21.0.11-win32-x86_64\bin\zip.dll
Event: 1.143 Loaded shared library C:\Users\zakar\.vscode\extensions\redhat.java-1.55.0-win32-x64\jre\21.0.11-win32-x86_64\bin\instrument.dll
Event: 1.155 Loaded shared library C:\Users\zakar\.vscode\extensions\redhat.java-1.55.0-win32-x64\jre\21.0.11-win32-x86_64\bin\net.dll
Event: 1.161 Loaded shared library C:\Users\zakar\.vscode\extensions\redhat.java-1.55.0-win32-x64\jre\21.0.11-win32-x86_64\bin\nio.dll
Event: 1.169 Loaded shared library C:\Users\zakar\.vscode\extensions\redhat.java-1.55.0-win32-x64\jre\21.0.11-win32-x86_64\bin\zip.dll
Event: 1.881 Loaded shared library C:\Users\zakar\.vscode\extensions\redhat.java-1.55.0-win32-x64\jre\21.0.11-win32-x86_64\bin\jimage.dll
Event: 3.288 Loaded shared library C:\Users\zakar\.vscode\extensions\redhat.java-1.55.0-win32-x64\jre\21.0.11-win32-x86_64\bin\verify.dll
Event: 3.472 Loaded shared library C:\Users\zakar\.gradle\native\c067742578af261105cb4f569cf0c3c89f3d7b1fecec35dd04571415982c5e48\windows-amd64\native-platform.dll
Event: 3.490 Loaded shared library C:\Users\zakar\.gradle\native\100fb08df4bc3b14c8652ba06237920a3bd2aa13389f12d3474272988ae205f9\windows-amd64\native-platform-file-events.dll
Event: 5.115 Loaded shared library C:\Users\zakar\.vscode\extensions\redhat.java-1.55.0-win32-x64\jre\21.0.11-win32-x86_64\bin\management.dll
Event: 5.118 Loaded shared library C:\Users\zakar\.vscode\extensions\redhat.java-1.55.0-win32-x64\jre\21.0.11-win32-x86_64\bin\management_ext.dll
Event: 5.409 Loaded shared library C:\Users\zakar\.vscode\extensions\redhat.java-1.55.0-win32-x64\jre\21.0.11-win32-x86_64\bin\extnet.dll
Event: 5.587 Loaded shared library C:\Users\zakar\.vscode\extensions\redhat.java-1.55.0-win32-x64\jre\21.0.11-win32-x86_64\bin\sunmscapi.dll

Deoptimization events (20 events):
Event: 11.276 Thread 0x00000299e9a7c090 DEOPT PACKING pc=0x00000299a04280cc sp=0x000000bd60cfb7b0
Event: 11.276 Thread 0x00000299e9a7c090 DEOPT UNPACKING pc=0x000002999feb4422 sp=0x000000bd60cfb748 mode 2
Event: 11.279 Thread 0x00000299e9a7c090 Uncommon trap: trap_request=0xffffff45 fr.pc=0x00000299a049bc20 relative=0x0000000000000640
Event: 11.279 Thread 0x00000299e9a7c090 Uncommon trap: reason=unstable_if action=reinterpret pc=0x00000299a049bc20 method=java.io.File.getName()Ljava/lang/String; @ 16 c2
Event: 11.279 Thread 0x00000299e9a7c090 DEOPT PACKING pc=0x00000299a049bc20 sp=0x000000bd60cfb770
Event: 11.279 Thread 0x00000299e9a7c090 DEOPT UNPACKING pc=0x000002999feb4422 sp=0x000000bd60cfb740 mode 2
Event: 11.393 Thread 0x00000299e9a7c090 Uncommon trap: trap_request=0xffffff45 fr.pc=0x00000299a042ab94 relative=0x00000000000000f4
Event: 11.393 Thread 0x00000299e9a7c090 Uncommon trap: reason=unstable_if action=reinterpret pc=0x00000299a042ab94 method=java.util.HashMap.hash(Ljava/lang/Object;)I @ 1 c2
Event: 11.393 Thread 0x00000299e9a7c090 DEOPT PACKING pc=0x00000299a042ab94 sp=0x000000bd60cfc7d0
Event: 11.393 Thread 0x00000299e9a7c090 DEOPT UNPACKING pc=0x000002999feb4422 sp=0x000000bd60cfc710 mode 2
Event: 11.449 Thread 0x00000299e9a7c090 DEOPT PACKING pc=0x0000029998d82855 sp=0x000000bd60cfc260
Event: 11.449 Thread 0x00000299e9a7c090 DEOPT UNPACKING pc=0x000002999feb4bc2 sp=0x000000bd60cfb770 mode 0
Event: 11.521 Thread 0x00000299e9a7c090 DEOPT PACKING pc=0x0000029998d82855 sp=0x000000bd60cfcb50
Event: 11.521 Thread 0x00000299e9a7c090 DEOPT UNPACKING pc=0x000002999feb4bc2 sp=0x000000bd60cfc060 mode 0
Event: 11.569 Thread 0x00000299e9a7c090 Uncommon trap: trap_request=0xfffffff4 fr.pc=0x00000299a048d2fc relative=0x00000000000004fc
Event: 11.569 Thread 0x00000299e9a7c090 Uncommon trap: reason=null_check action=make_not_entrant pc=0x00000299a048d2fc method=java.io.File.equals(Ljava/lang/Object;)Z @ 1 c2
Event: 11.569 Thread 0x00000299e9a7c090 DEOPT PACKING pc=0x00000299a048d2fc sp=0x000000bd60cfd6f0
Event: 11.569 Thread 0x00000299e9a7c090 DEOPT UNPACKING pc=0x000002999feb4422 sp=0x000000bd60cfd6a8 mode 2
Event: 11.589 Thread 0x00000299e9a7c090 DEOPT PACKING pc=0x0000029998a1a4d9 sp=0x000000bd60cfd310
Event: 11.590 Thread 0x00000299e9a7c090 DEOPT UNPACKING pc=0x000002999feb4bc2 sp=0x000000bd60cfc7a8 mode 0

Classes loaded (20 events):
Event: 11.500 Loading class java/lang/invoke/BoundMethodHandle$Species_LLLLLLLLLLLLLL
Event: 11.500 Loading class java/lang/invoke/BoundMethodHandle$Species_LLLLLLLLLLLLLL done
Event: 11.503 Loading class java/lang/invoke/BoundMethodHandle$Species_LLLLLLLLLLLLLLL
Event: 11.504 Loading class java/lang/invoke/BoundMethodHandle$Species_LLLLLLLLLLLLLLL done
Event: 11.506 Loading class java/lang/invoke/BoundMethodHandle$Species_LLLLLLLLLLLLLLLL
Event: 11.506 Loading class java/lang/invoke/BoundMethodHandle$Species_LLLLLLLLLLLLLLLL done
Event: 11.509 Loading class java/lang/invoke/BoundMethodHandle$Species_LLLLLLLLLLLLLLLLL
Event: 11.509 Loading class java/lang/invoke/BoundMethodHandle$Species_LLLLLLLLLLLLLLLLL done
Event: 11.512 Loading class java/lang/invoke/BoundMethodHandle$Species_LLLLLLLLLLLLLLLLLL
Event: 11.512 Loading class java/lang/invoke/BoundMethodHandle$Species_LLLLLLLLLLLLLLLLLL done
Event: 11.515 Loading class java/lang/invoke/BoundMethodHandle$Species_LLLLLLLLLLLLLLLLLLL
Event: 11.515 Loading class java/lang/invoke/BoundMethodHandle$Species_LLLLLLLLLLLLLLLLLLL done
Event: 11.518 Loading class java/lang/invoke/BoundMethodHandle$Species_LLLLLLLLLLLLLLLLLLLL
Event: 11.518 Loading class java/lang/invoke/BoundMethodHandle$Species_LLLLLLLLLLLLLLLLLLLL done
Event: 11.520 Loading class java/lang/invoke/BoundMethodHandle$Species_LLLLLLLLLLLLLLLLLLLLL
Event: 11.520 Loading class java/lang/invoke/BoundMethodHandle$Species_LLLLLLLLLLLLLLLLLLLLL done
Event: 11.523 Loading class java/lang/invoke/BoundMethodHandle$Species_LLLLLLLLLLLLLLLLLLLLLL
Event: 11.523 Loading class java/lang/invoke/BoundMethodHandle$Species_LLLLLLLLLLLLLLLLLLLLLL done
Event: 11.526 Loading class java/lang/invoke/BoundMethodHandle$Species_LLLLLLLLLLLLLLLLLLLLLLL
Event: 11.526 Loading class java/lang/invoke/BoundMethodHandle$Species_LLLLLLLLLLLLLLLLLLLLLLL done

Classes unloaded (0 events):
No events

Classes redefined (0 events):
No events

Internal exceptions (20 events):
Event: 10.451 Thread 0x00000299e9a7c090 Exception <a 'java/lang/IncompatibleClassChangeError'{0x000000070dd654a8}: Found class java.lang.Object, but interface was expected> (0x000000070dd654a8) 
thrown [s\src\hotspot\share\interpreter\linkResolver.cpp, line 840]
Event: 10.478 Thread 0x00000299e9a7c090 Exception <a 'java/lang/NoSuchMethodError'{0x000000070da85f28}: 'java.lang.Object java.lang.invoke.DirectMethodHandle$Holder.newInvokeSpecial(java.lang.Object, java.lang.Object, int)'> (0x000000070da85f28) 
thrown [s\src\hotspot\share\interpreter\linkResolver.cpp, line 773]
Event: 11.225 Thread 0x00000299e9a7c090 Exception <a 'java/lang/NoSuchMethodError'{0x000000070d6a1120}: 'java.lang.Object java.lang.invoke.DirectMethodHandle$Holder.invokeVirtual(java.lang.Object, java.lang.Object, java.lang.Object, java.lang.Object, java.lang.Object, java.lang.Object, java.lang.Object, java.lang.Object)'> (0x000000070d6a1120) 
thrown [s\src\hotspot\share\interpreter\linkResolver.cpp, line 773]
Event: 11.348 Thread 0x00000299e9a7c090 Exception <a 'java/lang/NoSuchMethodError'{0x000000070d50e018}: 'int java.lang.invoke.DirectMethodHandle$Holder.invokeSpecialIFC(java.lang.Object, java.lang.Object, java.lang.Object, java.lang.Object)'> (0x000000070d50e018) 
thrown [s\src\hotspot\share\interpreter\linkResolver.cpp, line 773]
Event: 11.351 Thread 0x00000299e9a7c090 Exception <a 'java/lang/NoSuchMethodError'{0x000000070d51b760}: 'java.lang.Object java.lang.invoke.DirectMethodHandle$Holder.invokeInterface(java.lang.Object, java.lang.Object, java.lang.Object)'> (0x000000070d51b760) 
thrown [s\src\hotspot\share\interpreter\linkResolver.cpp, line 773]
Event: 11.352 Thread 0x00000299e9a7c090 Exception <a 'java/lang/IncompatibleClassChangeError'{0x000000070d51f378}: Found class java.lang.Object, but interface was expected> (0x000000070d51f378) 
thrown [s\src\hotspot\share\interpreter\linkResolver.cpp, line 840]
Event: 11.393 Thread 0x00000299e9a7c090 Implicit null exception at 0x00000299a042aae6 to 0x00000299a042ab8a
Event: 11.419 Thread 0x00000299e9a7c090 Exception <a 'java/lang/NoSuchMethodError'{0x000000070d30a738}: 'int java.lang.invoke.DirectMethodHandle$Holder.invokeStatic(java.lang.Object, java.lang.Object, java.lang.Object, java.lang.Object)'> (0x000000070d30a738) 
thrown [s\src\hotspot\share\interpreter\linkResolver.cpp, line 773]
Event: 11.494 Thread 0x00000299e9a7c090 Exception <a 'java/lang/NoSuchMethodError'{0x000000070d0fa0e0}: 'java.lang.Object java.lang.invoke.DelegatingMethodHandle$Holder.reinvoke_L(java.lang.Object, java.lang.Object, java.lang.Object, java.lang.Object, java.lang.Object, java.lang.Object, java.lang.Object, java.lang.Object, java.lang.Object, java.lang.Object, java.lang.Object, java.lang.Object, java.lang.Object, java.lang.Object, java.lang.Object, java.lang.Object, java.lang.Object, java.lang.Object, java.lang.Object, java.lang.Object, java.lang.O
Event: 11.502 Thread 0x00000299e9a7c090 Exception <a 'java/lang/NoSuchMethodError'{0x000000070d167ff8}: 'java.lang.Object java.lang.invoke.DirectMethodHandle$Holder.invokeStatic(java.lang.Object, java.lang.Object, java.lang.Object, java.lang.Object, java.lang.Object, java.lang.Object, java.lang.Object, java.lang.Object, java.lang.Object, java.lang.Object, java.lang.Object, java.lang.Object, java.lang.Object, java.lang.Object, java.lang.Object, java.lang.Object, java.lang.Object)'> (0x000000070d167ff8) 
thrown [s\src\hotspot\share\interpreter\lin
Event: 11.505 Thread 0x00000299e9a7c090 Exception <a 'java/lang/NoSuchMethodError'{0x000000070d190d88}: 'java.lang.Object java.lang.invoke.DirectMethodHandle$Holder.invokeStatic(java.lang.Object, java.lang.Object, java.lang.Object, java.lang.Object, java.lang.Object, java.lang.Object, java.lang.Object, java.lang.Object, java.lang.Object, java.lang.Object, java.lang.Object, java.lang.Object, java.lang.Object, java.lang.Object, java.lang.Object, java.lang.Object, java.lang.Object, java.lang.Object)'> (0x000000070d190d88) 
thrown [s\src\hotspot\sha
Event: 11.508 Thread 0x00000299e9a7c090 Exception <a 'java/lang/NoSuchMethodError'{0x000000070d1bb078}: 'java.lang.Object java.lang.invoke.DirectMethodHandle$Holder.invokeStatic(java.lang.Object, java.lang.Object, java.lang.Object, java.lang.Object, java.lang.Object, java.lang.Object, java.lang.Object, java.lang.Object, java.lang.Object, java.lang.Object, java.lang.Object, java.lang.Object, java.lang.Object, java.lang.Object, java.lang.Object, java.lang.Object, java.lang.Object, java.lang.Object, java.lang.Object)'> (0x000000070d1bb078) 
thrown 
Event: 11.511 Thread 0x00000299e9a7c090 Exception <a 'java/lang/NoSuchMethodError'{0x000000070d1e7750}: 'java.lang.Object java.lang.invoke.DirectMethodHandle$Holder.invokeStatic(java.lang.Object, java.lang.Object, java.lang.Object, java.lang.Object, java.lang.Object, java.lang.Object, java.lang.Object, java.lang.Object, java.lang.Object, java.lang.Object, java.lang.Object, java.lang.Object, java.lang.Object, java.lang.Object, java.lang.Object, java.lang.Object, java.lang.Object, java.lang.Object, java.lang.Object, java.lang.Object)'> (0x00000007
Event: 11.513 Thread 0x00000299e9a7c090 Exception <a 'java/lang/NoSuchMethodError'{0x000000070ce140c8}: 'java.lang.Object java.lang.invoke.DirectMethodHandle$Holder.invokeStatic(java.lang.Object, java.lang.Object, java.lang.Object, java.lang.Object, java.lang.Object, java.lang.Object, java.lang.Object, java.lang.Object, java.lang.Object, java.lang.Object, java.lang.Object, java.lang.Object, java.lang.Object, java.lang.Object, java.lang.Object, java.lang.Object, java.lang.Object, java.lang.Object, java.lang.Object, java.lang.Object, java.lang.Obj
Event: 11.516 Thread 0x00000299e9a7c090 Exception <a 'java/lang/NoSuchMethodError'{0x000000070ce418a8}: 'java.lang.Object java.lang.invoke.DirectMethodHandle$Holder.invokeStatic(java.lang.Object, java.lang.Object, java.lang.Object, java.lang.Object, java.lang.Object, java.lang.Object, java.lang.Object, java.lang.Object, java.lang.Object, java.lang.Object, java.lang.Object, java.lang.Object, java.lang.Object, java.lang.Object, java.lang.Object, java.lang.Object, java.lang.Object, java.lang.Object, java.lang.Object, java.lang.Object, java.lang.Obj
Event: 11.519 Thread 0x00000299e9a7c090 Exception <a 'java/lang/NoSuchMethodError'{0x000000070ce6fba0}: 'java.lang.Object java.lang.invoke.DirectMethodHandle$Holder.invokeStatic(java.lang.Object, java.lang.Object, java.lang.Object, java.lang.Object, java.lang.Object, java.lang.Object, java.lang.Object, java.lang.Object, java.lang.Object, java.lang.Object, java.lang.Object, java.lang.Object, java.lang.Object, java.lang.Object, java.lang.Object, java.lang.Object, java.lang.Object, java.lang.Object, java.lang.Object, java.lang.Object, java.lang.Obj
Event: 11.522 Thread 0x00000299e9a7c090 Exception <a 'java/lang/NoSuchMethodError'{0x000000070cea4d58}: 'java.lang.Object java.lang.invoke.DirectMethodHandle$Holder.invokeStatic(java.lang.Object, java.lang.Object, java.lang.Object, java.lang.Object, java.lang.Object, java.lang.Object, java.lang.Object, java.lang.Object, java.lang.Object, java.lang.Object, java.lang.Object, java.lang.Object, java.lang.Object, java.lang.Object, java.lang.Object, java.lang.Object, java.lang.Object, java.lang.Object, java.lang.Object, java.lang.Object, java.lang.Obj
Event: 11.524 Thread 0x00000299e9a7c090 Exception <a 'java/lang/NoSuchMethodError'{0x000000070ced4b70}: 'java.lang.Object java.lang.invoke.DirectMethodHandle$Holder.invokeStatic(java.lang.Object, java.lang.Object, java.lang.Object, java.lang.Object, java.lang.Object, java.lang.Object, java.lang.Object, java.lang.Object, java.lang.Object, java.lang.Object, java.lang.Object, java.lang.Object, java.lang.Object, java.lang.Object, java.lang.Object, java.lang.Object, java.lang.Object, java.lang.Object, java.lang.Object, java.lang.Object, java.lang.Obj
Event: 11.527 Thread 0x00000299e9a7c090 Exception <a 'java/lang/NoSuchMethodError'{0x000000070cf06520}: 'java.lang.Object java.lang.invoke.DirectMethodHandle$Holder.invokeStatic(java.lang.Object, java.lang.Object, java.lang.Object, java.lang.Object, java.lang.Object, java.lang.Object, java.lang.Object, java.lang.Object, java.lang.Object, java.lang.Object, java.lang.Object, java.lang.Object, java.lang.Object, java.lang.Object, java.lang.Object, java.lang.Object, java.lang.Object, java.lang.Object, java.lang.Object, java.lang.Object, java.lang.Obj
Event: 11.569 Thread 0x00000299e9a7c090 Implicit null exception at 0x00000299a048ce3d to 0x00000299a048d2ec

ZGC Phase Switch (0 events):
No events

VM Operations (20 events):
Event: 5.466 Executing safepoint VM operation: G1CollectForAllocation (G1 Evacuation Pause) done
Event: 5.600 Executing non-safepoint VM operation: HandshakeAllThreads (Deoptimize)
Event: 5.600 Executing non-safepoint VM operation: HandshakeAllThreads (Deoptimize) done
Event: 6.611 Executing safepoint VM operation: Cleanup
Event: 6.657 Executing safepoint VM operation: Cleanup done
Event: 7.659 Executing safepoint VM operation: Cleanup
Event: 7.659 Executing safepoint VM operation: Cleanup done
Event: 8.661 Executing safepoint VM operation: Cleanup
Event: 8.823 Executing safepoint VM operation: Cleanup done
Event: 9.828 Executing safepoint VM operation: Cleanup
Event: 9.921 Executing safepoint VM operation: Cleanup done
Event: 10.476 Executing non-safepoint VM operation: HandshakeAllThreads (Deoptimize)
Event: 10.476 Executing non-safepoint VM operation: HandshakeAllThreads (Deoptimize) done
Event: 11.490 Executing safepoint VM operation: Cleanup
Event: 11.490 Executing safepoint VM operation: Cleanup done
Event: 11.540 Executing non-safepoint VM operation: HandshakeAllThreads (Deoptimize)
Event: 11.541 Executing non-safepoint VM operation: HandshakeAllThreads (Deoptimize) done
Event: 11.541 Executing non-safepoint VM operation: HandshakeAllThreads (Deoptimize)
Event: 11.541 Executing non-safepoint VM operation: HandshakeAllThreads (Deoptimize) done
Event: 12.548 Executing safepoint VM operation: Cleanup

Memory protections (0 events):
No events

Nmethod flushes (0 events):
No events

Events (20 events):
Event: 1.876 Thread 0x00000299afb4c590 Thread added: 0x00000299afe9ac20
Event: 1.881 Thread 0x00000299afb29ec0 Thread added: 0x00000299aff1f750
Event: 2.964 Thread 0x00000299aff1f750 Thread exited: 0x00000299aff1f750
Event: 4.342 Thread 0x00000299afe9ac20 Thread exited: 0x00000299afe9ac20
Event: 4.904 Thread 0x00000299afb4c590 Thread added: 0x00000299ea5f28b0
Event: 5.174 Thread 0x000002999572eca0 Thread added: 0x00000299ea6c2a90
Event: 5.482 Thread 0x000002999572eca0 Thread added: 0x00000299eaa3d840
Event: 5.584 Thread 0x000002999572eca0 Thread added: 0x00000299ea7ed900
Event: 6.658 Thread 0x00000299ea5f28b0 Thread exited: 0x00000299ea5f28b0
Event: 6.670 Thread 0x00000299eaa3d840 Thread added: 0x00000299ea5f28b0
Event: 6.674 Thread 0x00000299ea5f28b0 Thread added: 0x00000299e9118230
Event: 6.729 Thread 0x00000299ea5f28b0 Thread added: 0x00000299ea823ee0
Event: 6.738 Thread 0x00000299ea5f28b0 Thread added: 0x00000299e9a7c090
Event: 7.759 Thread 0x00000299e9a7c090 Thread added: 0x00000299e931d9c0
Event: 7.769 Thread 0x00000299e9a7c090 Thread added: 0x00000299e931bf80
Event: 7.773 Thread 0x00000299e9a7c090 Thread added: 0x00000299e931c610
Event: 10.477 Thread 0x00000299e9a7c090 Thread added: 0x00000299e931d330
Event: 10.491 Thread 0x00000299e9a7c090 Thread added: 0x00000299e931e050
Event: 11.151 Thread 0x00000299e9a7c090 Thread added: 0x00000299e931e6e0
Event: 11.486 Thread 0x00000299afb4c590 Thread added: 0x00000299eaed0210


Dynamic libraries:
0x00007ff7a0110000 - 0x00007ff7a011e000 	C:\Users\zakar\.vscode\extensions\redhat.java-1.55.0-win32-x64\jre\21.0.11-win32-x86_64\bin\java.exe
0x00007ffe21aa0000 - 0x00007ffe21d06000 	C:\windows\SYSTEM32\ntdll.dll
0x00007ffe20630000 - 0x00007ffe206f9000 	C:\windows\System32\KERNEL32.DLL
0x00007ffe1ee30000 - 0x00007ffe1f22e000 	C:\windows\System32\KERNELBASE.dll
0x00007ffe1f450000 - 0x00007ffe1f59c000 	C:\windows\System32\ucrtbase.dll
0x00007ffe04240000 - 0x00007ffe04258000 	C:\Users\zakar\.vscode\extensions\redhat.java-1.55.0-win32-x64\jre\21.0.11-win32-x86_64\bin\jli.dll
0x00007ffe04500000 - 0x00007ffe0451e000 	C:\Users\zakar\.vscode\extensions\redhat.java-1.55.0-win32-x64\jre\21.0.11-win32-x86_64\bin\VCRUNTIME140.dll
0x00007ffe20c20000 - 0x00007ffe20de7000 	C:\windows\System32\USER32.dll
0x00007ffe1f7a0000 - 0x00007ffe1f7c7000 	C:\windows\System32\win32u.dll
0x00007ffe21590000 - 0x00007ffe215bb000 	C:\windows\System32\GDI32.dll
0x00007ffe1f5b0000 - 0x00007ffe1f6da000 	C:\windows\System32\gdi32full.dll
0x00007ffe1ed80000 - 0x00007ffe1ee23000 	C:\windows\System32\msvcp_win.dll
0x00007ffe02eb0000 - 0x00007ffe03142000 	C:\windows\WinSxS\amd64_microsoft.windows.common-controls_6595b64144ccf1df_6.0.26100.8875_none_3e0d5d42e32fe9dd\COMCTL32.dll
0x00007ffe1fdb0000 - 0x00007ffe1fe59000 	C:\windows\System32\msvcrt.dll
0x00007ffe20530000 - 0x00007ffe20562000 	C:\windows\System32\IMM32.DLL
0x00007ffe16a30000 - 0x00007ffe16a3c000 	C:\Users\zakar\.vscode\extensions\redhat.java-1.55.0-win32-x64\jre\21.0.11-win32-x86_64\bin\vcruntime140_1.dll
0x00007ffde05f0000 - 0x00007ffde067d000 	C:\Users\zakar\.vscode\extensions\redhat.java-1.55.0-win32-x64\jre\21.0.11-win32-x86_64\bin\msvcp140.dll
0x00007ffd30540000 - 0x00007ffd312e2000 	C:\Users\zakar\.vscode\extensions\redhat.java-1.55.0-win32-x64\jre\21.0.11-win32-x86_64\bin\server\jvm.dll
0x00007ffe20570000 - 0x00007ffe20627000 	C:\windows\System32\ADVAPI32.dll
0x00007ffe1fff0000 - 0x00007ffe2009a000 	C:\windows\System32\sechost.dll
0x00007ffe215c0000 - 0x00007ffe216d8000 	C:\windows\System32\RPCRT4.dll
0x00007ffe20410000 - 0x00007ffe20490000 	C:\windows\System32\WS2_32.dll
0x00007ffe14210000 - 0x00007ffe1421b000 	C:\windows\SYSTEM32\VERSION.dll
0x00007ffe1b4c0000 - 0x00007ffe1b4f6000 	C:\windows\SYSTEM32\WINMM.dll
0x00007ffe1eb20000 - 0x00007ffe1eb7e000 	C:\windows\SYSTEM32\POWRPROF.dll
0x00007ffe1eb00000 - 0x00007ffe1eb14000 	C:\windows\SYSTEM32\UMPDC.dll
0x00007ffe1d960000 - 0x00007ffe1d97b000 	C:\windows\SYSTEM32\kernel.appcore.dll
0x00007ffe16950000 - 0x00007ffe1695a000 	C:\Users\zakar\.vscode\extensions\redhat.java-1.55.0-win32-x64\jre\21.0.11-win32-x86_64\bin\jimage.dll
0x00007ffe1c1a0000 - 0x00007ffe1c3e2000 	C:\windows\SYSTEM32\DBGHELP.DLL
0x00007ffe1fa20000 - 0x00007ffe1fda3000 	C:\windows\System32\combase.dll
0x00007ffe21740000 - 0x00007ffe21819000 	C:\windows\System32\OLEAUT32.dll
0x00007ffe1b480000 - 0x00007ffe1b4bb000 	C:\windows\SYSTEM32\dbgcore.DLL
0x00007ffe1f6e0000 - 0x00007ffe1f78c000 	C:\windows\System32\bcryptPrimitives.dll
0x00007ffe0e5d0000 - 0x00007ffe0e5df000 	C:\Users\zakar\.vscode\extensions\redhat.java-1.55.0-win32-x64\jre\21.0.11-win32-x86_64\bin\instrument.dll
0x00007ffe045e0000 - 0x00007ffe04600000 	C:\Users\zakar\.vscode\extensions\redhat.java-1.55.0-win32-x64\jre\21.0.11-win32-x86_64\bin\java.dll
0x00007ffe20df0000 - 0x00007ffe21582000 	C:\windows\System32\SHELL32.dll
0x00007ffe1c720000 - 0x00007ffe1cfb2000 	C:\windows\SYSTEM32\windows.storage.dll
0x00007ffe21820000 - 0x00007ffe21917000 	C:\windows\System32\SHCORE.dll
0x00007ffe219e0000 - 0x00007ffe21a47000 	C:\windows\System32\shlwapi.dll
0x00007ffe1ebe0000 - 0x00007ffe1ec09000 	C:\windows\SYSTEM32\profapi.dll
0x00007ffe04160000 - 0x00007ffe04178000 	C:\Users\zakar\.vscode\extensions\redhat.java-1.55.0-win32-x64\jre\21.0.11-win32-x86_64\bin\zip.dll
0x00007ffe0dbf0000 - 0x00007ffe0dc00000 	C:\Users\zakar\.vscode\extensions\redhat.java-1.55.0-win32-x64\jre\21.0.11-win32-x86_64\bin\net.dll
0x00007ffe13e30000 - 0x00007ffe13f57000 	C:\windows\SYSTEM32\WINHTTP.dll
0x00007ffe1def0000 - 0x00007ffe1df5c000 	C:\windows\system32\mswsock.dll
0x00007ffe01c30000 - 0x00007ffe01c46000 	C:\Users\zakar\.vscode\extensions\redhat.java-1.55.0-win32-x64\jre\21.0.11-win32-x86_64\bin\nio.dll
0x00007ffe0d9f0000 - 0x00007ffe0da00000 	C:\Users\zakar\.vscode\extensions\redhat.java-1.55.0-win32-x64\jre\21.0.11-win32-x86_64\bin\verify.dll
0x00007ffde0de0000 - 0x00007ffde0e07000 	C:\Users\zakar\.gradle\native\c067742578af261105cb4f569cf0c3c89f3d7b1fecec35dd04571415982c5e48\windows-amd64\native-platform.dll
0x00007ffdddfb0000 - 0x00007ffdde0f4000 	C:\Users\zakar\.gradle\native\100fb08df4bc3b14c8652ba06237920a3bd2aa13389f12d3474272988ae205f9\windows-amd64\native-platform-file-events.dll
0x00007ffe0d640000 - 0x00007ffe0d64a000 	C:\Users\zakar\.vscode\extensions\redhat.java-1.55.0-win32-x64\jre\21.0.11-win32-x86_64\bin\management.dll
0x00007ffe0d590000 - 0x00007ffe0d59c000 	C:\Users\zakar\.vscode\extensions\redhat.java-1.55.0-win32-x64\jre\21.0.11-win32-x86_64\bin\management_ext.dll
0x00007ffe20c10000 - 0x00007ffe20c18000 	C:\windows\System32\PSAPI.DLL
0x00007ffe1e320000 - 0x00007ffe1e33b000 	C:\windows\SYSTEM32\CRYPTSP.dll
0x00007ffe1d8c0000 - 0x00007ffe1d8f9000 	C:\windows\system32\rsaenh.dll
0x00007ffe1dfb0000 - 0x00007ffe1dfe2000 	C:\windows\SYSTEM32\USERENV.dll
0x00007ffe1ebb0000 - 0x00007ffe1ebda000 	C:\windows\SYSTEM32\bcrypt.dll
0x00007ffe1e160000 - 0x00007ffe1e16c000 	C:\windows\SYSTEM32\CRYPTBASE.dll
0x00007ffe1d360000 - 0x00007ffe1d393000 	C:\windows\SYSTEM32\IPHLPAPI.DLL
0x00007ffe200a0000 - 0x00007ffe200aa000 	C:\windows\System32\NSI.dll
0x00007ffe0d1f0000 - 0x00007ffe0d1f9000 	C:\Users\zakar\.vscode\extensions\redhat.java-1.55.0-win32-x64\jre\21.0.11-win32-x86_64\bin\extnet.dll
0x00007ffe0d080000 - 0x00007ffe0d08e000 	C:\Users\zakar\.vscode\extensions\redhat.java-1.55.0-win32-x64\jre\21.0.11-win32-x86_64\bin\sunmscapi.dll
0x00007ffe1f240000 - 0x00007ffe1f3b8000 	C:\windows\System32\CRYPT32.dll
0x00007ffe1e490000 - 0x00007ffe1e4c0000 	C:\windows\SYSTEM32\ncrypt.dll
0x00007ffe1e440000 - 0x00007ffe1e47f000 	C:\windows\SYSTEM32\NTASN1.dll
0x00007ffdf1b80000 - 0x00007ffdf1b88000 	C:\windows\system32\wshunix.dll

JVMTI agents:
C:\Users\zakar\.gradle\wrapper\dists\gradle-8.11.1-bin\bpt9gzteqjrbo1mjrsomdt32c\gradle-8.11.1\lib\agents\gradle-instrumentation-agent-8.11.1.jar path:C:\Users\zakar\.vscode\extensions\redhat.java-1.55.0-win32-x64\jre\21.0.11-win32-x86_64\bin\instrument.dll, loaded, initialized, instrumentlib options:none

dbghelp: loaded successfully - version: 4.0.5 - missing functions: none
symbol engine: initialized successfully - sym options: 0x614 - pdb path: .;C:\Users\zakar\.vscode\extensions\redhat.java-1.55.0-win32-x64\jre\21.0.11-win32-x86_64\bin;C:\windows\SYSTEM32;C:\windows\WinSxS\amd64_microsoft.windows.common-controls_6595b64144ccf1df_6.0.26100.8875_none_3e0d5d42e32fe9dd;C:\Users\zakar\.vscode\extensions\redhat.java-1.55.0-win32-x64\jre\21.0.11-win32-x86_64\bin\server;C:\Users\zakar\.gradle\native\c067742578af261105cb4f569cf0c3c89f3d7b1fecec35dd04571415982c5e48\windows-amd64;C:\Users\zakar\.gradle\native\100fb08df4bc3b14c8652ba06237920a3bd2aa13389f12d3474272988ae205f9\windows-amd64

VM Arguments:
jvm_args: --add-opens=java.base/java.lang=ALL-UNNAMED --add-opens=java.base/java.lang.invoke=ALL-UNNAMED --add-opens=java.base/java.util=ALL-UNNAMED --add-opens=java.prefs/java.util.prefs=ALL-UNNAMED --add-exports=jdk.compiler/com.sun.tools.javac.api=ALL-UNNAMED --add-exports=jdk.compiler/com.sun.tools.javac.util=ALL-UNNAMED --add-opens=java.base/java.util=ALL-UNNAMED --add-opens=java.prefs/java.util.prefs=ALL-UNNAMED --add-opens=java.base/java.nio.charset=ALL-UNNAMED --add-opens=java.base/java.net=ALL-UNNAMED --add-opens=java.base/java.util.concurrent.atomic=ALL-UNNAMED --add-opens=java.xml/javax.xml.namespace=ALL-UNNAMED -XX:MaxMetaspaceSize=1g -Xmx4g -Dfile.encoding=UTF-8 -Duser.country=FR -Duser.language=fr -Duser.variant -javaagent:C:\Users\zakar\.gradle\wrapper\dists\gradle-8.11.1-bin\bpt9gzteqjrbo1mjrsomdt32c\gradle-8.11.1\lib\agents\gradle-instrumentation-agent-8.11.1.jar 
java_command: org.gradle.launcher.daemon.bootstrap.GradleDaemon 8.11.1
java_class_path (initial): C:\Users\zakar\.gradle\wrapper\dists\gradle-8.11.1-bin\bpt9gzteqjrbo1mjrsomdt32c\gradle-8.11.1\lib\gradle-daemon-main-8.11.1.jar
Launcher Type: SUN_STANDARD

[Global flags]
     intx CICompilerCount                          = 4                                         {product} {ergonomic}
   size_t CompressedClassSpaceSize                 = 872415232                                 {product} {ergonomic}
     uint ConcGCThreads                            = 3                                         {product} {ergonomic}
     uint G1ConcRefinementThreads                  = 10                                        {product} {ergonomic}
   size_t G1HeapRegionSize                         = 2097152                                   {product} {ergonomic}
    uintx GCDrainStackTargetSize                   = 64                                        {product} {ergonomic}
   size_t InitialHeapSize                          = 264241152                                 {product} {ergonomic}
   size_t MarkStackSize                            = 4194304                                   {product} {ergonomic}
   size_t MaxHeapSize                              = 4294967296                                {product} {command line}
   size_t MaxMetaspaceSize                         = 1073741824                                {product} {command line}
   size_t MaxNewSize                               = 2575302656                                {product} {ergonomic}
   size_t MinHeapDeltaBytes                        = 2097152                                   {product} {ergonomic}
   size_t MinHeapSize                              = 8388608                                   {product} {ergonomic}
    uintx NonNMethodCodeHeapSize                   = 5839372                                {pd product} {ergonomic}
    uintx NonProfiledCodeHeapSize                  = 122909434                              {pd product} {ergonomic}
    uintx ProfiledCodeHeapSize                     = 122909434                              {pd product} {ergonomic}
    uintx ReservedCodeCacheSize                    = 251658240                              {pd product} {ergonomic}
     bool SegmentedCodeCache                       = true                                      {product} {ergonomic}
   size_t SoftMaxHeapSize                          = 4294967296                             {manageable} {ergonomic}
     bool UseCompressedOops                        = true                           {product lp64_product} {ergonomic}
     bool UseG1GC                                  = true                                      {product} {ergonomic}
     bool UseLargePagesIndividualAllocation        = false                                  {pd product} {ergonomic}

Logging:
Log output configuration:
 #0: stdout all=warning uptime,level,tags foldmultilines=false
 #1: stderr all=off uptime,level,tags foldmultilines=false

Release file:
JAVA_VERSION="21.0.11" 
MODULES="java.base java.compiler java.datatransfer java.xml java.prefs java.desktop java.instrument java.logging java.management java.security.sasl java.naming java.rmi java.management.rmi java.net.http java.scripting java.security.jgss java.transaction.xa java.sql java.sql.rowset java.xml.crypto java.se java.smartcardio jdk.accessibility jdk.internal.jvmstat jdk.attach jdk.charsets jdk.internal.opt jdk.zipfs jdk.compiler jdk.crypto.ec jdk.crypto.cryptoki jdk.crypto.mscapi jdk.dynalink jdk.internal.ed jdk.editpad jdk.hotspot.agent jdk.httpserver jdk.internal.le jdk.internal.vm.ci jdk.internal.vm.compiler jdk.internal.vm.compiler.management jdk.jartool jdk.javadoc jdk.jcmd jdk.management jdk.management.agent jdk.jconsole jdk.jdeps jdk.jdwp.agent jdk.jdi jdk.jfr jdk.jshell jdk.jsobject jdk.jstatd jdk.localedata jdk.management.jfr jdk.naming.dns jdk.naming.rmi jdk.net jdk.nio.mapmode jdk.random jdk.sctp jdk.security.auth jdk.security.jgss jdk.unsupported jdk.unsupported.desktop jdk.xml.dom" 

Environment Variables:
PATH=C:\Python314\Scripts\;C:\Python314\;C:\Program Files\Eclipse Adoptium\jdk-21.0.9.10-hotspot\bin;C:\windows\system32;C:\windows;C:\windows\System32\Wbem;C:\windows\System32\WindowsPowerShell\v1.0\;C:\windows\System32\OpenSSH\;C:\Program Files\dotnet\;C:\Program Files\Git\cmd;C:\Program Files\nodejs\;C:\ProgramData\chocolatey\bin;C:\Program Files\Docker\Docker\resources\bin;C:\Users\zakar\AppData\Local\Microsoft\WindowsApps;C:\Users\zakar\AppData\Local\Programs\Microsoft VS Code\bin;C:\Users\zakar\AppData\Roaming\npm;C:\Users\zakar\.local\bin;C:\Users\zakar\AppData\Local\Google\Cloud SDK\google-cloud-sdk\bin
USERNAME=zakar
OS=Windows_NT
PROCESSOR_IDENTIFIER=Intel64 Family 6 Model 186 Stepping 3, GenuineIntel
TMP=C:\Users\zakar\AppData\Local\Temp
TEMP=C:\Users\zakar\AppData\Local\Temp




Periodic native trim disabled

---------------  S Y S T E M  ---------------

OS:
 Windows 11 , 64 bit Build 26100 (10.0.26100.8875)
OS uptime: 1 days 23:03 hours
Hyper-V role detected

CPU: total 12 (initial active 12) (6 cores per cpu, 2 threads per core) family 6 model 186 stepping 3 microcode 0x6134, cx8, cmov, fxsr, ht, mmx, 3dnowpref, sse, sse2, sse3, ssse3, sse4.1, sse4.2, popcnt, lzcnt, tsc, tscinvbit, avx, avx2, aes, erms, clmul, bmi1, bmi2, adx, sha, fma, vzeroupper, clflush, clflushopt, clwb, hv, serialize, rdtscp, rdpid, fsrm, f16c, cet_ibt, cet_ss
Processor Information for the first 12 processors :
  Max Mhz: 1400, Current Mhz: 1400, Mhz Limit: 1400

Memory: 4k page, system-wide physical 16068M (8379M free)
TotalPageFile size 65220M (AvailPageFile size 0M)
current process WorkingSet (physical memory assigned to process): 189M, peak: 192M
current process commit charge ("private bytes"): 414M, peak: 416M

vm_info: OpenJDK 64-Bit Server VM (21.0.11+10-LTS) for windows-amd64 JRE (21.0.11+10-LTS), built on 2026-04-21T00:00:00Z by "admin" with MS VC++ 17.12 (VS2022)

END.
