#
# There is insufficient memory for the Java Runtime Environment to continue.
# Native memory allocation (malloc) failed to allocate 2160016 bytes. Error detail: Chunk::new
# Possible reasons:
#   The system is out of physical RAM or swap space
#   This process is running with CompressedOops enabled, and the Java Heap may be blocking the growth of the native heap
# Possible solutions:
#   Reduce memory load on the system
#   Increase physical memory or swap space
#   Check if swap backing store is full
#   Decrease Java heap size (-Xmx/-Xms)
#   Decrease number of Java threads
#   Decrease Java thread stack sizes (-Xss)
#   Set larger code cache with -XX:ReservedCodeCacheSize=
#   JVM is running with Zero Based Compressed Oops mode in which the Java heap is
#     placed in the first 32GB address space. The Java Heap base address is the
#     maximum limit for the native heap growth. Please use -XX:HeapBaseMinAddress
#     to set the Java Heap base and to place the Java Heap above 32GB virtual address.
# This output file may be truncated or incomplete.
#
#  Out of Memory Error (arena.cpp:168), pid=16740, tid=6572
#
# JRE version: OpenJDK Runtime Environment Temurin-21.0.11+10 (21.0.11+10) (build 21.0.11+10-LTS)
# Java VM: OpenJDK 64-Bit Server VM Temurin-21.0.11+10 (21.0.11+10-LTS, mixed mode, sharing, tiered, compressed oops, compressed class ptrs, parallel gc, windows-amd64)
# No core dump will be written. Minidumps are not enabled by default on client versions of Windows
#

---------------  S U M M A R Y ------------

Command Line: --add-modules=ALL-SYSTEM --add-opens=java.base/java.util=ALL-UNNAMED --add-opens=java.base/java.lang=ALL-UNNAMED --add-opens=java.base/sun.nio.fs=ALL-UNNAMED -Declipse.application=org.eclipse.jdt.ls.core.id1 -Dosgi.bundles.defaultStartLevel=4 -Declipse.product=org.eclipse.jdt.ls.core.product -Djava.import.generatesMetadataFilesAtProjectRoot=false -DDetectVMInstallationsJob.disabled=true -Dfile.encoding=utf8 -XX:+UseParallelGC -XX:GCTimeRatio=4 -XX:AdaptiveSizePolicyWeight=90 -Dsun.zip.disableMemoryMapping=true -Xmx4G -Xms100m -Xlog:disable -javaagent:c:\Users\zakar\.vscode\extensions\redhat.java-1.55.0-win32-x64\lombok\lombok-1.18.39-4050.jar -XX:+HeapDumpOnOutOfMemoryError -XX:HeapDumpPath=c:\Users\zakar\AppData\Roaming\Code\User\workspaceStorage\bd5adb6d7e60b59cdb3dd6e214c1ffdd\redhat.java -Daether.dependencyCollector.impl=bf c:\Users\zakar\.vscode\extensions\redhat.java-1.55.0-win32-x64\server\plugins\org.eclipse.equinox.launcher_1.7.200.v20260619-2039.jar -configuration c:\Users\zakar\AppData\Roaming\Code\User\globalStorage\redhat.java\1.55.0\config_win -data c:\Users\zakar\AppData\Roaming\Code\User\workspaceStorage\bd5adb6d7e60b59cdb3dd6e214c1ffdd\redhat.java\jdt_ws --pipe=\\.\pipe\lsp-ddaffe1e22721c8e9bfabada71f69e81-sock

Host: Intel(R) Core(TM) 5 120U, 12 cores, 15G,  Windows 11 , 64 bit Build 26100 (10.0.26100.8875)
Time: Sat Aug  1 16:04:04 2026 elapsed time: 957.539641 seconds (0d 0h 15m 57s)

---------------  T H R E A D  ---------------

Current thread (0x000001ef637c6f40):  JavaThread "C2 CompilerThread0" daemon [_thread_in_native, id=6572, stack(0x00000043af200000,0x00000043af300000) (1024K)]


Current CompileTask:
C2:957539 23512       4       org.eclipse.core.internal.content.ContentTypeCatalog::selectMatchingByName (85 bytes)

Stack: [0x00000043af200000,0x00000043af300000]
Native frames: (J=compiled Java code, j=interpreted, Vv=VM code, C=native code)
V  [jvm.dll+0x6d7e19]
V  [jvm.dll+0x8b5096]
V  [jvm.dll+0x8b764e]
V  [jvm.dll+0x8b7d33]
V  [jvm.dll+0x284596]
V  [jvm.dll+0xc685d]
V  [jvm.dll+0xc6da1]
V  [jvm.dll+0x3bed31]
V  [jvm.dll+0x1e4149]
V  [jvm.dll+0x24c853]
V  [jvm.dll+0x24bce0]
V  [jvm.dll+0x1cb4ae]
V  [jvm.dll+0x25baad]
V  [jvm.dll+0x25a03a]
V  [jvm.dll+0x3f868e]
V  [jvm.dll+0x85fb0d]
V  [jvm.dll+0x6d664d]
C  [ucrtbase.dll+0x2cd30]
C  [KERNEL32.DLL+0x2e957]
C  [ntdll.dll+0xaad6c]


---------------  P R O C E S S  ---------------

Threads class SMR info:
_java_thread_list=0x000001ef6c9aec70, length=48, elements={
0x000001ef44008770, 0x000001ef637904a0, 0x000001ef63793890, 0x000001ef63797400,
0x000001ef63798060, 0x000001ef6379d690, 0x000001ef637a5200, 0x000001ef637c6f40,
0x000001ef637cb250, 0x000001ef63a7d2b0, 0x000001ef63a9aff0, 0x000001ef68667410,
0x000001ef6886a230, 0x000001ef689f3be0, 0x000001ef63995d20, 0x000001ef68c1ff60,
0x000001ef6926ee20, 0x000001ef639af350, 0x000001ef68d1a0a0, 0x000001ef68d1adc0,
0x000001ef68d1a730, 0x000001ef68d18cf0, 0x000001ef68d19a10, 0x000001ef69c3c940,
0x000001ef69c3e380, 0x000001ef69c3f730, 0x000001ef69c3dcf0, 0x000001ef69c3f0a0,
0x000001ef69c3cfd0, 0x000001ef69c3ea10, 0x000001ef69c3c2b0, 0x000001ef69c3d660,
0x000001ef69b8a860, 0x000001ef69b89b40, 0x000001ef69b8a1d0, 0x000001ef69b8aef0,
0x000001ef69b88100, 0x000001ef69b8bc10, 0x000001ef699cd340, 0x000001ef6d087940,
0x000001ef6d088660, 0x000001ef6d08a730, 0x000001ef6d088cf0, 0x000001ef76f38d30,
0x000001ef76f386a0, 0x000001ef76f35f40, 0x000001ef76f39a50, 0x000001ef76f36c60
}

Java Threads: ( => current thread )
  0x000001ef44008770 JavaThread "main"                              [_thread_blocked, id=28280, stack(0x00000043ae800000,0x00000043ae900000) (1024K)]
  0x000001ef637904a0 JavaThread "Reference Handler"          daemon [_thread_blocked, id=17204, stack(0x00000043aec00000,0x00000043aed00000) (1024K)]
  0x000001ef63793890 JavaThread "Finalizer"                  daemon [_thread_blocked, id=30276, stack(0x00000043aed00000,0x00000043aee00000) (1024K)]
  0x000001ef63797400 JavaThread "Signal Dispatcher"          daemon [_thread_blocked, id=31188, stack(0x00000043aee00000,0x00000043aef00000) (1024K)]
  0x000001ef63798060 JavaThread "Attach Listener"            daemon [_thread_blocked, id=5856, stack(0x00000043aef00000,0x00000043af000000) (1024K)]
  0x000001ef6379d690 JavaThread "Service Thread"             daemon [_thread_blocked, id=18460, stack(0x00000043af000000,0x00000043af100000) (1024K)]
  0x000001ef637a5200 JavaThread "Monitor Deflation Thread"   daemon [_thread_blocked, id=6540, stack(0x00000043af100000,0x00000043af200000) (1024K)]
=>0x000001ef637c6f40 JavaThread "C2 CompilerThread0"         daemon [_thread_in_native, id=6572, stack(0x00000043af200000,0x00000043af300000) (1024K)]
  0x000001ef637cb250 JavaThread "C1 CompilerThread0"         daemon [_thread_blocked, id=6576, stack(0x00000043af300000,0x00000043af400000) (1024K)]
  0x000001ef63a7d2b0 JavaThread "Common-Cleaner"             daemon [_thread_blocked, id=7844, stack(0x00000043af500000,0x00000043af600000) (1024K)]
  0x000001ef63a9aff0 JavaThread "Notification Thread"        daemon [_thread_blocked, id=8156, stack(0x00000043af600000,0x00000043af700000) (1024K)]
  0x000001ef68667410 JavaThread "Active Thread: Equinox Container: c601eb73-9249-4c12-9bb5-362f0e8cd6f4"        [_thread_blocked, id=8856, stack(0x00000043afe00000,0x00000043aff00000) (1024K)]
  0x000001ef6886a230 JavaThread "Refresh Thread: Equinox Container: c601eb73-9249-4c12-9bb5-362f0e8cd6f4" daemon [_thread_blocked, id=16120, stack(0x00000043b0000000,0x00000043b0100000) (1024K)]
  0x000001ef689f3be0 JavaThread "Framework Event Dispatcher: Equinox Container: c601eb73-9249-4c12-9bb5-362f0e8cd6f4" daemon [_thread_blocked, id=5752, stack(0x00000043af400000,0x00000043af500000) (1024K)]
  0x000001ef63995d20 JavaThread "Start Level: Equinox Container: c601eb73-9249-4c12-9bb5-362f0e8cd6f4" daemon [_thread_blocked, id=7884, stack(0x00000043af700000,0x00000043af800000) (1024K)]
  0x000001ef68c1ff60 JavaThread "Bundle File Closer"         daemon [_thread_blocked, id=28384, stack(0x00000043b0500000,0x00000043b0600000) (1024K)]
  0x000001ef6926ee20 JavaThread "SCR Component Actor"        daemon [_thread_blocked, id=7412, stack(0x00000043b0100000,0x00000043b0200000) (1024K)]
  0x000001ef639af350 JavaThread "Worker-JM"                         [_thread_blocked, id=22020, stack(0x00000043b0700000,0x00000043b0800000) (1024K)]
  0x000001ef68d1a0a0 JavaThread "JNA Cleaner"                daemon [_thread_blocked, id=27480, stack(0x00000043b0800000,0x00000043b0900000) (1024K)]
  0x000001ef68d1adc0 JavaThread "Worker-0"                          [_thread_blocked, id=26436, stack(0x00000043b0900000,0x00000043b0a00000) (1024K)]
  0x000001ef68d1a730 JavaThread "Worker-3"                          [_thread_blocked, id=25848, stack(0x00000043b0c00000,0x00000043b0d00000) (1024K)]
  0x000001ef68d18cf0 JavaThread "Java indexing"              daemon [_thread_blocked, id=18944, stack(0x00000043b0d00000,0x00000043b0e00000) (1024K)]
  0x000001ef68d19a10 JavaThread "Thread-1"                   daemon [_thread_in_native, id=24076, stack(0x00000043b1300000,0x00000043b1400000) (1024K)]
  0x000001ef69c3c940 JavaThread "Thread-2"                   daemon [_thread_in_native, id=20920, stack(0x00000043b1400000,0x00000043b1500000) (1024K)]
  0x000001ef69c3e380 JavaThread "Thread-3"                   daemon [_thread_in_native, id=29604, stack(0x00000043b1500000,0x00000043b1600000) (1024K)]
  0x000001ef69c3f730 JavaThread "Thread-4"                   daemon [_thread_in_native, id=11664, stack(0x00000043b1600000,0x00000043b1700000) (1024K)]
  0x000001ef69c3dcf0 JavaThread "Thread-5"                   daemon [_thread_in_native, id=18368, stack(0x00000043b1700000,0x00000043b1800000) (1024K)]
  0x000001ef69c3f0a0 JavaThread "Thread-6"                   daemon [_thread_in_native, id=16564, stack(0x00000043b1800000,0x00000043b1900000) (1024K)]
  0x000001ef69c3cfd0 JavaThread "Thread-7"                   daemon [_thread_in_native, id=9904, stack(0x00000043b1900000,0x00000043b1a00000) (1024K)]
  0x000001ef69c3ea10 JavaThread "Thread-8"                   daemon [_thread_in_native, id=23868, stack(0x00000043b1a00000,0x00000043b1b00000) (1024K)]
  0x000001ef69c3c2b0 JavaThread "Thread-9"                   daemon [_thread_in_native, id=31436, stack(0x00000043b1b00000,0x00000043b1c00000) (1024K)]
  0x000001ef69c3d660 JavaThread "Thread-10"                  daemon [_thread_in_native, id=12560, stack(0x00000043b1c00000,0x00000043b1d00000) (1024K)]
  0x000001ef69b8a860 JavaThread "Thread-11"                  daemon [_thread_in_native, id=24220, stack(0x00000043b1d00000,0x00000043b1e00000) (1024K)]
  0x000001ef69b89b40 JavaThread "Thread-12"                  daemon [_thread_in_native, id=22560, stack(0x00000043b1e00000,0x00000043b1f00000) (1024K)]
  0x000001ef69b8a1d0 JavaThread "Thread-13"                  daemon [_thread_in_native, id=13932, stack(0x00000043b1f00000,0x00000043b2000000) (1024K)]
  0x000001ef69b8aef0 JavaThread "pool-2-thread-1"                   [_thread_blocked, id=1892, stack(0x00000043b2000000,0x00000043b2100000) (1024K)]
  0x000001ef69b88100 JavaThread "WorkspaceEventsHandler"            [_thread_blocked, id=17960, stack(0x00000043b2100000,0x00000043b2200000) (1024K)]
  0x000001ef69b8bc10 JavaThread "pool-1-thread-1"                   [_thread_blocked, id=31524, stack(0x00000043b2200000,0x00000043b2300000) (1024K)]
  0x000001ef699cd340 JavaThread "Timer-0"                           [_thread_blocked, id=23684, stack(0x00000043b3c00000,0x00000043b3d00000) (1024K)]
  0x000001ef6d087940 JavaThread "PatternSearchJob-worker-1"  daemon [_thread_blocked, id=1940, stack(0x00000043b5200000,0x00000043b5300000) (1024K)]
  0x000001ef6d088660 JavaThread "PatternSearchJob-worker-3"  daemon [_thread_blocked, id=18568, stack(0x00000043b5400000,0x00000043b5500000) (1024K)]
  0x000001ef6d08a730 JavaThread "PatternSearchJob-worker-4"  daemon [_thread_blocked, id=27136, stack(0x00000043b5500000,0x00000043b5600000) (1024K)]
  0x000001ef6d088cf0 JavaThread "PatternSearchJob-worker-5"  daemon [_thread_blocked, id=28896, stack(0x00000043b5600000,0x00000043b5700000) (1024K)]
  0x000001ef76f38d30 JavaThread "PatternSearchJob-worker-7"  daemon [_thread_blocked, id=8300, stack(0x00000043b5800000,0x00000043b5900000) (1024K)]
  0x000001ef76f386a0 JavaThread "PatternSearchJob-worker-8"  daemon [_thread_blocked, id=30028, stack(0x00000043b5900000,0x00000043b5a00000) (1024K)]
  0x000001ef76f35f40 JavaThread "PatternSearchJob-worker-9"  daemon [_thread_blocked, id=16644, stack(0x00000043b5a00000,0x00000043b5b00000) (1024K)]
  0x000001ef76f39a50 JavaThread "PatternSearchJob-worker-10" daemon [_thread_blocked, id=24724, stack(0x00000043b5b00000,0x00000043b5c00000) (1024K)]
  0x000001ef76f36c60 JavaThread "PatternSearchJob-worker-11" daemon [_thread_blocked, id=28432, stack(0x00000043b5c00000,0x00000043b5d00000) (1024K)]
Total: 48

Other Threads:
  0x000001ef4643ea60 VMThread "VM Thread"                           [id=6348, stack(0x00000043aeb00000,0x00000043aec00000) (1024K)]
  0x000001ef6166ca00 WatcherThread "VM Periodic Task Thread"        [id=26884, stack(0x00000043aea00000,0x00000043aeb00000) (1024K)]
  0x000001ef4639a970 WorkerThread "GC Thread#0"                     [id=25408, stack(0x00000043ae900000,0x00000043aea00000) (1024K)]
  0x000001ef68907030 WorkerThread "GC Thread#1"                     [id=4924, stack(0x00000043af800000,0x00000043af900000) (1024K)]
  0x000001ef689075f0 WorkerThread "GC Thread#2"                     [id=5140, stack(0x00000043af900000,0x00000043afa00000) (1024K)]
  0x000001ef689079a0 WorkerThread "GC Thread#3"                     [id=5892, stack(0x00000043afa00000,0x00000043afb00000) (1024K)]
  0x000001ef63b1c1d0 WorkerThread "GC Thread#4"                     [id=3108, stack(0x00000043afb00000,0x00000043afc00000) (1024K)]
  0x000001ef63b1c580 WorkerThread "GC Thread#5"                     [id=4920, stack(0x00000043afc00000,0x00000043afd00000) (1024K)]
  0x000001ef63b1c930 WorkerThread "GC Thread#6"                     [id=5192, stack(0x00000043afd00000,0x00000043afe00000) (1024K)]
  0x000001ef687cd780 WorkerThread "GC Thread#7"                     [id=16128, stack(0x00000043aff00000,0x00000043b0000000) (1024K)]
  0x000001ef68c222a0 WorkerThread "GC Thread#8"                     [id=19236, stack(0x00000043b0300000,0x00000043b0400000) (1024K)]
  0x000001ef68c22650 WorkerThread "GC Thread#9"                     [id=30520, stack(0x00000043b0400000,0x00000043b0500000) (1024K)]
Total: 12

Threads with active compile tasks:
C2 CompilerThread0  957575 23512       4       org.eclipse.core.internal.content.ContentTypeCatalog::selectMatchingByName (85 bytes)
Total: 1

VM state: not at safepoint (normal execution)

VM Mutex/Monitor currently owned by a thread: None

Heap address: 0x0000000700000000, size: 4096 MB, Compressed Oops mode: Zero based, Oop shift amount: 3

CDS archive(s) mapped at: [0x000001ef00000000-0x000001ef00ba0000-0x000001ef00ba0000), size 12189696, SharedBaseAddress: 0x000001ef00000000, ArchiveRelocationMode: 1.
Compressed class space mapped at: 0x000001ef01000000-0x000001ef41000000, reserved size: 1073741824
Narrow klass base: 0x000001ef00000000, Narrow klass shift: 0, Narrow klass range: 0x100000000

GC Precious Log:
 CardTable entry size: 512
 CPUs: 12 total, 12 available
 Memory: 16068M
 Large Page Support: Disabled
 NUMA Support: Disabled
 Compressed Oops: Enabled (Zero based)
 Alignments: Space 512K, Generation 512K, Heap 2M
 Heap Min Capacity: 100M
 Heap Initial Capacity: 100M
 Heap Max Capacity: 4G
 Pre-touch: Disabled
 Parallel Workers: 10

Heap:
 PSYoungGen      total 2560K, used 1381K [0x00000007aab00000, 0x00000007aae80000, 0x0000000800000000)
  eden space 1536K, 31% used [0x00000007aab00000,0x00000007aab79830,0x00000007aac80000)
  from space 1024K, 87% used [0x00000007aad80000,0x00000007aae5fc40,0x00000007aae80000)
  to   space 1024K, 0% used [0x00000007aac80000,0x00000007aac80000,0x00000007aad80000)
 ParOldGen       total 264704K, used 264206K [0x0000000700000000, 0x0000000710280000, 0x00000007aab00000)
  object space 264704K, 99% used [0x0000000700000000,0x0000000710203b70,0x0000000710280000)
 Metaspace       used 82920K, committed 84608K, reserved 1179648K
  class space    used 8887K, committed 9664K, reserved 1048576K

Card table byte_map: [0x000001ef58580000,0x000001ef58d90000] _byte_map_base: 0x000001ef54d80000

Marking Bits: (ParMarkBitMap*) 0x00007ffdf8fb4460
 Begin Bits: [0x000001ef58d90000, 0x000001ef5cd90000)
 End Bits:   [0x000001ef5cd90000, 0x000001ef60d90000)

Polling page: 0x000001ef44300000

Metaspace:

Usage:
  Non-class:     72.30 MB used.
      Class:      8.68 MB used.
       Both:     80.98 MB used.

Virtual space:
  Non-class space:      128.00 MB reserved,      73.19 MB ( 57%) committed,  2 nodes.
      Class space:        1.00 GB reserved,       9.44 MB ( <1%) committed,  1 nodes.
             Both:        1.12 GB reserved,      82.62 MB (  7%) committed. 

Chunk freelists:
   Non-Class:  6.67 MB
       Class:  6.41 MB
        Both:  13.08 MB

MaxMetaspaceSize: unlimited
CompressedClassSpaceSize: 1.00 GB
Initial GC threshold: 21.00 MB
Current GC threshold: 137.62 MB
CDS: on
 - commit_granule_bytes: 65536.
 - commit_granule_words: 8192.
 - virtual_space_node_default_size: 8388608.
 - enlarge_chunks_in_place: 1.
 - use_allocation_guard: 0.


Internal statistics:

num_allocs_failed_limit: 17.
num_arena_births: 1600.
num_arena_deaths: 44.
num_vsnodes_births: 3.
num_vsnodes_deaths: 0.
num_space_committed: 1322.
num_space_uncommitted: 0.
num_chunks_returned_to_freelist: 71.
num_chunks_taken_from_freelist: 5393.
num_chunk_merges: 18.
num_chunk_splits: 3331.
num_chunks_enlarged: 1937.
num_inconsistent_stats: 0.

CodeHeap 'non-profiled nmethods': size=120000Kb used=18834Kb max_used=29301Kb free=101165Kb
 bounds [0x000001ef51050000, 0x000001ef52cf0000, 0x000001ef58580000]
CodeHeap 'profiled nmethods': size=120000Kb used=26385Kb max_used=50497Kb free=93615Kb
 bounds [0x000001ef49580000, 0x000001ef4c710000, 0x000001ef50ab0000]
CodeHeap 'non-nmethods': size=5760Kb used=1494Kb max_used=1601Kb free=4265Kb
 bounds [0x000001ef50ab0000, 0x000001ef50d20000, 0x000001ef51050000]
CodeCache: size=245760Kb, used=46713Kb, max_used=81399Kb, free=199045Kb
 total_blobs=13751, nmethods=12946, adapters=707, full_count=0
Compilation: enabled, stopped_count=0, restarted_count=0

Compilation events (20 events):
Event: 956.370 Thread 0x000001ef637cb250 23519       3       org.eclipse.core.internal.content.ContentTypeCatalog::getDescriptionFor (13 bytes)
Event: 956.370 Thread 0x000001ef637cb250 nmethod 23519 0x000001ef49616610 code [0x000001ef496167e0, 0x000001ef49616a60]
Event: 956.370 Thread 0x000001ef637cb250 23520       3       org.eclipse.core.internal.content.ContentTypeManager::readBuffer (12 bytes)
Event: 956.370 Thread 0x000001ef637cb250 nmethod 23520 0x000001ef495d8390 code [0x000001ef495d8540, 0x000001ef495d86d8]
Event: 956.370 Thread 0x000001ef637cb250 23521       3       org.eclipse.core.internal.content.LazyInputStream::<init> (33 bytes)
Event: 956.371 Thread 0x000001ef637cb250 nmethod 23521 0x000001ef4963cc10 code [0x000001ef4963cdc0, 0x000001ef4963d078]
Event: 956.371 Thread 0x000001ef637cb250 23522       3       org.eclipse.core.internal.content.ContentTypeCatalog::getDescriptionFor (75 bytes)
Event: 956.372 Thread 0x000001ef637cb250 nmethod 23522 0x000001ef495e3410 code [0x000001ef495e3620, 0x000001ef495e3c10]
Event: 956.390 Thread 0x000001ef637cb250 23523       3       org.eclipse.jdt.internal.core.search.JavaSearchDocument::getFile (40 bytes)
Event: 956.390 Thread 0x000001ef637cb250 nmethod 23523 0x000001ef49609590 code [0x000001ef496097a0, 0x000001ef49609e78]
Event: 956.392 Thread 0x000001ef637cb250 23524       3       org.eclipse.jdt.internal.core.search.indexing.SourceIndexerRequestor::enterClass (217 bytes)
Event: 956.393 Thread 0x000001ef637cb250 nmethod 23524 0x000001ef495cc410 code [0x000001ef495cc680, 0x000001ef495cd268]
Event: 956.393 Thread 0x000001ef637cb250 23526       3       org.eclipse.jdt.internal.core.search.indexing.SourceIndexerRequestor::addDefaultConstructorIfNecessary (328 bytes)
Event: 956.395 Thread 0x000001ef637cb250 nmethod 23526 0x000001ef49761310 code [0x000001ef49761600, 0x000001ef49762f10]
Event: 956.395 Thread 0x000001ef637cb250 23525       3       org.eclipse.jdt.internal.core.search.indexing.SourceIndexerRequestor::enclosingTypeNames (33 bytes)
Event: 956.396 Thread 0x000001ef637cb250 nmethod 23525 0x000001ef49661610 code [0x000001ef496617c0, 0x000001ef49661a88]
Event: 956.396 Thread 0x000001ef637cb250 23527       3       org.eclipse.jdt.internal.core.search.indexing.SourceIndexerRequestor::pushTypeName (57 bytes)
Event: 956.396 Thread 0x000001ef637cb250 nmethod 23527 0x000001ef496b1210 code [0x000001ef496b13e0, 0x000001ef496b1820]
Event: 956.396 Thread 0x000001ef637cb250 23528       3       org.eclipse.jdt.internal.core.search.indexing.SourceIndexerRequestor::popTypeName (37 bytes)
Event: 956.396 Thread 0x000001ef637cb250 nmethod 23528 0x000001ef49608910 code [0x000001ef49608ae0, 0x000001ef49608eb8]

GC Heap History (20 events):
Event: 956.330 GC heap after
{Heap after GC invocations=3363 (full 7):
 PSYoungGen      total 2048K, used 428K [0x00000007aab00000, 0x00000007aad80000, 0x0000000800000000)
  eden space 1024K, 0% used [0x00000007aab00000,0x00000007aab00000,0x00000007aac00000)
  from space 1024K, 41% used [0x00000007aac00000,0x00000007aac6b128,0x00000007aad00000)
  to   space 512K, 0% used [0x00000007aad00000,0x00000007aad00000,0x00000007aad80000)
 ParOldGen       total 261632K, used 261406K [0x0000000700000000, 0x000000070ff80000, 0x00000007aab00000)
  object space 261632K, 99% used [0x0000000700000000,0x000000070ff47b40,0x000000070ff80000)
 Metaspace       used 82910K, committed 84544K, reserved 1179648K
  class space    used 8887K, committed 9664K, reserved 1048576K
}
Event: 956.354 GC heap before
{Heap before GC invocations=3364 (full 7):
 PSYoungGen      total 2048K, used 1452K [0x00000007aab00000, 0x00000007aad80000, 0x0000000800000000)
  eden space 1024K, 100% used [0x00000007aab00000,0x00000007aac00000,0x00000007aac00000)
  from space 1024K, 41% used [0x00000007aac00000,0x00000007aac6b128,0x00000007aad00000)
  to   space 512K, 0% used [0x00000007aad00000,0x00000007aad00000,0x00000007aad80000)
 ParOldGen       total 261632K, used 261406K [0x0000000700000000, 0x000000070ff80000, 0x00000007aab00000)
  object space 261632K, 99% used [0x0000000700000000,0x000000070ff47b40,0x000000070ff80000)
 Metaspace       used 82910K, committed 84544K, reserved 1179648K
  class space    used 8887K, committed 9664K, reserved 1048576K
}
Event: 956.355 GC heap after
{Heap after GC invocations=3364 (full 7):
 PSYoungGen      total 1536K, used 384K [0x00000007aab00000, 0x00000007aad80000, 0x0000000800000000)
  eden space 1024K, 0% used [0x00000007aab00000,0x00000007aab00000,0x00000007aac00000)
  from space 512K, 75% used [0x00000007aad00000,0x00000007aad60000,0x00000007aad80000)
  to   space 512K, 0% used [0x00000007aac80000,0x00000007aac80000,0x00000007aad00000)
 ParOldGen       total 261632K, used 261569K [0x0000000700000000, 0x000000070ff80000, 0x00000007aab00000)
  object space 261632K, 99% used [0x0000000700000000,0x000000070ff70748,0x000000070ff80000)
 Metaspace       used 82910K, committed 84544K, reserved 1179648K
  class space    used 8887K, committed 9664K, reserved 1048576K
}
Event: 956.417 GC heap before
{Heap before GC invocations=3365 (full 7):
 PSYoungGen      total 1536K, used 1371K [0x00000007aab00000, 0x00000007aad80000, 0x0000000800000000)
  eden space 1024K, 96% used [0x00000007aab00000,0x00000007aabf6fa0,0x00000007aac00000)
  from space 512K, 75% used [0x00000007aad00000,0x00000007aad60000,0x00000007aad80000)
  to   space 512K, 0% used [0x00000007aac80000,0x00000007aac80000,0x00000007aad00000)
 ParOldGen       total 261632K, used 261569K [0x0000000700000000, 0x000000070ff80000, 0x00000007aab00000)
  object space 261632K, 99% used [0x0000000700000000,0x000000070ff70748,0x000000070ff80000)
 Metaspace       used 82920K, committed 84608K, reserved 1179648K
  class space    used 8887K, committed 9664K, reserved 1048576K
}
Event: 956.419 GC heap after
{Heap after GC invocations=3365 (full 7):
 PSYoungGen      total 1536K, used 288K [0x00000007aab00000, 0x00000007aad80000, 0x0000000800000000)
  eden space 1024K, 0% used [0x00000007aab00000,0x00000007aab00000,0x00000007aac00000)
  from space 512K, 56% used [0x00000007aac80000,0x00000007aacc8000,0x00000007aad00000)
  to   space 512K, 0% used [0x00000007aad00000,0x00000007aad00000,0x00000007aad80000)
 ParOldGen       total 262144K, used 261729K [0x0000000700000000, 0x0000000710000000, 0x00000007aab00000)
  object space 262144K, 99% used [0x0000000700000000,0x000000070ff98748,0x0000000710000000)
 Metaspace       used 82920K, committed 84608K, reserved 1179648K
  class space    used 8887K, committed 9664K, reserved 1048576K
}
Event: 956.426 GC heap before
{Heap before GC invocations=3366 (full 7):
 PSYoungGen      total 1536K, used 1312K [0x00000007aab00000, 0x00000007aad80000, 0x0000000800000000)
  eden space 1024K, 100% used [0x00000007aab00000,0x00000007aac00000,0x00000007aac00000)
  from space 512K, 56% used [0x00000007aac80000,0x00000007aacc8000,0x00000007aad00000)
  to   space 512K, 0% used [0x00000007aad00000,0x00000007aad00000,0x00000007aad80000)
 ParOldGen       total 262144K, used 261729K [0x0000000700000000, 0x0000000710000000, 0x00000007aab00000)
  object space 262144K, 99% used [0x0000000700000000,0x000000070ff98748,0x0000000710000000)
 Metaspace       used 82920K, committed 84608K, reserved 1179648K
  class space    used 8887K, committed 9664K, reserved 1048576K
}
Event: 956.428 GC heap after
{Heap after GC invocations=3366 (full 7):
 PSYoungGen      total 1536K, used 506K [0x00000007aab00000, 0x00000007aae00000, 0x0000000800000000)
  eden space 1024K, 0% used [0x00000007aab00000,0x00000007aab00000,0x00000007aac00000)
  from space 512K, 99% used [0x00000007aad00000,0x00000007aad7ebf8,0x00000007aad80000)
  to   space 1024K, 0% used [0x00000007aac00000,0x00000007aac00000,0x00000007aad00000)
 ParOldGen       total 262144K, used 262025K [0x0000000700000000, 0x0000000710000000, 0x00000007aab00000)
  object space 262144K, 99% used [0x0000000700000000,0x000000070ffe2748,0x0000000710000000)
 Metaspace       used 82920K, committed 84608K, reserved 1179648K
  class space    used 8887K, committed 9664K, reserved 1048576K
}
Event: 956.438 GC heap before
{Heap before GC invocations=3367 (full 7):
 PSYoungGen      total 1536K, used 1530K [0x00000007aab00000, 0x00000007aae00000, 0x0000000800000000)
  eden space 1024K, 100% used [0x00000007aab00000,0x00000007aac00000,0x00000007aac00000)
  from space 512K, 99% used [0x00000007aad00000,0x00000007aad7ebf8,0x00000007aad80000)
  to   space 1024K, 0% used [0x00000007aac00000,0x00000007aac00000,0x00000007aad00000)
 ParOldGen       total 262144K, used 262025K [0x0000000700000000, 0x0000000710000000, 0x00000007aab00000)
  object space 262144K, 99% used [0x0000000700000000,0x000000070ffe2748,0x0000000710000000)
 Metaspace       used 82920K, committed 84608K, reserved 1179648K
  class space    used 8887K, committed 9664K, reserved 1048576K
}
Event: 956.440 GC heap after
{Heap after GC invocations=3367 (full 7):
 PSYoungGen      total 2048K, used 544K [0x00000007aab00000, 0x00000007aae00000, 0x0000000800000000)
  eden space 1024K, 0% used [0x00000007aab00000,0x00000007aab00000,0x00000007aac00000)
  from space 1024K, 53% used [0x00000007aac00000,0x00000007aac883f8,0x00000007aad00000)
  to   space 1024K, 0% used [0x00000007aad00000,0x00000007aad00000,0x00000007aae00000)
 ParOldGen       total 262656K, used 262545K [0x0000000700000000, 0x0000000710080000, 0x00000007aab00000)
  object space 262656K, 99% used [0x0000000700000000,0x00000007100647b8,0x0000000710080000)
 Metaspace       used 82920K, committed 84608K, reserved 1179648K
  class space    used 8887K, committed 9664K, reserved 1048576K
}
Event: 956.453 GC heap before
{Heap before GC invocations=3368 (full 7):
 PSYoungGen      total 2048K, used 1568K [0x00000007aab00000, 0x00000007aae00000, 0x0000000800000000)
  eden space 1024K, 99% used [0x00000007aab00000,0x00000007aabfffe8,0x00000007aac00000)
  from space 1024K, 53% used [0x00000007aac00000,0x00000007aac883f8,0x00000007aad00000)
  to   space 1024K, 0% used [0x00000007aad00000,0x00000007aad00000,0x00000007aae00000)
 ParOldGen       total 262656K, used 262545K [0x0000000700000000, 0x0000000710080000, 0x00000007aab00000)
  object space 262656K, 99% used [0x0000000700000000,0x00000007100647b8,0x0000000710080000)
 Metaspace       used 82920K, committed 84608K, reserved 1179648K
  class space    used 8887K, committed 9664K, reserved 1048576K
}
Event: 956.454 GC heap after
{Heap after GC invocations=3368 (full 7):
 PSYoungGen      total 2048K, used 473K [0x00000007aab00000, 0x00000007aae00000, 0x0000000800000000)
  eden space 1024K, 0% used [0x00000007aab00000,0x00000007aab00000,0x00000007aac00000)
  from space 1024K, 46% used [0x00000007aad00000,0x00000007aad76620,0x00000007aae00000)
  to   space 1024K, 0% used [0x00000007aac00000,0x00000007aac00000,0x00000007aad00000)
 ParOldGen       total 263168K, used 262759K [0x0000000700000000, 0x0000000710100000, 0x00000007aab00000)
  object space 263168K, 99% used [0x0000000700000000,0x0000000710099dc0,0x0000000710100000)
 Metaspace       used 82920K, committed 84608K, reserved 1179648K
  class space    used 8887K, committed 9664K, reserved 1048576K
}
Event: 956.463 GC heap before
{Heap before GC invocations=3369 (full 7):
 PSYoungGen      total 2048K, used 1497K [0x00000007aab00000, 0x00000007aae00000, 0x0000000800000000)
  eden space 1024K, 100% used [0x00000007aab00000,0x00000007aac00000,0x00000007aac00000)
  from space 1024K, 46% used [0x00000007aad00000,0x00000007aad76620,0x00000007aae00000)
  to   space 1024K, 0% used [0x00000007aac00000,0x00000007aac00000,0x00000007aad00000)
 ParOldGen       total 263168K, used 262759K [0x0000000700000000, 0x0000000710100000, 0x00000007aab00000)
  object space 263168K, 99% used [0x0000000700000000,0x0000000710099dc0,0x0000000710100000)
 Metaspace       used 82920K, committed 84608K, reserved 1179648K
  class space    used 8887K, committed 9664K, reserved 1048576K
}
Event: 956.464 GC heap after
{Heap after GC invocations=3369 (full 7):
 PSYoungGen      total 2048K, used 890K [0x00000007aab00000, 0x00000007aae00000, 0x0000000800000000)
  eden space 1024K, 0% used [0x00000007aab00000,0x00000007aab00000,0x00000007aac00000)
  from space 1024K, 86% used [0x00000007aac00000,0x00000007aacdeaf8,0x00000007aad00000)
  to   space 1024K, 0% used [0x00000007aad00000,0x00000007aad00000,0x00000007aae00000)
 ParOldGen       total 263168K, used 262879K [0x0000000700000000, 0x0000000710100000, 0x00000007aab00000)
  object space 263168K, 99% used [0x0000000700000000,0x00000007100b7dc0,0x0000000710100000)
 Metaspace       used 82920K, committed 84608K, reserved 1179648K
  class space    used 8887K, committed 9664K, reserved 1048576K
}
Event: 956.474 GC heap before
{Heap before GC invocations=3370 (full 7):
 PSYoungGen      total 2048K, used 1914K [0x00000007aab00000, 0x00000007aae00000, 0x0000000800000000)
  eden space 1024K, 100% used [0x00000007aab00000,0x00000007aac00000,0x00000007aac00000)
  from space 1024K, 86% used [0x00000007aac00000,0x00000007aacdeaf8,0x00000007aad00000)
  to   space 1024K, 0% used [0x00000007aad00000,0x00000007aad00000,0x00000007aae00000)
 ParOldGen       total 263168K, used 262879K [0x0000000700000000, 0x0000000710100000, 0x00000007aab00000)
  object space 263168K, 99% used [0x0000000700000000,0x00000007100b7dc0,0x0000000710100000)
 Metaspace       used 82920K, committed 84608K, reserved 1179648K
  class space    used 8887K, committed 9664K, reserved 1048576K
}
Event: 956.475 GC heap after
{Heap after GC invocations=3370 (full 7):
 PSYoungGen      total 2048K, used 440K [0x00000007aab00000, 0x00000007aae00000, 0x0000000800000000)
  eden space 1024K, 0% used [0x00000007aab00000,0x00000007aab00000,0x00000007aac00000)
  from space 1024K, 43% used [0x00000007aad00000,0x00000007aad6e2b0,0x00000007aae00000)
  to   space 1024K, 0% used [0x00000007aac00000,0x00000007aac00000,0x00000007aad00000)
 ParOldGen       total 263168K, used 263034K [0x0000000700000000, 0x0000000710100000, 0x00000007aab00000)
  object space 263168K, 99% used [0x0000000700000000,0x00000007100de9c8,0x0000000710100000)
 Metaspace       used 82920K, committed 84608K, reserved 1179648K
  class space    used 8887K, committed 9664K, reserved 1048576K
}
Event: 956.489 GC heap before
{Heap before GC invocations=3371 (full 7):
 PSYoungGen      total 2048K, used 1464K [0x00000007aab00000, 0x00000007aae00000, 0x0000000800000000)
  eden space 1024K, 100% used [0x00000007aab00000,0x00000007aac00000,0x00000007aac00000)
  from space 1024K, 43% used [0x00000007aad00000,0x00000007aad6e2b0,0x00000007aae00000)
  to   space 1024K, 0% used [0x00000007aac00000,0x00000007aac00000,0x00000007aad00000)
 ParOldGen       total 263168K, used 263034K [0x0000000700000000, 0x0000000710100000, 0x00000007aab00000)
  object space 263168K, 99% used [0x0000000700000000,0x00000007100de9c8,0x0000000710100000)
 Metaspace       used 82920K, committed 84608K, reserved 1179648K
  class space    used 8887K, committed 9664K, reserved 1048576K
}
Event: 956.491 GC heap after
{Heap after GC invocations=3371 (full 7):
 PSYoungGen      total 2048K, used 512K [0x00000007aab00000, 0x00000007aae00000, 0x0000000800000000)
  eden space 1024K, 0% used [0x00000007aab00000,0x00000007aab00000,0x00000007aac00000)
  from space 1024K, 50% used [0x00000007aac00000,0x00000007aac80000,0x00000007aad00000)
  to   space 1024K, 0% used [0x00000007aad00000,0x00000007aad00000,0x00000007aae00000)
 ParOldGen       total 263680K, used 263210K [0x0000000700000000, 0x0000000710180000, 0x00000007aab00000)
  object space 263680K, 99% used [0x0000000700000000,0x000000071010a9c8,0x0000000710180000)
 Metaspace       used 82920K, committed 84608K, reserved 1179648K
  class space    used 8887K, committed 9664K, reserved 1048576K
}
Event: 956.501 GC heap before
{Heap before GC invocations=3372 (full 7):
 PSYoungGen      total 2048K, used 1536K [0x00000007aab00000, 0x00000007aae00000, 0x0000000800000000)
  eden space 1024K, 100% used [0x00000007aab00000,0x00000007aac00000,0x00000007aac00000)
  from space 1024K, 50% used [0x00000007aac00000,0x00000007aac80000,0x00000007aad00000)
  to   space 1024K, 0% used [0x00000007aad00000,0x00000007aad00000,0x00000007aae00000)
 ParOldGen       total 263680K, used 263210K [0x0000000700000000, 0x0000000710180000, 0x00000007aab00000)
  object space 263680K, 99% used [0x0000000700000000,0x000000071010a9c8,0x0000000710180000)
 Metaspace       used 82920K, committed 84608K, reserved 1179648K
  class space    used 8887K, committed 9664K, reserved 1048576K
}
Event: 956.502 GC heap after
{Heap after GC invocations=3372 (full 7):
 PSYoungGen      total 2048K, used 862K [0x00000007aab00000, 0x00000007aae00000, 0x0000000800000000)
  eden space 1024K, 0% used [0x00000007aab00000,0x00000007aab00000,0x00000007aac00000)
  from space 1024K, 84% used [0x00000007aad00000,0x00000007aadd7900,0x00000007aae00000)
  to   space 1024K, 0% used [0x00000007aac00000,0x00000007aac00000,0x00000007aad00000)
 ParOldGen       total 263680K, used 263486K [0x0000000700000000, 0x0000000710180000, 0x00000007aab00000)
  object space 263680K, 99% used [0x0000000700000000,0x000000071014fae8,0x0000000710180000)
 Metaspace       used 82920K, committed 84608K, reserved 1179648K
  class space    used 8887K, committed 9664K, reserved 1048576K
}
Event: 956.509 GC heap before
{Heap before GC invocations=3373 (full 7):
 PSYoungGen      total 2048K, used 1879K [0x00000007aab00000, 0x00000007aae00000, 0x0000000800000000)
  eden space 1024K, 99% used [0x00000007aab00000,0x00000007aabfe4d0,0x00000007aac00000)
  from space 1024K, 84% used [0x00000007aad00000,0x00000007aadd7900,0x00000007aae00000)
  to   space 1024K, 0% used [0x00000007aac00000,0x00000007aac00000,0x00000007aad00000)
 ParOldGen       total 263680K, used 263486K [0x0000000700000000, 0x0000000710180000, 0x00000007aab00000)
  object space 263680K, 99% used [0x0000000700000000,0x000000071014fae8,0x0000000710180000)
 Metaspace       used 82920K, committed 84608K, reserved 1179648K
  class space    used 8887K, committed 9664K, reserved 1048576K
}

Dll operation events (15 events):
Event: 0.033 Loaded shared library c:\Users\zakar\.vscode\extensions\redhat.java-1.55.0-win32-x64\jre\21.0.11-win32-x86_64\bin\java.dll
Event: 0.169 Loaded shared library c:\Users\zakar\.vscode\extensions\redhat.java-1.55.0-win32-x64\jre\21.0.11-win32-x86_64\bin\zip.dll
Event: 0.201 Loaded shared library C:\Users\zakar\.vscode\extensions\redhat.java-1.55.0-win32-x64\jre\21.0.11-win32-x86_64\bin\instrument.dll
Event: 0.211 Loaded shared library C:\Users\zakar\.vscode\extensions\redhat.java-1.55.0-win32-x64\jre\21.0.11-win32-x86_64\bin\net.dll
Event: 0.216 Loaded shared library C:\Users\zakar\.vscode\extensions\redhat.java-1.55.0-win32-x64\jre\21.0.11-win32-x86_64\bin\nio.dll
Event: 0.222 Loaded shared library C:\Users\zakar\.vscode\extensions\redhat.java-1.55.0-win32-x64\jre\21.0.11-win32-x86_64\bin\zip.dll
Event: 0.259 Loaded shared library C:\Users\zakar\.vscode\extensions\redhat.java-1.55.0-win32-x64\jre\21.0.11-win32-x86_64\bin\jimage.dll
Event: 0.383 Loaded shared library c:\Users\zakar\.vscode\extensions\redhat.java-1.55.0-win32-x64\jre\21.0.11-win32-x86_64\bin\verify.dll
Event: 2.307 Loaded shared library C:\Users\zakar\AppData\Roaming\Code\User\globalStorage\redhat.java\1.55.0\config_win\org.eclipse.equinox.launcher\org.eclipse.equinox.launcher.win32.win32.x86_64_1.3.100.v20260613-0559\eclipse_11924.dll
Event: 6.797 Loaded shared library C:\Users\zakar\AppData\Local\Temp\jna-115665237\jna1990327417027510051.dll
Event: 103.969 Loaded shared library C:\Users\zakar\.gradle\native\c067742578af261105cb4f569cf0c3c89f3d7b1fecec35dd04571415982c5e48\windows-amd64\native-platform.dll
Event: 106.619 Loaded shared library C:\Users\zakar\.vscode\extensions\redhat.java-1.55.0-win32-x64\jre\21.0.11-win32-x86_64\bin\management.dll
Event: 106.627 Loaded shared library C:\Users\zakar\.vscode\extensions\redhat.java-1.55.0-win32-x64\jre\21.0.11-win32-x86_64\bin\management_ext.dll
Event: 107.458 Loaded shared library C:\Users\zakar\.vscode\extensions\redhat.java-1.55.0-win32-x64\jre\21.0.11-win32-x86_64\bin\sunmscapi.dll
Event: 107.724 Loaded shared library C:\Users\zakar\.vscode\extensions\redhat.java-1.55.0-win32-x64\jre\21.0.11-win32-x86_64\bin\extnet.dll

Deoptimization events (20 events):
Event: 956.108 Thread 0x000001ef68d18cf0 DEOPT PACKING pc=0x000001ef5106898c sp=0x00000043b0dfa060
Event: 956.108 Thread 0x000001ef68d18cf0 DEOPT UNPACKING pc=0x000001ef50b03aa2 sp=0x00000043b0df9fe8 mode 2
Event: 956.108 Thread 0x000001ef68d18cf0 Uncommon trap: trap_request=0xffffffd6 fr.pc=0x000001ef5106898c relative=0x000000000000014c
Event: 956.108 Thread 0x000001ef68d18cf0 Uncommon trap: reason=array_check action=maybe_recompile pc=0x000001ef5106898c method=org.eclipse.jdt.internal.compiler.util.SimpleSetOfCharArray.asArray([Ljava/lang/Object;)V @ 54 c2
Event: 956.108 Thread 0x000001ef68d18cf0 DEOPT PACKING pc=0x000001ef5106898c sp=0x00000043b0dfa060
Event: 956.108 Thread 0x000001ef68d18cf0 DEOPT UNPACKING pc=0x000001ef50b03aa2 sp=0x00000043b0df9fe8 mode 2
Event: 956.236 Thread 0x000001ef68d18cf0 Uncommon trap: trap_request=0xffffffbe fr.pc=0x000001ef52091948 relative=0x0000000000000788
Event: 956.236 Thread 0x000001ef68d18cf0 Uncommon trap: reason=profile_predicate action=maybe_recompile pc=0x000001ef52091948 method=lombok.eclipse.handlers.HandleFieldDefaults.visitType(Llombok/eclipse/EclipseNode;Lorg/eclipse/jdt/internal/compiler/ast/TypeDeclaration;)V @ 250 c2
Event: 956.236 Thread 0x000001ef68d18cf0 DEOPT PACKING pc=0x000001ef52091948 sp=0x00000043b0dfc000
Event: 956.236 Thread 0x000001ef68d18cf0 DEOPT UNPACKING pc=0x000001ef50b03aa2 sp=0x00000043b0dfbf70 mode 2
Event: 956.293 Thread 0x000001ef68d18cf0 Uncommon trap: trap_request=0xffffffd6 fr.pc=0x000001ef510d2d40 relative=0x0000000000001820
Event: 956.293 Thread 0x000001ef68d18cf0 Uncommon trap: reason=array_check action=maybe_recompile pc=0x000001ef510d2d40 method=java.util.TimSort.mergeHi(IIII)V @ 657 c2
Event: 956.293 Thread 0x000001ef68d18cf0 DEOPT PACKING pc=0x000001ef510d2d40 sp=0x00000043b0dfea80
Event: 956.293 Thread 0x000001ef68d18cf0 DEOPT UNPACKING pc=0x000001ef50b03aa2 sp=0x00000043b0dfea68 mode 2
Event: 956.298 Thread 0x000001ef68d18cf0 Uncommon trap: trap_request=0xffffff76 fr.pc=0x000001ef510d2bc0 relative=0x00000000000016a0
Event: 956.298 Thread 0x000001ef68d18cf0 Uncommon trap: reason=predicate action=maybe_recompile pc=0x000001ef510d2bc0 method=java.util.TimSort.mergeHi(IIII)V @ 308 c2
Event: 956.298 Thread 0x000001ef68d18cf0 DEOPT PACKING pc=0x000001ef510d2bc0 sp=0x00000043b0dfdf50
Event: 956.298 Thread 0x000001ef68d18cf0 DEOPT UNPACKING pc=0x000001ef50b03aa2 sp=0x00000043b0dfdf40 mode 2
Event: 956.508 Thread 0x000001ef68d18cf0 DEOPT PACKING pc=0x000001ef4c47c418 sp=0x00000043b0dfedb0
Event: 956.508 Thread 0x000001ef68d18cf0 DEOPT UNPACKING pc=0x000001ef50b04242 sp=0x00000043b0dfe280 mode 0

Classes loaded (20 events):
Event: 317.193 Loading class java/util/stream/Nodes$CollectorTask$OfRef
Event: 317.203 Loading class java/util/stream/Nodes$CollectorTask
Event: 317.208 Loading class java/util/stream/Nodes$CollectorTask done
Event: 317.208 Loading class java/util/stream/Nodes$CollectorTask$OfRef done
Event: 317.211 Loading class java/util/function/LongFunction
Event: 317.211 Loading class java/util/function/LongFunction done
Event: 317.211 Loading class java/util/stream/Nodes$ConcNode
Event: 317.211 Loading class java/util/stream/Nodes$AbstractConcNode
Event: 317.212 Loading class java/util/stream/Nodes$AbstractConcNode done
Event: 317.212 Loading class java/util/stream/Nodes$ConcNode done
Event: 317.280 Loading class java/util/stream/Nodes$ToArrayTask$OfRef
Event: 317.281 Loading class java/util/stream/Nodes$ToArrayTask
Event: 317.281 Loading class java/util/stream/Nodes$ToArrayTask done
Event: 317.281 Loading class java/util/stream/Nodes$ToArrayTask$OfRef done
Event: 317.286 Loading class java/io/ObjectOutputStream$BlockDataOutputStream
Event: 317.286 Loading class java/io/ObjectOutputStream$BlockDataOutputStream done
Event: 317.286 Loading class java/io/ObjectOutputStream$HandleTable
Event: 317.286 Loading class java/io/ObjectOutputStream$HandleTable done
Event: 317.286 Loading class java/io/ObjectOutputStream$ReplaceTable
Event: 317.286 Loading class java/io/ObjectOutputStream$ReplaceTable done

Classes unloaded (20 events):
Event: 7.851 Thread 0x000001ef4643ea60 Unloading class 0x000001ef011a4800 'java/lang/invoke/LambdaForm$MH+0x000001ef011a4800'
Event: 7.851 Thread 0x000001ef4643ea60 Unloading class 0x000001ef011a4400 'java/lang/invoke/LambdaForm$MH+0x000001ef011a4400'
Event: 7.851 Thread 0x000001ef4643ea60 Unloading class 0x000001ef011a4000 'java/lang/invoke/LambdaForm$BMH+0x000001ef011a4000'
Event: 7.851 Thread 0x000001ef4643ea60 Unloading class 0x000001ef011a3c00 'java/lang/invoke/LambdaForm$DMH+0x000001ef011a3c00'
Event: 7.851 Thread 0x000001ef4643ea60 Unloading class 0x000001ef011a2800 'java/lang/invoke/LambdaForm$DMH+0x000001ef011a2800'
Event: 10.194 Thread 0x000001ef4643ea60 Unloading class 0x000001ef0132a400 'java/lang/invoke/LambdaForm$MH+0x000001ef0132a400'
Event: 10.194 Thread 0x000001ef4643ea60 Unloading class 0x000001ef01329800 'java/lang/invoke/LambdaForm$MH+0x000001ef01329800'
Event: 10.194 Thread 0x000001ef4643ea60 Unloading class 0x000001ef01329000 'java/lang/invoke/LambdaForm$MH+0x000001ef01329000'
Event: 10.194 Thread 0x000001ef4643ea60 Unloading class 0x000001ef01328800 'java/lang/invoke/LambdaForm$MH+0x000001ef01328800'
Event: 10.194 Thread 0x000001ef4643ea60 Unloading class 0x000001ef01328400 'java/lang/invoke/LambdaForm$DMH+0x000001ef01328400'
Event: 10.194 Thread 0x000001ef4643ea60 Unloading class 0x000001ef01323800 'java/lang/invoke/LambdaForm$MH+0x000001ef01323800'
Event: 10.194 Thread 0x000001ef4643ea60 Unloading class 0x000001ef01320000 'java/lang/invoke/LambdaForm$MH+0x000001ef01320000'
Event: 10.194 Thread 0x000001ef4643ea60 Unloading class 0x000001ef0131f800 'java/lang/invoke/LambdaForm$MH+0x000001ef0131f800'
Event: 10.194 Thread 0x000001ef4643ea60 Unloading class 0x000001ef0131f400 'java/lang/invoke/LambdaForm$MH+0x000001ef0131f400'
Event: 10.194 Thread 0x000001ef4643ea60 Unloading class 0x000001ef0131e800 'java/lang/invoke/LambdaForm$MH+0x000001ef0131e800'
Event: 10.194 Thread 0x000001ef4643ea60 Unloading class 0x000001ef0131e000 'java/lang/invoke/LambdaForm$MH+0x000001ef0131e000'
Event: 10.194 Thread 0x000001ef4643ea60 Unloading class 0x000001ef0131d800 'java/lang/invoke/LambdaForm$MH+0x000001ef0131d800'
Event: 10.194 Thread 0x000001ef4643ea60 Unloading class 0x000001ef0131d000 'java/lang/invoke/LambdaForm$MH+0x000001ef0131d000'
Event: 10.194 Thread 0x000001ef4643ea60 Unloading class 0x000001ef0131c800 'java/lang/invoke/LambdaForm$MH+0x000001ef0131c800'
Event: 10.194 Thread 0x000001ef4643ea60 Unloading class 0x000001ef0131c400 'java/lang/invoke/LambdaForm$DMH+0x000001ef0131c400'

Classes redefined (0 events):
No events

Internal exceptions (20 events):
Event: 774.700 Thread 0x000001ef69b88100 Exception <a 'sun/nio/fs/WindowsException'{0x00000007aab9f8a8}> (0x00000007aab9f8a8) 
thrown [s\src\hotspot\share\prims\jni.cpp, line 520]
Event: 774.701 Thread 0x000001ef69b88100 Exception <a 'sun/nio/fs/WindowsException'{0x00000007aabb39e8}> (0x00000007aabb39e8) 
thrown [s\src\hotspot\share\prims\jni.cpp, line 520]
Event: 774.701 Thread 0x000001ef69b88100 Exception <a 'sun/nio/fs/WindowsException'{0x00000007aabb4398}> (0x00000007aabb4398) 
thrown [s\src\hotspot\share\prims\jni.cpp, line 520]
Event: 774.701 Thread 0x000001ef69b88100 Exception <a 'sun/nio/fs/WindowsException'{0x00000007aabc93f0}> (0x00000007aabc93f0) 
thrown [s\src\hotspot\share\prims\jni.cpp, line 520]
Event: 774.701 Thread 0x000001ef69b88100 Exception <a 'sun/nio/fs/WindowsException'{0x00000007aabc9da0}> (0x00000007aabc9da0) 
thrown [s\src\hotspot\share\prims\jni.cpp, line 520]
Event: 774.702 Thread 0x000001ef69b88100 Exception <a 'sun/nio/fs/WindowsException'{0x00000007aabde130}> (0x00000007aabde130) 
thrown [s\src\hotspot\share\prims\jni.cpp, line 520]
Event: 774.702 Thread 0x000001ef69b88100 Exception <a 'sun/nio/fs/WindowsException'{0x00000007aabdeae0}> (0x00000007aabdeae0) 
thrown [s\src\hotspot\share\prims\jni.cpp, line 520]
Event: 774.703 Thread 0x000001ef69b88100 Exception <a 'sun/nio/fs/WindowsException'{0x00000007aabf2fc0}> (0x00000007aabf2fc0) 
thrown [s\src\hotspot\share\prims\jni.cpp, line 520]
Event: 774.703 Thread 0x000001ef69b88100 Exception <a 'sun/nio/fs/WindowsException'{0x00000007aabf3970}> (0x00000007aabf3970) 
thrown [s\src\hotspot\share\prims\jni.cpp, line 520]
Event: 774.703 Thread 0x000001ef69b88100 Exception <a 'sun/nio/fs/WindowsException'{0x00000007aac082a0}> (0x00000007aac082a0) 
thrown [s\src\hotspot\share\prims\jni.cpp, line 520]
Event: 774.703 Thread 0x000001ef69b88100 Exception <a 'sun/nio/fs/WindowsException'{0x00000007aac08c50}> (0x00000007aac08c50) 
thrown [s\src\hotspot\share\prims\jni.cpp, line 520]
Event: 774.703 Thread 0x000001ef69b88100 Exception <a 'sun/nio/fs/WindowsException'{0x00000007aac1d778}> (0x00000007aac1d778) 
thrown [s\src\hotspot\share\prims\jni.cpp, line 520]
Event: 774.703 Thread 0x000001ef69b88100 Exception <a 'sun/nio/fs/WindowsException'{0x00000007aac1e128}> (0x00000007aac1e128) 
thrown [s\src\hotspot\share\prims\jni.cpp, line 520]
Event: 774.704 Thread 0x000001ef69b88100 Exception <a 'sun/nio/fs/WindowsException'{0x00000007aac329d0}> (0x00000007aac329d0) 
thrown [s\src\hotspot\share\prims\jni.cpp, line 520]
Event: 774.704 Thread 0x000001ef69b88100 Exception <a 'sun/nio/fs/WindowsException'{0x00000007aac33380}> (0x00000007aac33380) 
thrown [s\src\hotspot\share\prims\jni.cpp, line 520]
Event: 919.971 Thread 0x000001ef68d18cf0 Exception <a 'sun/nio/fs/WindowsException'{0x00000007ab99cb68}> (0x00000007ab99cb68) 
thrown [s\src\hotspot\share\prims\jni.cpp, line 520]
Event: 932.851 Thread 0x000001ef68d18cf0 Exception <a 'sun/nio/fs/WindowsException'{0x00000007aab72f58}> (0x00000007aab72f58) 
thrown [s\src\hotspot\share\prims\jni.cpp, line 520]
Event: 950.332 Thread 0x000001ef68d18cf0 Implicit null exception at 0x000001ef51fcecf5 to 0x000001ef51fd0104
Event: 956.321 Thread 0x000001ef68d18cf0 Implicit null exception at 0x000001ef496a9c1f to 0x000001ef496aa1e5
Event: 956.322 Thread 0x000001ef68d18cf0 Exception <a 'java/lang/NullPointerException'{0x00000007aaba0248}> (0x00000007aaba0248) 
thrown [s\src\hotspot\share\runtime\sharedRuntime.cpp, line 625]

ZGC Phase Switch (0 events):
No events

VM Operations (20 events):
Event: 956.330 Executing safepoint VM operation: ParallelGCFailedAllocation (Allocation Failure) done
Event: 956.354 Executing safepoint VM operation: ParallelGCFailedAllocation (Allocation Failure)
Event: 956.355 Executing safepoint VM operation: ParallelGCFailedAllocation (Allocation Failure) done
Event: 956.417 Executing safepoint VM operation: ParallelGCFailedAllocation (Allocation Failure)
Event: 956.419 Executing safepoint VM operation: ParallelGCFailedAllocation (Allocation Failure) done
Event: 956.426 Executing safepoint VM operation: ParallelGCFailedAllocation (Allocation Failure)
Event: 956.428 Executing safepoint VM operation: ParallelGCFailedAllocation (Allocation Failure) done
Event: 956.438 Executing safepoint VM operation: ParallelGCFailedAllocation (Allocation Failure)
Event: 956.440 Executing safepoint VM operation: ParallelGCFailedAllocation (Allocation Failure) done
Event: 956.453 Executing safepoint VM operation: ParallelGCFailedAllocation (Allocation Failure)
Event: 956.454 Executing safepoint VM operation: ParallelGCFailedAllocation (Allocation Failure) done
Event: 956.462 Executing safepoint VM operation: ParallelGCFailedAllocation (Allocation Failure)
Event: 956.464 Executing safepoint VM operation: ParallelGCFailedAllocation (Allocation Failure) done
Event: 956.474 Executing safepoint VM operation: ParallelGCFailedAllocation (Allocation Failure)
Event: 956.475 Executing safepoint VM operation: ParallelGCFailedAllocation (Allocation Failure) done
Event: 956.489 Executing safepoint VM operation: ParallelGCFailedAllocation (Allocation Failure)
Event: 956.491 Executing safepoint VM operation: ParallelGCFailedAllocation (Allocation Failure) done
Event: 956.500 Executing safepoint VM operation: ParallelGCFailedAllocation (Allocation Failure)
Event: 956.502 Executing safepoint VM operation: ParallelGCFailedAllocation (Allocation Failure) done
Event: 956.509 Executing safepoint VM operation: ParallelGCFailedAllocation (Allocation Failure)

Memory protections (0 events):
No events

Nmethod flushes (20 events):
Event: 944.823 Thread 0x000001ef4643ea60 flushing  nmethod 0x000001ef4c6aa090
Event: 944.823 Thread 0x000001ef4643ea60 flushing  nmethod 0x000001ef4c6ac690
Event: 944.823 Thread 0x000001ef4643ea60 flushing  nmethod 0x000001ef4c6aec10
Event: 944.823 Thread 0x000001ef4643ea60 flushing  nmethod 0x000001ef4c6af410
Event: 944.823 Thread 0x000001ef4643ea60 flushing  nmethod 0x000001ef4c6afb90
Event: 944.823 Thread 0x000001ef4643ea60 flushing  nmethod 0x000001ef4c6b0e90
Event: 944.823 Thread 0x000001ef4643ea60 flushing  nmethod 0x000001ef4c6b1f10
Event: 944.823 Thread 0x000001ef4643ea60 flushing  nmethod 0x000001ef4c6b3d90
Event: 944.823 Thread 0x000001ef4643ea60 flushing  nmethod 0x000001ef4c6b6790
Event: 944.823 Thread 0x000001ef4643ea60 flushing  nmethod 0x000001ef4c6b6c10
Event: 944.823 Thread 0x000001ef4643ea60 flushing  nmethod 0x000001ef4c6b8090
Event: 944.823 Thread 0x000001ef4643ea60 flushing  nmethod 0x000001ef4c6b8890
Event: 944.823 Thread 0x000001ef4643ea60 flushing  nmethod 0x000001ef4c6b9c90
Event: 944.823 Thread 0x000001ef4643ea60 flushing  nmethod 0x000001ef4c6bdb10
Event: 944.823 Thread 0x000001ef4643ea60 flushing  nmethod 0x000001ef4c6bdf90
Event: 944.823 Thread 0x000001ef4643ea60 flushing  nmethod 0x000001ef4c6c3a90
Event: 944.823 Thread 0x000001ef4643ea60 flushing  nmethod 0x000001ef4c6ca810
Event: 944.823 Thread 0x000001ef4643ea60 flushing  nmethod 0x000001ef4c6ce110
Event: 944.823 Thread 0x000001ef4643ea60 flushing  nmethod 0x000001ef4c6cf990
Event: 944.823 Thread 0x000001ef4643ea60 flushing  nmethod 0x000001ef4c6d0710

Events (20 events):
Event: 401.348 Thread 0x000001ef6bc3d290 Thread exited: 0x000001ef6bc3d290
Event: 401.824 Thread 0x000001ef6b5b1470 Thread exited: 0x000001ef6b5b1470
Event: 412.904 Thread 0x000001ef6bc38a60 Thread exited: 0x000001ef6bc38a60
Event: 441.104 Thread 0x000001ef6d087fd0 Thread exited: 0x000001ef6d087fd0
Event: 461.297 Thread 0x000001ef6bc376b0 Thread exited: 0x000001ef6bc376b0
Event: 472.913 Thread 0x000001ef69b8d650 Thread exited: 0x000001ef69b8d650
Event: 521.308 Thread 0x000001ef6bc37020 Thread exited: 0x000001ef6bc37020
Event: 532.928 Thread 0x000001ef699cbf90 Thread exited: 0x000001ef699cbf90
Event: 581.319 Thread 0x000001ef6bc37d40 Thread exited: 0x000001ef6bc37d40
Event: 592.935 Thread 0x000001ef69b8c930 Thread exited: 0x000001ef69b8c930
Event: 641.324 Thread 0x000001ef69b8dce0 Thread exited: 0x000001ef69b8dce0
Event: 652.950 Thread 0x000001ef69b8b580 Thread exited: 0x000001ef69b8b580
Event: 701.337 Thread 0x000001ef69b8f090 Thread exited: 0x000001ef69b8f090
Event: 712.952 Thread 0x000001ef69b88790 Thread exited: 0x000001ef69b88790
Event: 741.106 Thread 0x000001ef6d08adc0 Thread exited: 0x000001ef6d08adc0
Event: 761.352 Thread 0x000001ef69b8f720 Thread exited: 0x000001ef69b8f720
Event: 772.965 Thread 0x000001ef699ca550 Thread exited: 0x000001ef699ca550
Event: 774.964 Thread 0x000001ef637c6f40 Thread added: 0x000001ef6bf5e3e0
Event: 780.012 Thread 0x000001ef6bf5e3e0 Thread exited: 0x000001ef6bf5e3e0
Event: 821.360 Thread 0x000001ef6bc36300 Thread exited: 0x000001ef6bc36300


Dynamic libraries:
0x00007ff7b1f20000 - 0x00007ff7b1f2e000 	c:\Users\zakar\.vscode\extensions\redhat.java-1.55.0-win32-x64\jre\21.0.11-win32-x86_64\bin\java.exe
0x00007ffeaa8e0000 - 0x00007ffeaab46000 	C:\windows\SYSTEM32\ntdll.dll
0x00007ffea89f0000 - 0x00007ffea8ab9000 	C:\windows\System32\KERNEL32.DLL
0x00007ffea7c80000 - 0x00007ffea807e000 	C:\windows\System32\KERNELBASE.dll
0x00007ffea82c0000 - 0x00007ffea840c000 	C:\windows\System32\ucrtbase.dll
0x00007ffe845b0000 - 0x00007ffe845c8000 	c:\Users\zakar\.vscode\extensions\redhat.java-1.55.0-win32-x64\jre\21.0.11-win32-x86_64\bin\jli.dll
0x00007ffea8620000 - 0x00007ffea87e7000 	C:\windows\System32\USER32.dll
0x00007ffea7b00000 - 0x00007ffea7b27000 	C:\windows\System32\win32u.dll
0x00007ffe819b0000 - 0x00007ffe819ce000 	c:\Users\zakar\.vscode\extensions\redhat.java-1.55.0-win32-x64\jre\21.0.11-win32-x86_64\bin\VCRUNTIME140.dll
0x00007ffeaa040000 - 0x00007ffeaa06b000 	C:\windows\System32\GDI32.dll
0x00007ffea84e0000 - 0x00007ffea860a000 	C:\windows\System32\gdi32full.dll
0x00007ffea8210000 - 0x00007ffea82b3000 	C:\windows\System32\msvcp_win.dll
0x00007ffe8c490000 - 0x00007ffe8c722000 	C:\windows\WinSxS\amd64_microsoft.windows.common-controls_6595b64144ccf1df_6.0.26100.8875_none_3e0d5d42e32fe9dd\COMCTL32.dll
0x00007ffea8ac0000 - 0x00007ffea8b69000 	C:\windows\System32\msvcrt.dll
0x00007ffeaa280000 - 0x00007ffeaa2b2000 	C:\windows\System32\IMM32.DLL
0x00007ffe9f7a0000 - 0x00007ffe9f7ac000 	c:\Users\zakar\.vscode\extensions\redhat.java-1.55.0-win32-x64\jre\21.0.11-win32-x86_64\bin\vcruntime140_1.dll
0x00007ffe624d0000 - 0x00007ffe6255d000 	c:\Users\zakar\.vscode\extensions\redhat.java-1.55.0-win32-x64\jre\21.0.11-win32-x86_64\bin\msvcp140.dll
0x00007ffdf82f0000 - 0x00007ffdf9092000 	c:\Users\zakar\.vscode\extensions\redhat.java-1.55.0-win32-x64\jre\21.0.11-win32-x86_64\bin\server\jvm.dll
0x00007ffea8b70000 - 0x00007ffea8c27000 	C:\windows\System32\ADVAPI32.dll
0x00007ffeaa750000 - 0x00007ffeaa7fa000 	C:\windows\System32\sechost.dll
0x00007ffeaa0c0000 - 0x00007ffeaa1d8000 	C:\windows\System32\RPCRT4.dll
0x00007ffea97a0000 - 0x00007ffea9820000 	C:\windows\System32\WS2_32.dll
0x00007ffea43c0000 - 0x00007ffea43f6000 	C:\windows\SYSTEM32\WINMM.dll
0x00007ffea7950000 - 0x00007ffea79ae000 	C:\windows\SYSTEM32\POWRPROF.dll
0x00007ffe9be30000 - 0x00007ffe9be3b000 	C:\windows\SYSTEM32\VERSION.dll
0x00007ffea7930000 - 0x00007ffea7944000 	C:\windows\SYSTEM32\UMPDC.dll
0x00007ffea6740000 - 0x00007ffea675b000 	C:\windows\SYSTEM32\kernel.appcore.dll
0x00007ffe9f780000 - 0x00007ffe9f78a000 	c:\Users\zakar\.vscode\extensions\redhat.java-1.55.0-win32-x64\jre\21.0.11-win32-x86_64\bin\jimage.dll
0x00007ffea4fe0000 - 0x00007ffea5222000 	C:\windows\SYSTEM32\DBGHELP.DLL
0x00007ffea9b10000 - 0x00007ffea9e93000 	C:\windows\System32\combase.dll
0x00007ffea9620000 - 0x00007ffea96f9000 	C:\windows\System32\OLEAUT32.dll
0x00007ffea4380000 - 0x00007ffea43bb000 	C:\windows\SYSTEM32\dbgcore.DLL
0x00007ffea7b30000 - 0x00007ffea7bdc000 	C:\windows\System32\bcryptPrimitives.dll
0x00007ffe95f30000 - 0x00007ffe95f3f000 	c:\Users\zakar\.vscode\extensions\redhat.java-1.55.0-win32-x64\jre\21.0.11-win32-x86_64\bin\instrument.dll
0x00007ffe7bc40000 - 0x00007ffe7bc60000 	c:\Users\zakar\.vscode\extensions\redhat.java-1.55.0-win32-x64\jre\21.0.11-win32-x86_64\bin\java.dll
0x00007ffea8e70000 - 0x00007ffea9602000 	C:\windows\System32\SHELL32.dll
0x00007ffea5560000 - 0x00007ffea5df2000 	C:\windows\SYSTEM32\windows.storage.dll
0x00007ffea9a10000 - 0x00007ffea9b07000 	C:\windows\System32\SHCORE.dll
0x00007ffea9700000 - 0x00007ffea9767000 	C:\windows\System32\shlwapi.dll
0x00007ffea7a20000 - 0x00007ffea7a49000 	C:\windows\SYSTEM32\profapi.dll
0x00007ffe73660000 - 0x00007ffe73678000 	c:\Users\zakar\.vscode\extensions\redhat.java-1.55.0-win32-x64\jre\21.0.11-win32-x86_64\bin\zip.dll
0x00007ffe95f90000 - 0x00007ffe95fa0000 	C:\Users\zakar\.vscode\extensions\redhat.java-1.55.0-win32-x64\jre\21.0.11-win32-x86_64\bin\net.dll
0x00007ffe9bd00000 - 0x00007ffe9be27000 	C:\windows\SYSTEM32\WINHTTP.dll
0x00007ffea6d30000 - 0x00007ffea6d9c000 	C:\windows\system32\mswsock.dll
0x00007ffe735b0000 - 0x00007ffe735c6000 	C:\Users\zakar\.vscode\extensions\redhat.java-1.55.0-win32-x64\jre\21.0.11-win32-x86_64\bin\nio.dll
0x00007ffe95ce0000 - 0x00007ffe95cf0000 	c:\Users\zakar\.vscode\extensions\redhat.java-1.55.0-win32-x64\jre\21.0.11-win32-x86_64\bin\verify.dll
0x00007ffe60810000 - 0x00007ffe60855000 	C:\Users\zakar\AppData\Roaming\Code\User\globalStorage\redhat.java\1.55.0\config_win\org.eclipse.equinox.launcher\org.eclipse.equinox.launcher.win32.win32.x86_64_1.3.100.v20260613-0559\eclipse_11924.dll
0x00007ffea9ea0000 - 0x00007ffeaa039000 	C:\windows\System32\ole32.dll
0x00007ffea7160000 - 0x00007ffea717b000 	C:\windows\SYSTEM32\CRYPTSP.dll
0x00007ffea6700000 - 0x00007ffea6739000 	C:\windows\system32\rsaenh.dll
0x00007ffea6df0000 - 0x00007ffea6e22000 	C:\windows\SYSTEM32\USERENV.dll
0x00007ffea79f0000 - 0x00007ffea7a1a000 	C:\windows\SYSTEM32\bcrypt.dll
0x00007ffea6fa0000 - 0x00007ffea6fac000 	C:\windows\SYSTEM32\CRYPTBASE.dll
0x00007ffea6200000 - 0x00007ffea6233000 	C:\windows\SYSTEM32\IPHLPAPI.DLL
0x00007ffeaa890000 - 0x00007ffeaa89a000 	C:\windows\System32\NSI.dll
0x00007ffe5c2a0000 - 0x00007ffe5c2e9000 	C:\Users\zakar\AppData\Local\Temp\jna-115665237\jna1990327417027510051.dll
0x00007ffea8610000 - 0x00007ffea8618000 	C:\windows\System32\PSAPI.DLL
0x00007ffe9d790000 - 0x00007ffe9d7ad000 	C:\windows\SYSTEM32\dhcpcsvc6.DLL
0x00007ffe9d760000 - 0x00007ffe9d785000 	C:\windows\SYSTEM32\dhcpcsvc.DLL
0x00007ffe69820000 - 0x00007ffe69847000 	C:\Users\zakar\.gradle\native\c067742578af261105cb4f569cf0c3c89f3d7b1fecec35dd04571415982c5e48\windows-amd64\native-platform.dll
0x00007ffe95bd0000 - 0x00007ffe95bda000 	C:\Users\zakar\.vscode\extensions\redhat.java-1.55.0-win32-x64\jre\21.0.11-win32-x86_64\bin\management.dll
0x00007ffe95a10000 - 0x00007ffe95a1c000 	C:\Users\zakar\.vscode\extensions\redhat.java-1.55.0-win32-x64\jre\21.0.11-win32-x86_64\bin\management_ext.dll
0x00007ffe95490000 - 0x00007ffe9549e000 	C:\Users\zakar\.vscode\extensions\redhat.java-1.55.0-win32-x64\jre\21.0.11-win32-x86_64\bin\sunmscapi.dll
0x00007ffea8090000 - 0x00007ffea8208000 	C:\windows\System32\CRYPT32.dll
0x00007ffea72d0000 - 0x00007ffea7300000 	C:\windows\SYSTEM32\ncrypt.dll
0x00007ffea7280000 - 0x00007ffea72bf000 	C:\windows\SYSTEM32\NTASN1.dll
0x00007ffea6240000 - 0x00007ffea6396000 	C:\windows\SYSTEM32\DNSAPI.dll
0x00007ffea6b50000 - 0x00007ffea6b5d000 	C:\windows\SYSTEM32\DSPARSE.dll
0x00007ffe9bb90000 - 0x00007ffe9bb9b000 	C:\Windows\System32\rasadhlp.dll
0x00007ffe9dfc0000 - 0x00007ffe9e046000 	C:\windows\System32\fwpuclnt.dll
0x00007ffe95880000 - 0x00007ffe95889000 	C:\Users\zakar\.vscode\extensions\redhat.java-1.55.0-win32-x64\jre\21.0.11-win32-x86_64\bin\extnet.dll
0x00007ffe7bef0000 - 0x00007ffe7bef8000 	C:\windows\system32\wshunix.dll

JVMTI agents:
c:\Users\zakar\.vscode\extensions\redhat.java-1.55.0-win32-x64\lombok\lombok-1.18.39-4050.jar path:c:\Users\zakar\.vscode\extensions\redhat.java-1.55.0-win32-x64\jre\21.0.11-win32-x86_64\bin\instrument.dll, loaded, initialized, instrumentlib options:none

dbghelp: loaded successfully - version: 4.0.5 - missing functions: none
symbol engine: initialized successfully - sym options: 0x614 - pdb path: .;c:\Users\zakar\.vscode\extensions\redhat.java-1.55.0-win32-x64\jre\21.0.11-win32-x86_64\bin;C:\windows\SYSTEM32;C:\windows\WinSxS\amd64_microsoft.windows.common-controls_6595b64144ccf1df_6.0.26100.8875_none_3e0d5d42e32fe9dd;c:\Users\zakar\.vscode\extensions\redhat.java-1.55.0-win32-x64\jre\21.0.11-win32-x86_64\bin\server;C:\Users\zakar\AppData\Roaming\Code\User\globalStorage\redhat.java\1.55.0\config_win\org.eclipse.equinox.launcher\org.eclipse.equinox.launcher.win32.win32.x86_64_1.3.100.v20260613-0559;C:\Users\zakar\AppData\Local\Temp\jna-115665237;C:\Users\zakar\.gradle\native\c067742578af261105cb4f569cf0c3c89f3d7b1fecec35dd04571415982c5e48\windows-amd64

VM Arguments:
jvm_args: --add-modules=ALL-SYSTEM --add-opens=java.base/java.util=ALL-UNNAMED --add-opens=java.base/java.lang=ALL-UNNAMED --add-opens=java.base/sun.nio.fs=ALL-UNNAMED -Declipse.application=org.eclipse.jdt.ls.core.id1 -Dosgi.bundles.defaultStartLevel=4 -Declipse.product=org.eclipse.jdt.ls.core.product -Djava.import.generatesMetadataFilesAtProjectRoot=false -DDetectVMInstallationsJob.disabled=true -Dfile.encoding=utf8 -XX:+UseParallelGC -XX:GCTimeRatio=4 -XX:AdaptiveSizePolicyWeight=90 -Dsun.zip.disableMemoryMapping=true -Xmx4G -Xms100m -Xlog:disable -javaagent:c:\Users\zakar\.vscode\extensions\redhat.java-1.55.0-win32-x64\lombok\lombok-1.18.39-4050.jar -XX:+HeapDumpOnOutOfMemoryError -XX:HeapDumpPath=c:\Users\zakar\AppData\Roaming\Code\User\workspaceStorage\bd5adb6d7e60b59cdb3dd6e214c1ffdd\redhat.java -Daether.dependencyCollector.impl=bf 
java_command: c:\Users\zakar\.vscode\extensions\redhat.java-1.55.0-win32-x64\server\plugins\org.eclipse.equinox.launcher_1.7.200.v20260619-2039.jar -configuration c:\Users\zakar\AppData\Roaming\Code\User\globalStorage\redhat.java\1.55.0\config_win -data c:\Users\zakar\AppData\Roaming\Code\User\workspaceStorage\bd5adb6d7e60b59cdb3dd6e214c1ffdd\redhat.java\jdt_ws --pipe=\\.\pipe\lsp-ddaffe1e22721c8e9bfabada71f69e81-sock
java_class_path (initial): c:\Users\zakar\.vscode\extensions\redhat.java-1.55.0-win32-x64\server\plugins\org.eclipse.equinox.launcher_1.7.200.v20260619-2039.jar
Launcher Type: SUN_STANDARD

[Global flags]
    uintx AdaptiveSizePolicyWeight                 = 90                                        {product} {command line}
     intx CICompilerCount                          = 4                                         {product} {ergonomic}
    uintx GCTimeRatio                              = 4                                         {product} {command line}
     bool HeapDumpOnOutOfMemoryError               = true                                   {manageable} {command line}
    ccstr HeapDumpPath                             = c:\Users\zakar\AppData\Roaming\Code\User\workspaceStorage\bd5adb6d7e60b59cdb3dd6e214c1ffdd\redhat.java         {manageable} {command line}
   size_t InitialHeapSize                          = 104857600                                 {product} {command line}
   size_t MaxHeapSize                              = 4294967296                                {product} {command line}
   size_t MaxNewSize                               = 1431306240                                {product} {ergonomic}
   size_t MinHeapDeltaBytes                        = 524288                                    {product} {ergonomic}
   size_t MinHeapSize                              = 104857600                                 {product} {command line}
   size_t NewSize                                  = 34603008                                  {product} {ergonomic}
    uintx NonNMethodCodeHeapSize                   = 5839372                                {pd product} {ergonomic}
    uintx NonProfiledCodeHeapSize                  = 122909434                              {pd product} {ergonomic}
   size_t OldSize                                  = 70254592                                  {product} {ergonomic}
    uintx ProfiledCodeHeapSize                     = 122909434                              {pd product} {ergonomic}
    uintx ReservedCodeCacheSize                    = 251658240                              {pd product} {ergonomic}
     bool SegmentedCodeCache                       = true                                      {product} {ergonomic}
   size_t SoftMaxHeapSize                          = 4294967296                             {manageable} {ergonomic}
     bool UseCompressedOops                        = true                           {product lp64_product} {ergonomic}
     bool UseLargePagesIndividualAllocation        = false                                  {pd product} {ergonomic}
     bool UseParallelGC                            = true                                      {product} {command line}

Logging:
Log output configuration:
 #0: stdout all=off uptime,level,tags foldmultilines=false
 #1: stderr all=off uptime,level,tags foldmultilines=false

Release file:
JAVA_VERSION="21.0.11" 
MODULES="java.base java.compiler java.datatransfer java.xml java.prefs java.desktop java.instrument java.logging java.management java.security.sasl java.naming java.rmi java.management.rmi java.net.http java.scripting java.security.jgss java.transaction.xa java.sql java.sql.rowset java.xml.crypto java.se java.smartcardio jdk.accessibility jdk.internal.jvmstat jdk.attach jdk.charsets jdk.internal.opt jdk.zipfs jdk.compiler jdk.crypto.ec jdk.crypto.cryptoki jdk.crypto.mscapi jdk.dynalink jdk.internal.ed jdk.editpad jdk.hotspot.agent jdk.httpserver jdk.internal.le jdk.internal.vm.ci jdk.internal.vm.compiler jdk.internal.vm.compiler.management jdk.jartool jdk.javadoc jdk.jcmd jdk.management jdk.management.agent jdk.jconsole jdk.jdeps jdk.jdwp.agent jdk.jdi jdk.jfr jdk.jshell jdk.jsobject jdk.jstatd jdk.localedata jdk.management.jfr jdk.naming.dns jdk.naming.rmi jdk.net jdk.nio.mapmode jdk.random jdk.sctp jdk.security.auth jdk.security.jgss jdk.unsupported jdk.unsupported.desktop jdk.xml.dom" 

Environment Variables:
PATH=C:\Python314\Scripts\;C:\Python314\;C:\Program Files\Eclipse Adoptium\jdk-21.0.9.10-hotspot\bin;C:\windows\system32;C:\windows;C:\windows\System32\Wbem;C:\windows\System32\WindowsPowerShell\v1.0\;C:\windows\System32\OpenSSH\;C:\Program Files\dotnet\;C:\Program Files\Git\cmd;C:\Program Files\nodejs\;C:\ProgramData\chocolatey\bin;C:\Program Files\Docker\Docker\resources\bin;C:\Users\zakar\AppData\Local\Microsoft\WindowsApps;C:\Users\zakar\AppData\Local\Programs\Microsoft VS Code\bin;C:\Users\zakar\AppData\Roaming\npm;C:\Users\zakar\.local\bin;C:\Users\zakar\AppData\Local\Google\Cloud SDK\google-cloud-sdk\bin
USERNAME=zakar
OS=Windows_NT
PROCESSOR_IDENTIFIER=Intel64 Family 6 Model 186 Stepping 3, GenuineIntel
TMP=C:\Users\zakar\AppData\Local\Temp
TEMP=C:\Users\zakar\AppData\Local\Temp




Periodic native trim disabled

---------------  S Y S T E M  ---------------

OS:
 Windows 11 , 64 bit Build 26100 (10.0.26100.8875)
OS uptime: 1 days 2:21 hours
Hyper-V role detected

CPU: total 12 (initial active 12) (6 cores per cpu, 2 threads per core) family 6 model 186 stepping 3 microcode 0x6134, cx8, cmov, fxsr, ht, mmx, 3dnowpref, sse, sse2, sse3, ssse3, sse4.1, sse4.2, popcnt, lzcnt, tsc, tscinvbit, avx, avx2, aes, erms, clmul, bmi1, bmi2, adx, sha, fma, vzeroupper, clflush, clflushopt, clwb, hv, serialize, rdtscp, rdpid, fsrm, f16c, cet_ibt, cet_ss
Processor Information for the first 12 processors :
  Max Mhz: 1400, Current Mhz: 1400, Mhz Limit: 1400

Memory: 4k page, system-wide physical 16068M (3945M free)
TotalPageFile size 65220M (AvailPageFile size 0M)
current process WorkingSet (physical memory assigned to process): 459M, peak: 1245M
current process commit charge ("private bytes"): 755M, peak: 3226M

vm_info: OpenJDK 64-Bit Server VM (21.0.11+10-LTS) for windows-amd64 JRE (21.0.11+10-LTS), built on 2026-04-21T00:00:00Z by "admin" with MS VC++ 17.12 (VS2022)

END.
